09-18 16:03:54.128  1671  1812 V WindowManager:         {WCT{RemoteToken{c8208ff Task{fb8f9b3 #20131 type=standard A=10632:com.luminari.lumiq}}} m=TO_FRONT f=MOVE_TO_TOP leash=Surface(name=Task=20131)/@0x53ba459 sb=Rect(0, 0 - 1344, 2992) eb=Rect(0, 0 - 1344, 2992) d=0},
09-18 16:03:54.128  1671  1812 V WindowManager:         {WCT{RemoteToken{1592535 Task{b3a3558 #1 type=undefined}}} m=TO_BACK f=SHOW_WALLPAPER leash=Surface(name=Task=1)/@0x1fb60c1 sb=Rect(0, 0 - 1344, 2992) eb=Rect(0, 0 - 1344, 2992) d=0}
09-18 16:03:54.128  1671  1812 V WindowManager:     ]}
09-18 16:03:54.129  2288  2308 V WindowManagerShell:  animated by firstHandler
09-18 16:03:54.129  1671  1766 W UserManagerService: Requested status bar icon for non-badged user 0
09-18 16:03:54.634  2288  2308 V WindowManagerShell: Transition animation finished (aborted=false), notifying core (#15949) android.os.BinderProxy@e7c06fb@0
09-18 16:03:54.637  1671  1812 V WindowManager: Finish Transition (#15949): created at 09-18 16:03:54.102 collect-started=0.026ms request-sent=6.129ms started=9.357ms ready=13.953ms sent=24.565ms finished=533.915ms
09-18 16:03:54.637  1671  2465 V WindowManager: Loading animations: layout params pkg=com.google.android.apps.nexuslauncher resId=0x10302fc
09-18 16:03:54.637  1671  2465 V WindowManager: Loading animations: picked package=android
09-18 16:03:54.637  1671  2465 V WindowManager: Loading animations: layout params pkg=com.google.android.apps.nexuslauncher resId=0x10302fc
09-18 16:03:54.637  1671  2465 V WindowManager: Loading animations: picked package=android
09-18 16:03:54.639  2288  2308 V WindowManagerShell: Track 0 became idle
09-18 16:03:54.639  2288  2308 V WindowManagerShell: All active transition animations finished
09-18 16:03:54.655  1671  1766 W UserManagerService: Requested status bar icon for non-badged user 0
09-18 16:03:54.659  1671  2465 W UserManagerService: Requested status bar icon for non-badged user 0
09-18 16:03:54.665  1671  4455 V WindowManager: Loading animations: layout params pkg=com.android.systemui resId=0x0
09-18 16:03:54.666  1671  2465 V NotificationManagerService$NotificationAssistants: notifyAssistantLocked() called with: sbn = [StatusBarNotification(pkg=com.tencent.mm user=UserHandle{0} id=-1626401220 tag=null key=0|com.tencent.mm|-1626401220|null|10274: Notification(channel=message_channel_new_id shortcut=null contentView=null vibrate=null sound=null tick defaults=0x0 flags=0x11 color=0x00000000 category=msg vis=PRIVATE))], sameUserOnly = [true], callback = [com.android.server.notification.NotificationManagerService$NotificationAssistants$$ExternalSyntheticLambda5@25e6b63]
09-18 16:03:54.666  1671  2465 V NotificationManagerService$NotificationAssistants: notifyAssistantLocked info=ManagedServiceInfo[component=ComponentInfo{com.google.android.as/com.google.android.apps.miphone.aiai.common.notification.service.AiAiNotificationAssistantService},userid=0,isSystem=false,targetSdkVersion=34,connection=<connection>,service=android.service.notification.INotificationListener$Stub$Proxy@3f4b2a8] snbVisible=true
09-18 16:03:54.666  1671  2465 V NotificationManagerService$NotificationAssistants: notifyAssistantLocked() called with: sbn = [StatusBarNotification(pkg=com.google.android.googlequicksearchbox user=UserHandle{0} id=0 tag=-776088250::a:snotification:[0x394,wx.f,NOTIFICATION] key=0|com.google.android.googlequicksearchbox|0|-776088250::a:snotification:[0x394,wx.f,NOTIFICATION]|10171: Notification(channel=71 shortcut=null contentView=null vibrate=null sound=null tick defaults=0x0 flags=0x8 color=0x00000000 groupKey=-776088250::SUMMARY::wx vis=PRIVATE))], sameUserOnly = [true], callback = [com.android.server.notification.NotificationManagerService$NotificationAssistants$$ExternalSyntheticLambda5@3d5b019]
09-18 16:03:54.666  1671  2465 V NotificationManagerService$NotificationAssistants: notifyAssistantLocked info=ManagedServiceInfo[component=ComponentInfo{com.google.android.as/com.google.android.apps.miphone.aiai.common.notification.service.AiAiNotificationAssistantService},userid=0,isSystem=false,targetSdkVersion=34,connection=<connection>,service=android.service.notification.INotificationListener$Stub$Proxy@3f4b2a8] snbVisible=true
09-18 16:03:56.676  1671  4455 D ActivityManager: sync unfroze 13471 app.revanced.android.gms for 7
09-18 16:03:56.772  1671  4455 D CompatibilityChangeReporter: Compat change id reported: 171306433; UID 10341; state: DISABLED
09-18 16:03:57.843  1671  2012 D ActivityManager: freezing 23608 com.whatsapp
09-18 16:04:01.259  1671  2465 W ProcessStats: Tracking association SourceState{cc3a287 com.google.android.gms.persistent/10165 Fgs #4568717} whose proc state 3 is better than process ProcessState{9bc9816 com.google.android.gms/10165 pkg=com.google.android.gms} proc state 14 (1608 skipped)
09-18 16:04:12.360  1671  2465 W ProcessStats: Tracking association SourceState{2ce22e2 system/1000 ImpFg #4568734} whose proc state 5 is better than process ProcessState{7c05c4e com.google.android.gms.persistent/10165 pkg=com.google.android.gms} proc state 14 (527 skipped)
09-18 16:04:13.999  1671  1830 D ActivityManager: sync unfroze 23608 com.whatsapp for 3
09-18 16:04:14.464  1671  5312 W ActivityManager: Background start not allowed: service Intent { act=com.whatsapp.messageservice.messaging.MessageService.START cmp=com.whatsapp/.messageservice.messaging.MessageService } to com.whatsapp/.messageservice.messaging.MessageService from pid=23608 uid=10296 pkg=com.whatsapp startFg?=false
09-18 16:04:16.102  2288  2308 V ShellRecents: RecentsTransitionHandler.startRecentsTransition
09-18 16:04:16.102  2288  2308 V WindowManagerShell: Directly starting a new transition type=3 wct=WindowContainerTransaction { changes = {} hops = [{PendingIntent: options=Bundle[mParcelledData.dataSize=412]}] errorCallbackToken=null taskFragmentOrganizer=null } handler=com.android.wm.shell.recents.RecentsTransitionHandler@942b9f8
09-18 16:04:16.110  2288  2308 V ShellRecents: [58408403] RecentsController.setTransition: id=android.os.BinderProxy@c81cd10
09-18 16:04:16.125  1671  1812 V WindowManager: Sent Transition (#15950) createdAt=09-18 16:04:16.103
09-18 16:04:16.125  1671  1812 V WindowManager:     startWCT=WindowContainerTransaction { changes = {} hops = [{PendingIntent: options=Bundle[{android.activity.splashScreenStyle=-1, android.activity.sourceInfo=android.app.ActivityOptions$SourceInfo@7a62020, android:activity.animAbortListener=null, android.activity.transientLaunch=true}]}] errorCallbackToken=null taskFragmentOrganizer=null }
09-18 16:04:16.125  1671  1812 V WindowManager:     info={id=15950 t=TO_FRONT f=0x80 trk=0 r=[0@Point(0, 0)] c=[
09-18 16:04:16.125  1671  1812 V WindowManager:         {WCT{RemoteToken{1592535 Task{b3a3558 #1 type=undefined}}} m=TO_FRONT f=SHOW_WALLPAPER|MOVE_TO_TOP leash=Surface(name=Task=1)/@0x1fb60c1 sb=Rect(0, 0 - 1344, 2992) eb=Rect(0, 0 - 1344, 2992) d=0},
09-18 16:04:16.125  1671  1812 V WindowManager:         {WCT{RemoteToken{c8208ff Task{fb8f9b3 #20131 type=standard A=10632:com.luminari.lumiq}}} m=TO_BACK f=NONE leash=Surface(name=Task=20131)/@0x53ba459 sb=Rect(0, 0 - 1344, 2992) eb=Rect(0, 0 - 1344, 2992) d=0},
09-18 16:04:16.125  1671  1812 V WindowManager:         {null m=TO_FRONT f=IS_WALLPAPER leash=Surface(name=WallpaperWindowToken{9feeed6 token=android.os.Binder@ff052f1})/@0xa5f3811 sb=Rect(0, 0 - 1344, 2992) eb=Rect(0, 0 - 1344, 2992) d=0}
09-18 16:04:16.125  1671  1812 V WindowManager:     ]}
09-18 16:04:16.126  2288  2308 V WindowManagerShell: onTransitionReady (#15950) android.os.BinderProxy@c81cd10: {id=15950 t=TO_FRONT f=0x80 trk=0 r=[0@Point(0, 0)] c=[{WCT{android.window.IWindowContainerToken$Stub$Proxy@2d0011a} m=TO_FRONT f=SHOW_WALLPAPER|MOVE_TO_TOP leash=Surface(name=Task=1)/@0xe94d20e sb=Rect(0, 0 - 1344, 2992) eb=Rect(0, 0 - 1344, 2992) d=0},{WCT{android.window.IWindowContainerToken$Stub$Proxy@702944b} m=TO_BACK f=NONE leash=Surface(name=Task=20131)/@0x231e42f sb=Rect(0, 0 - 1344, 2992) eb=Rect(0, 0 - 1344, 2992) d=0},{null m=TO_FRONT f=IS_WALLPAPER leash=Surface(name=WallpaperWindowToken{9feeed6 token=android.os.Binder@ff052f1})/@0xe1eaa3c sb=Rect(0, 0 - 1344, 2992) eb=Rect(0, 0 - 1344, 2992) d=0}]}
09-18 16:04:16.126  2288  2308 V WindowManagerShell: Playing animation for (#15950) android.os.BinderProxy@c81cd10@0
09-18 16:04:16.127  1671  1766 W UserManagerService: Requested status bar icon for non-badged user 0
09-18 16:04:16.128  2288  2308 V WindowManagerShell:  try firstHandler com.android.wm.shell.recents.RecentsTransitionHandler@942b9f8
09-18 16:04:16.128  2288  2308 V ShellRecents: [58408403] RecentsController.start
09-18 16:04:16.128  1671  1816 V WindowManager: Loading animations: layout params pkg=com.google.android.apps.nexuslauncher resId=0x10302fc
09-18 16:04:16.128  1671  1816 V WindowManager: Loading animations: picked package=android
09-18 16:04:16.129  2288  2308 V ShellRecents:   adding pausing leaf taskId=20131 at layer=8
09-18 16:04:16.130  2288  2308 V ShellRecents: [58408403] RecentsController.start: calling onAnimationStart
09-18 16:04:16.131  2288  2308 V WindowManagerShell:  animated by firstHandler
09-18 16:04:16.132  2288  2308 V ShellRecents: [58408403] RecentsController.setInputConsumerEnabled: set focus to recents
09-18 16:04:16.141  2288 19889 V ShellRecents: [58408403] RecentsController.detachNavigationBarFromApp
09-18 16:04:16.142  1671  2032 E HandwritingModeController: Cannot get requestId: Handwriting was not initialized.
09-18 16:04:16.142  2288  2308 D WindowManagerShell: setLauncherKeepClearAreaHeight: visible=true, height=576
09-18 16:04:16.148  1671  1815 V WindowManager: Unknown focus tokens, dropping reportFocusChanged
09-18 16:04:16.748  2288 19889 V ShellRecents: [58408403] RecentsController.screenshotTask: taskId=20131
09-18 16:04:16.761  2288  2308 V ShellRecents: [58408403] RecentsController.finishInner: toHome=true userLeave=true willFinishToHome=true state=0
09-18 16:04:16.761  2288  2308 V ShellRecents:   normal finish
09-18 16:04:16.761  2288  2308 V ShellRecents: [58408403] RecentsController.cleanup
09-18 16:04:16.761  2288  2308 V WindowManagerShell: Transition animation finished (aborted=false), notifying core (#15950) android.os.BinderProxy@c81cd10@0
09-18 16:04:16.762  1671  1812 V WindowManager: Finish Transition (#15950): created at 09-18 16:04:16.103 collect-started=0.251ms started=0.381ms ready=4.925ms sent=20.833ms finished=659.595ms
09-18 16:04:16.764  1671  1766 V WindowManager: Loading animations: layout params pkg=com.luminari.lumiq resId=0x1030308
09-18 16:04:16.764  1671  1766 V WindowManager: Loading animations: picked package=android
09-18 16:04:16.765  2288  2308 V WindowManagerShell: Track 0 became idle
09-18 16:04:16.765  2288  2308 V WindowManagerShell: All active transition animations finished
09-18 16:04:16.765  2288  2308 V ShellRecents: [58408403] RecentsController.finishInner: calling finish callback
09-18 16:04:16.766  1671  5312 W UserManagerService: Requested status bar icon for non-badged user 0
09-18 16:04:16.767  1671  5312 W UserManagerService: Requested status bar icon for non-badged user 0
09-18 16:04:16.775  1671  1815 V WindowManager: Unknown focus tokens, dropping reportFocusChanged
09-18 16:04:17.414  1671  1922 D CompatibilityChangeReporter: Compat change id reported: 171306433; UID 10165; state: ENABLED
09-18 16:04:17.486  1671  1671 V NotificationManagerService$NotificationAssistants: onNotificationEnqueuedLocked() called with: r = [NotificationRecord(0x01ddb2ac: pkg=com.luminari.lumiq user=UserHandle{0} id=0 tag=FCM-Notification:1253700839 importance=3 key=0|com.luminari.lumiq|0|FCM-Notification:1253700839|10632: Notification(channel=fcm_fallback_notification_channel shortcut=null contentView=null vibrate=null sound=null defaults=0x0 flags=0x10 color=0x00000000 vis=PRIVATE))]
09-18 16:04:17.487  1671  1671 V NotificationManagerService$NotificationAssistants: calling onNotificationEnqueuedWithChannel com.android.server.notification.NotificationManagerService$StatusBarNotificationHolder@4ddab75
09-18 16:04:18.405  1671  1816 V WindowManager: Loading animations: layout params pkg=com.android.systemui resId=0x0
09-18 16:04:18.415  1671  4455 D SystemServerTiming: getUserSwitchability-0
09-18 16:04:18.415  1671  4455 D SystemServerTiming: TM.isInCall
09-18 16:04:18.416  1671  4455 D SystemServerTiming: hasUserRestriction-DISALLOW_USER_SWITCH
09-18 16:04:18.416  1671  4455 D SystemServerTiming: getInt-ALLOW_USER_SWITCHING_WHEN_SYSTEM_USER_LOCKED
09-18 16:04:18.416  1671  4455 D SystemServerTiming: isUserUnlocked-USER_SYSTEM
09-18 16:04:18.424  1671  4455 D SystemServerTiming: getUserSwitchability-0
09-18 16:04:18.424  1671  4455 D SystemServerTiming: TM.isInCall
09-18 16:04:18.425  1671  4455 D SystemServerTiming: hasUserRestriction-DISALLOW_USER_SWITCH
09-18 16:04:18.425  1671  4455 D SystemServerTiming: getInt-ALLOW_USER_SWITCHING_WHEN_SYSTEM_USER_LOCKED
09-18 16:04:18.425  1671  4455 D SystemServerTiming: isUserUnlocked-USER_SYSTEM
09-18 16:04:18.910  1671  3086 V NotificationManagerService$NotificationAssistants: notifyAssistantLocked() called with: sbn = [StatusBarNotification(pkg=com.tencent.mm user=UserHandle{0} id=-1626401220 tag=null key=0|com.tencent.mm|-1626401220|null|10274: Notification(channel=message_channel_new_id shortcut=null contentView=null vibrate=null sound=null tick defaults=0x0 flags=0x11 color=0x00000000 category=msg vis=PRIVATE))], sameUserOnly = [true], callback = [com.android.server.notification.NotificationManagerService$NotificationAssistants$$ExternalSyntheticLambda5@e715be5]
09-18 16:04:18.910  1671  3086 V NotificationManagerService$NotificationAssistants: notifyAssistantLocked info=ManagedServiceInfo[component=ComponentInfo{com.google.android.as/com.google.android.apps.miphone.aiai.common.notification.service.AiAiNotificationAssistantService},userid=0,isSystem=false,targetSdkVersion=34,connection=<connection>,service=android.service.notification.INotificationListener$Stub$Proxy@3f4b2a8] snbVisible=true
09-18 16:04:18.911  1671  3086 V NotificationManagerService$NotificationAssistants: notifyAssistantLocked() called with: sbn = [StatusBarNotification(pkg=com.google.android.googlequicksearchbox user=UserHandle{0} id=0 tag=-776088250::a:snotification:[0x394,wx.f,NOTIFICATION] key=0|com.google.android.googlequicksearchbox|0|-776088250::a:snotification:[0x394,wx.f,NOTIFICATION]|10171: Notification(channel=71 shortcut=null contentView=null vibrate=null sound=null tick defaults=0x0 flags=0x8 color=0x00000000 groupKey=-776088250::SUMMARY::wx vis=PRIVATE))], sameUserOnly = [true], callback = [com.android.server.notification.NotificationManagerService$NotificationAssistants$$ExternalSyntheticLambda5@86216ba]
09-18 16:04:18.911  1671  3086 V NotificationManagerService$NotificationAssistants: notifyAssistantLocked info=ManagedServiceInfo[component=ComponentInfo{com.google.android.as/com.google.android.apps.miphone.aiai.common.notification.service.AiAiNotificationAssistantService},userid=0,isSystem=false,targetSdkVersion=34,connection=<connection>,service=android.service.notification.INotificationListener$Stub$Proxy@3f4b2a8] snbVisible=true
09-18 16:04:18.913  1671  3086 V NotificationManagerService$NotificationAssistants: notifyAssistantLocked() called with: sbn = [StatusBarNotification(pkg=com.luminari.lumiq user=UserHandle{0} id=0 tag=FCM-Notification:1253700839 key=0|com.luminari.lumiq|0|FCM-Notification:1253700839|10632: Notification(channel=fcm_fallback_notification_channel shortcut=null contentView=null vibrate=null sound=null defaults=0x0 flags=0x10 color=0x00000000 vis=PRIVATE))], sameUserOnly = [true], callback = [com.android.server.notification.NotificationManagerService$NotificationAssistants$$ExternalSyntheticLambda5@28c896b]
09-18 16:04:18.913  1671  3086 V NotificationManagerService$NotificationAssistants: notifyAssistantLocked info=ManagedServiceInfo[component=ComponentInfo{com.google.android.as/com.google.android.apps.miphone.aiai.common.notification.service.AiAiNotificationAssistantService},userid=0,isSystem=false,targetSdkVersion=34,connection=<connection>,service=android.service.notification.INotificationListener$Stub$Proxy@3f4b2a8] snbVisible=true
09-18 16:04:18.915  1671  1766 V NotificationManagerService$NotificationAssistants: notifyAssistantLocked() called with: sbn = [StatusBarNotification(pkg=com.luminari.lumiq user=UserHandle{0} id=0 tag=FCM-Notification:1253700839 key=0|com.luminari.lumiq|0|FCM-Notification:1253700839|10632: Notification(channel=fcm_fallback_notification_channel shortcut=null contentView=null vibrate=null sound=null defaults=0x0 flags=0x10 color=0x00000000 vis=PRIVATE))], sameUserOnly = [true], callback = [com.android.server.notification.NotificationManagerService$NotificationAssistants$$ExternalSyntheticLambda3@b774cc8]
09-18 16:04:18.915  1671  1766 V NotificationManagerService$NotificationAssistants: notifyAssistantLocked info=ManagedServiceInfo[component=ComponentInfo{com.google.android.as/com.google.android.apps.miphone.aiai.common.notification.service.AiAiNotificationAssistantService},userid=0,isSystem=false,targetSdkVersion=34,connection=<connection>,service=android.service.notification.INotificationListener$Stub$Proxy@3f4b2a8] snbVisible=true
09-18 16:04:20.068  1671  1766 V NotificationManagerService$NotificationAssistants: notifyAssistantLocked() called with: sbn = [StatusBarNotification(pkg=com.luminari.lumiq user=UserHandle{0} id=0 tag=FCM-Notification:1253700839 key=0|com.luminari.lumiq|0|FCM-Notification:1253700839|10632: Notification(channel=fcm_fallback_notification_channel shortcut=null contentView=null vibrate=null sound=null defaults=0x0 flags=0x10 color=0x00000000 vis=PRIVATE))], sameUserOnly = [true], callback = [com.android.server.notification.NotificationManagerService$NotificationAssistants$$ExternalSyntheticLambda3@5e0d161]
09-18 16:04:20.068  1671  1766 V NotificationManagerService$NotificationAssistants: notifyAssistantLocked info=ManagedServiceInfo[component=ComponentInfo{com.google.android.as/com.google.android.apps.miphone.aiai.common.notification.service.AiAiNotificationAssistantService},userid=0,isSystem=false,targetSdkVersion=34,connection=<connection>,service=android.service.notification.INotificationListener$Stub$Proxy@3f4b2a8] snbVisible=true
09-18 16:04:20.615  1671  4455 D ActivityManager: sync unfroze 24922 com.google.android.apps.messaging for 7
09-18 16:04:20.620  1671  1766 I ActivityTaskManager: START u0 {act=android.intent.action.MAIN cat=[android.intent.category.LAUNCHER] flg=0x14000000 pkg=com.luminari.lumiq cmp=com.luminari.lumiq/.MainActivity (has extras)} with LAUNCH_SINGLE_TASK from uid 10632 (realCallingUid=10225) (BAL_ALLOW_VISIBLE_WINDOW) result code=2
09-18 16:04:20.620  2288  2308 V WindowManagerShell: Transition requested (#15951): android.os.BinderProxy@e7fd289 TransitionRequestInfo { type = OPEN, triggerTask = TaskInfo{userId=0 taskId=20131 displayId=0 isRunning=true baseIntent=Intent { act=android.intent.action.VIEW dat=lumiq://expo-development-client/... flg=0x10000000 cmp=com.luminari.lumiq/.MainActivity } baseActivity=ComponentInfo{com.luminari.lumiq/com.luminari.lumiq.MainActivity} topActivity=ComponentInfo{com.luminari.lumiq/com.luminari.lumiq.MainActivity} origActivity=null realActivity=ComponentInfo{com.luminari.lumiq/com.luminari.lumiq.MainActivity} numActivities=1 lastActiveTime=3208176124 supportsMultiWindow=true resizeMode=1 isResizeable=true minWidth=-1 minHeight=-1 defaultMinSize=220 token=WCT{android.window.IWindowContainerToken$Stub$Proxy@d88928e} topActivityType=1 pictureInPictureParams=null shouldDockBigOverlays=false launchIntoPipHostTaskId=-1 lastParentTaskIdBeforePip=-1 displayCutoutSafeInsets=Rect(0, 151 - 0, 0) topActivityInfo=ActivityInfo{7a1daaf com.luminari.lumiq.MainActivity} launchCookies=[] positionInParent=Point(0, 0) parentTaskId=-1 isFocused=false isVisible=false isVisibleRequested=false isSleeping=false locusId=null displayAreaFeatureId=1 isTopActivityTransparent=false appCompatTaskInfo=AppCompatTaskInfo { topActivityInSizeCompat=false topActivityEligibleForLetterboxEducation= false isLetterboxDoubleTapEnabled= false topActivityEligibleForUserAspectRatioButton= false topActivityBoundsLetterboxed= false isFromLetterboxDoubleTap= false topActivityLetterboxVerticalPosition= -1 topActivityLetterboxHorizontalPosition= -1 topActivityLetterboxWidth=1344 topActivityLetterboxHeight=2992 isUserFullscreenOverrideEnabled=false isSystemFullscreenOverrideEnabled=false cameraCompatControlState=hidden}}, pipTask = null, remoteTransition = RemoteTransition { remoteTransition = com.android.systemui.animation.RemoteAnimationRunnerCompat$1@2e59ebc, appThread = null, debugName = SysUILaunch }, displayChange = null, flags = 0, debugId = 15951 }
09-18 16:04:20.620  2288  2308 V WindowManagerShell: RemoteTransition directly requested for (#15951) android.os.BinderProxy@e7fd289: RemoteTransition { remoteTransition = com.android.systemui.animation.RemoteAnimationRunnerCompat$1@2e59ebc, appThread = null, debugName = SysUILaunch }
09-18 16:04:20.621  1671  5312 V NotificationManagerService$NotificationAssistants: notifyAssistantLocked() called with: sbn = [StatusBarNotification(pkg=com.luminari.lumiq user=UserHandle{0} id=0 tag=FCM-Notification:1253700839 key=0|com.luminari.lumiq|0|FCM-Notification:1253700839|10632: Notification(channel=fcm_fallback_notification_channel shortcut=null contentView=null vibrate=null sound=null defaults=0x0 flags=0x10 color=0x00000000 vis=PRIVATE))], sameUserOnly = [true], callback = [com.android.server.notification.NotificationManagerService$NotificationAssistants$$ExternalSyntheticLambda1@fc3fe5e]
09-18 16:04:20.621  1671  5312 V NotificationManagerService$NotificationAssistants: notifyAssistantLocked info=ManagedServiceInfo[component=ComponentInfo{com.google.android.as/com.google.android.apps.miphone.aiai.common.notification.service.AiAiNotificationAssistantService},userid=0,isSystem=false,targetSdkVersion=34,connection=<connection>,service=android.service.notification.INotificationListener$Stub$Proxy@3f4b2a8] snbVisible=true
09-18 16:04:20.623  2288  2308 D WindowManagerShell: setLauncherKeepClearAreaHeight: visible=false, height=576
09-18 16:04:20.632  1671  2004 D CompatibilityChangeReporter: Compat change id reported: 271850009; UID 10166; state: ENABLED
09-18 16:04:20.633  1671  2004 D ActivityManager: sync unfroze 15411 com.google.android.as.oss for 6
09-18 16:04:20.634  2288  2308 V WindowManagerShell: onTransitionReady (#15951) android.os.BinderProxy@e7fd289: {id=15951 t=OPEN f=0x0 trk=0 r=[0@Point(0, 0)] c=[{WCT{android.window.IWindowContainerToken$Stub$Proxy@8c70a7} m=TO_FRONT f=MOVE_TO_TOP leash=Surface(name=Task=20131)/@0x1cbeaa8 sb=Rect(0, 0 - 1344, 2992) eb=Rect(0, 0 - 1344, 2992) d=0},{WCT{android.window.IWindowContainerToken$Stub$Proxy@e490954} m=TO_BACK f=SHOW_WALLPAPER leash=Surface(name=Task=1)/@0xb4249c1 sb=Rect(0, 0 - 1344, 2992) eb=Rect(0, 0 - 1344, 2992) d=0}]}
09-18 16:04:20.634  2288  2308 V WindowManagerShell: Playing animation for (#15951) android.os.BinderProxy@e7fd289@0
09-18 16:04:20.634  2288  2308 V WindowManagerShell:  try firstHandler com.android.wm.shell.transition.DefaultMixedHandler@831fef6
09-18 16:04:20.634  2288  2308 V WindowManagerShell: Mixed transition for opening an intent with a remote transition and PIP #15951
09-18 16:04:20.634  2288  2308 V WindowManagerShell:  Delegate animation for (#15951) to RemoteTransition { remoteTransition = com.android.systemui.animation.RemoteAnimationRunnerCompat$1@2e59ebc, appThread = null, debugName = SysUILaunch }
09-18 16:04:20.634  2288  2308 V WindowManagerShell:  animated by firstHandler
09-18 16:04:20.635  1671  4546 W UserManagerService: Requested status bar icon for non-badged user 0
09-18 16:04:20.636  2288  2308 D WindowManagerShell: onActivityRestartAttempt: ComponentInfo{com.luminari.lumiq/com.luminari.lumiq.MainActivity}
09-18 16:04:20.644  1671  1812 V WindowManager: Sent Transition (#15951) createdAt=09-18 16:04:20.614 via request=TransitionRequestInfo { type = OPEN, triggerTask = TaskInfo{userId=0 taskId=20131 displayId=0 isRunning=true baseIntent=Intent { act=android.intent.action.VIEW dat=lumiq://expo-development-client/... flg=0x10000000 cmp=com.luminari.lumiq/.MainActivity } baseActivity=ComponentInfo{com.luminari.lumiq/com.luminari.lumiq.MainActivity} topActivity=ComponentInfo{com.luminari.lumiq/com.luminari.lumiq.MainActivity} origActivity=null realActivity=ComponentInfo{com.luminari.lumiq/com.luminari.lumiq.MainActivity} numActivities=1 lastActiveTime=3208176124 supportsMultiWindow=true resizeMode=1 isResizeable=true minWidth=-1 minHeight=-1 defaultMinSize=220 token=WCT{RemoteToken{c8208ff Task{fb8f9b3 #20131 type=standard A=10632:com.luminari.lumiq}}} topActivityType=1 pictureInPictureParams=null shouldDockBigOverlays=false launchIntoPipHostTaskId=-1 lastParentTaskIdBeforePip=-1 displayCutoutSafeInsets=Rect(0, 151 - 0, 0) topActivityInfo=ActivityInfo{a047b22 com.luminari.lumiq.MainActivity} launchCookies=[] positionInParent=Point(0, 0) parentTaskId=-1 isFocused=false isVisible=false isVisibleRequested=false isSleeping=false locusId=null displayAreaFeatureId=1 isTopActivityTransparent=false appCompatTaskInfo=AppCompatTaskInfo { topActivityInSizeCompat=false topActivityEligibleForLetterboxEducation= false isLetterboxDoubleTapEnabled= false topActivityEligibleForUserAspectRatioButton= false topActivityBoundsLetterboxed= false isFromLetterboxDoubleTap= false topActivityLetterboxVerticalPosition= -1 topActivityLetterboxHorizontalPosition= -1 topActivityLetterboxWidth=1344 topActivityLetterboxHeight=2992 isUserFullscreenOverrideEnabled=false isSystemFullscreenOverrideEnabled=false cameraCompatControlState=hidden}}, pipTask = null, remoteTransition = RemoteTransition { remoteTransition = android.window.IRemoteTransition$Stub$Proxy@eb4192f, appThread = null, debugName = SysUILaunch }, displayChange = null, flags = 0, debugId = 15951 }
09-18 16:04:20.644  1671  1812 V WindowManager:     startWCT=WindowContainerTransaction { changes = {} hops = [] errorCallbackToken=null taskFragmentOrganizer=null }
09-18 16:04:20.644  1671  1812 V WindowManager:     info={id=15951 t=OPEN f=0x0 trk=0 r=[0@Point(0, 0)] c=[
09-18 16:04:20.644  1671  1812 V WindowManager:         {WCT{RemoteToken{c8208ff Task{fb8f9b3 #20131 type=standard A=10632:com.luminari.lumiq}}} m=TO_FRONT f=MOVE_TO_TOP leash=Surface(name=Task=20131)/@0x53ba459 sb=Rect(0, 0 - 1344, 2992) eb=Rect(0, 0 - 1344, 2992) d=0},
09-18 16:04:20.644  1671  1812 V WindowManager:         {WCT{RemoteToken{1592535 Task{b3a3558 #1 type=undefined}}} m=TO_BACK f=SHOW_WALLPAPER leash=Surface(name=Task=1)/@0x1fb60c1 sb=Rect(0, 0 - 1344, 2992) eb=Rect(0, 0 - 1344, 2992) d=0}
09-18 16:04:20.644  1671  1812 V WindowManager:     ]}
09-18 16:04:20.651  1671  3086 W JobScheduler: Job didn't exist in JobStore: 9b13a1 #u0a166/-1192640591 com.google.android.as.oss/com.google.android.gms.learning.internal.training.InAppJobService
09-18 16:04:21.140  2288  2308 V WindowManagerShell: Transition animation finished (aborted=false), notifying core (#15951) android.os.BinderProxy@e7fd289@0
09-18 16:04:21.142  1671  1812 V WindowManager: Finish Transition (#15951): created at 09-18 16:04:20.614 collect-started=0.029ms request-sent=4.937ms started=8.319ms ready=11.402ms sent=17.122ms finished=527.437ms
09-18 16:04:21.142  1671  4546 V WindowManager: Loading animations: layout params pkg=com.google.android.apps.nexuslauncher resId=0x10302fc
09-18 16:04:21.142  1671  4546 V WindowManager: Loading animations: picked package=android
09-18 16:04:21.143  1671  4546 V WindowManager: Loading animations: layout params pkg=com.google.android.apps.nexuslauncher resId=0x10302fc
09-18 16:04:21.143  1671  4546 V WindowManager: Loading animations: picked package=android
09-18 16:04:21.144  2288  2308 V WindowManagerShell: Track 0 became idle
09-18 16:04:21.144  2288  2308 V WindowManagerShell: All active transition animations finished
09-18 16:04:21.159  1671  3086 V NotificationManagerService$NotificationAssistants: notifyAssistantLocked() called with: sbn = [StatusBarNotification(pkg=com.tencent.mm user=UserHandle{0} id=-1626401220 tag=null key=0|com.tencent.mm|-1626401220|null|10274: Notification(channel=message_channel_new_id shortcut=null contentView=null vibrate=null sound=null tick defaults=0x0 flags=0x11 color=0x00000000 category=msg vis=PRIVATE))], sameUserOnly = [true], callback = [com.android.server.notification.NotificationManagerService$NotificationAssistants$$ExternalSyntheticLambda5@3d25258]
09-18 16:04:21.159  1671  3086 V NotificationManagerService$NotificationAssistants: notifyAssistantLocked info=ManagedServiceInfo[component=ComponentInfo{com.google.android.as/com.google.android.apps.miphone.aiai.common.notification.service.AiAiNotificationAssistantService},userid=0,isSystem=false,targetSdkVersion=34,connection=<connection>,service=android.service.notification.INotificationListener$Stub$Proxy@3f4b2a8] snbVisible=true
09-18 16:04:21.159  1671  3086 V NotificationManagerService$NotificationAssistants: notifyAssistantLocked() called with: sbn = [StatusBarNotification(pkg=com.google.android.googlequicksearchbox user=UserHandle{0} id=0 tag=-776088250::a:snotification:[0x394,wx.f,NOTIFICATION] key=0|com.google.android.googlequicksearchbox|0|-776088250::a:snotification:[0x394,wx.f,NOTIFICATION]|10171: Notification(channel=71 shortcut=null contentView=null vibrate=null sound=null tick defaults=0x0 flags=0x8 color=0x00000000 groupKey=-776088250::SUMMARY::wx vis=PRIVATE))], sameUserOnly = [true], callback = [com.android.server.notification.NotificationManagerService$NotificationAssistants$$ExternalSyntheticLambda5@db40fb1]
09-18 16:04:21.159  1671  3086 V NotificationManagerService$NotificationAssistants: notifyAssistantLocked info=ManagedServiceInfo[component=ComponentInfo{com.google.android.as/com.google.android.apps.miphone.aiai.common.notification.service.AiAiNotificationAssistantService},userid=0,isSystem=false,targetSdkVersion=34,connection=<connection>,service=android.service.notification.INotificationListener$Stub$Proxy@3f4b2a8] snbVisible=true
09-18 16:04:21.165  1671  4546 W UserManagerService: Requested status bar icon for non-badged user 0
09-18 16:04:21.166  1671  1766 W UserManagerService: Requested status bar icon for non-badged user 0
09-18 16:04:21.176  1671  4455 V WindowManager: Loading animations: layout params pkg=com.android.systemui resId=0x0
09-18 16:04:24.656  1671  2012 D ActivityManager: freezing 23608 com.whatsapp
09-18 16:04:26.473  1671  1766 W ProcessStats: Tracking association SourceState{2ce22e2 system/1000 ImpFg #4568795} whose proc state 5 is better than process ProcessState{7c05c4e com.google.android.gms.persistent/10165 pkg=com.google.android.gms} proc state 14 (1426 skipped)
09-18 16:04:26.651  2288  3862 D PowerUI : can't show warning due to - plugged: true status unknown: false
09-18 16:04:26.921  1671  2012 D ActivityManager: freezing 31131 com.mgoogle.android.gms
09-18 16:04:27.159  1671  3086 D CompatibilityChangeReporter: Compat change id reported: 161145287; UID 10165; state: ENABLED
09-18 16:04:30.665  1671  2012 D ActivityManager: freezing 15411 com.google.android.as.oss
09-18 16:04:37.555  1671  3086 W ProcessStats: Tracking association SourceState{2ce22e2 system/1000 ImpFg #4568815} whose proc state 5 is better than process ProcessState{7c05c4e com.google.android.gms.persistent/10165 pkg=com.google.android.gms} proc state 14 (536 skipped)
09-18 16:04:40.750  1671  1830 D ActivityManager: sync unfroze 23608 com.whatsapp for 3
09-18 16:04:40.800  1671  2004 D ActivityManager: sync unfroze 15411 com.google.android.as.oss for 6
09-18 16:04:40.867  1671  5312 W JobScheduler: Job didn't exist in JobStore: cb044b4 #u0a166/-578294288 com.google.android.as.oss/com.google.android.gms.learning.internal.training.InAppJobService
09-18 16:04:40.899  1671  5312 W JobScheduler: Job didn't exist in JobStore: dfceb23 #u0a166/-1909303987 com.google.android.as.oss/com.google.android.gms.learning.internal.training.InAppJobService
09-18 16:04:40.914  1671  5312 W JobScheduler: Job didn't exist in JobStore: 79b1b9e #u0a166/-814368097 com.google.android.as.oss/com.google.android.gms.learning.internal.training.InAppJobService
09-18 16:04:40.934  1671  4447 W JobScheduler: Job didn't exist in JobStore: c1cb695 #u0a166/-782930206 com.google.android.as.oss/com.google.android.gms.learning.internal.training.InAppJobService
09-18 16:04:40.951  1671  3086 W JobScheduler: Job didn't exist in JobStore: 427ab38 #u0a166/-144569728 com.google.android.as.oss/com.google.android.gms.learning.internal.training.InAppJobService
09-18 16:04:40.975  1671  3086 W JobScheduler: Job didn't exist in JobStore: 3255677 #u0a166/-638764459 com.google.android.as.oss/com.google.android.gms.learning.internal.training.InAppJobService
09-18 16:04:40.988  1671  5312 W JobScheduler: Job didn't exist in JobStore: 404ae02 #u0a166/-1967367952 com.google.android.as.oss/com.google.android.gms.learning.internal.training.InAppJobService
09-18 16:04:40.998  1671  3086 W JobScheduler: Job didn't exist in JobStore: 516a749 #u0a166/-648439940 com.google.android.as.oss/com.google.android.gms.learning.internal.training.InAppJobService
09-18 16:04:41.022  1671  5312 W JobScheduler: Job didn't exist in JobStore: 1870a7c #u0a166/-286677079 com.google.android.as.oss/com.google.android.gms.learning.internal.training.InAppJobService
09-18 16:04:41.033  1671  5312 W JobScheduler: Job didn't exist in JobStore: 5bda18b #u0a166/-1679289975 com.google.android.as.oss/com.google.android.gms.learning.internal.training.InAppJobService
09-18 16:04:41.046  1671  3086 W JobScheduler: Job didn't exist in JobStore: 9987326 #u0a166/-1517128893 com.google.android.as.oss/com.google.android.gms.learning.internal.training.InAppJobService
09-18 16:04:41.061  1671  3086 W JobScheduler: Job didn't exist in JobStore: deb79bd #u0a166/-1670948438 com.google.android.as.oss/com.google.android.gms.learning.internal.training.InAppJobService
09-18 16:04:41.073  1671  3086 W JobScheduler: Job didn't exist in JobStore: d310680 #u0a166/-280572046 com.google.android.as.oss/com.google.android.gms.learning.internal.training.InAppJobService
09-18 16:04:41.081  1671  5312 W JobScheduler: Job didn't exist in JobStore: 7f3c05f #u0a166/-1756796018 com.google.android.as.oss/com.google.android.gms.learning.internal.training.InAppJobService
09-18 16:04:41.086  1671  3086 W JobScheduler: Job didn't exist in JobStore: fe00aac #u0a166/-1269679295 com.google.android.as.oss/com.google.android.gms.learning.internal.training.InAppJobService
09-18 16:04:41.091  1671  3086 W JobScheduler: Job didn't exist in JobStore: 2ad2375 #u0a166/-2127835104 com.google.android.as.oss/com.google.android.gms.learning.internal.training.InAppJobService
09-18 16:04:41.099  1671  5312 W JobScheduler: Job didn't exist in JobStore: 603ef0a #u0a166/-939763582 com.google.android.as.oss/com.google.android.gms.learning.internal.training.InAppJobService
09-18 16:04:41.105  1671  3086 W JobScheduler: Job didn't exist in JobStore: e3e037b #u0a166/-1802126782 com.google.android.as.oss/com.google.android.gms.learning.internal.training.InAppJobService
09-18 16:04:41.112  1671  3086 W JobScheduler: Job didn't exist in JobStore: 1992598 #u0a166/-205649338 com.google.android.as.oss/com.google.android.gms.learning.internal.training.InAppJobService
09-18 16:04:41.156  1671  3086 W ActivityManager: Background start not allowed: service Intent { act=com.whatsapp.messageservice.messaging.MessageService.START cmp=com.whatsapp/.messageservice.messaging.MessageService } to com.whatsapp/.messageservice.messaging.MessageService from pid=23608 uid=10296 pkg=com.whatsapp startFg?=false
09-18 16:04:50.629  1671  2004 W ProcessStats: Tracking association SourceState{b13b45c com.tencent.mm/10274 Service #4568871} whose proc state 8 is better than process ProcessState{a3a85b9 com.tencent.mm:push/10274 pkg=com.tencent.mm} proc state 14 (346 skipped)
09-18 16:04:50.858  1671  3086 D ActivityManager: sync unfroze 31131 com.mgoogle.android.gms for 7
09-18 16:04:51.115  1671  2012 D ActivityManager: freezing 15411 com.google.android.as.oss
09-18 16:04:51.337  1671  2012 D ActivityManager: freezing 23608 com.whatsapp
09-18 16:05:00.661  1671  2012 D ActivityManager: freezing 24922 com.google.android.apps.messaging
09-18 16:05:00.666  1671  2012 D ActivityManager: freezing 14194 android.process.acore
09-18 16:05:00.668  1671  2012 D ActivityManager: freezing 13471 app.revanced.android.gms
09-18 16:05:06.798  1671  4447 W ProcessStats: Tracking association SourceState{2ce22e2 system/1000 ImpFg #4568889} whose proc state 5 is better than process ProcessState{7c05c4e com.google.android.gms.persistent/10165 pkg=com.google.android.gms} proc state 14 (439 skipped)
09-18 16:05:07.430  1671  1830 D ActivityManager: sync unfroze 23608 com.whatsapp for 3
09-18 16:05:07.867  1671  3086 W ActivityManager: Background start not allowed: service Intent { act=com.whatsapp.messageservice.messaging.MessageService.START cmp=com.whatsapp/.messageservice.messaging.MessageService } to com.whatsapp/.messageservice.messaging.MessageService from pid=23608 uid=10296 pkg=com.whatsapp startFg?=false
09-18 16:05:10.377  1671  1766 D ActivityManager: sync unfroze 3931 com.google.android.apps.turbo for 6
09-18 16:05:18.088  1671  2012 D ActivityManager: freezing 23608 com.whatsapp
09-18 16:05:18.476  1671  4447 W ProcessStats: Tracking association SourceState{956c80a system/1000 ImpBg #4568907} whose proc state 6 is better than process ProcessState{7c05c4e com.google.android.gms.persistent/10165 pkg=com.google.android.gms} proc state 14 (341 skipped)
09-18 16:05:26.649  2288  3786 D PowerUI : can't show warning due to - plugged: true status unknown: false
09-18 16:05:30.905  1671  4455 W ProcessStats: Tracking association SourceState{956c80a system/1000 ImpBg #4568915} whose proc state 6 is better than process ProcessState{7c05c4e com.google.android.gms.persistent/10165 pkg=com.google.android.gms} proc state 14 (197 skipped)
09-18 16:05:34.140  1671  1830 D ActivityManager: sync unfroze 23608 com.whatsapp for 3
09-18 16:05:34.499  1671  1766 W ActivityManager: Background start not allowed: service Intent { act=com.whatsapp.messageservice.messaging.MessageService.START cmp=com.whatsapp/.messageservice.messaging.MessageService } to com.whatsapp/.messageservice.messaging.MessageService from pid=23608 uid=10296 pkg=com.whatsapp startFg?=false
09-18 16:05:36.924  1671  2004 D CompatibilityChangeReporter: Compat change id reported: 218533173; UID 10110; state: ENABLED
09-18 16:05:44.749  1671  2012 D ActivityManager: freezing 23608 com.whatsapp
09-18 16:05:45.996  1671  4455 W ProcessStats: Tracking association SourceState{956c80a system/1000 ImpBg #4568933} whose proc state 6 is better than process ProcessState{7c05c4e com.google.android.gms.persistent/10165 pkg=com.google.android.gms} proc state 14 (396 skipped)
09-18 16:05:50.428  1671  2012 D ActivityManager: freezing 3931 com.google.android.apps.turbo
09-18 16:05:55.661  1671  4455 I UsbPortManager: AIDL UsbDataStatus:1
09-18 16:05:55.661  1671  4455 I UsbPortManager: ClientCallback AIDL V1: port0
09-18 16:05:55.674  2288  2833 D PowerUI : can't show warning due to - plugged: true status unknown: false
09-18 16:05:56.198  1671  3086 W ProcessStats: Tracking association SourceState{956c80a system/1000 ImpBg #4568939} whose proc state 6 is better than process ProcessState{7c05c4e com.google.android.gms.persistent/10165 pkg=com.google.android.gms} proc state 14 (60 skipped)
09-18 16:05:56.938  1671  2004 D CompatibilityChangeReporter: Compat change id reported: 177438394; UID 10145; state: DISABLED
09-18 16:05:56.939  1671  2004 D CompatibilityChangeReporter: Compat change id reported: 135772972; UID 10145; state: DISABLED
09-18 16:05:56.939  1671  2004 D CompatibilityChangeReporter: Compat change id reported: 135754954; UID 10145; state: ENABLED
09-18 16:05:56.942  1671  1831 D CompatibilityChangeReporter: Compat change id reported: 143937733; UID 10145; state: ENABLED
09-18 16:05:56.973  1671  2004 D ActivityManager: sync unfroze 5991 com.reddit.frontpage for 6
09-18 16:05:56.977  1671  1831 I ActivityManager: Start proc 15709:com.google.android.apps.safetyhub/u0a145 for service {com.google.android.apps.safetyhub/androidx.work.impl.background.systemjob.SystemJobService}
09-18 16:05:56.981  1671  2004 D CompatibilityChangeReporter: Compat change id reported: 135634846; UID 10272; state: DISABLED
09-18 16:05:56.982  1671  2004 D CompatibilityChangeReporter: Compat change id reported: 177438394; UID 10272; state: DISABLED
09-18 16:05:56.982  1671  2004 D CompatibilityChangeReporter: Compat change id reported: 135772972; UID 10272; state: DISABLED
09-18 16:05:56.982  1671  2004 D CompatibilityChangeReporter: Compat change id reported: 135754954; UID 10272; state: ENABLED
09-18 16:05:56.983  1671  1831 D CompatibilityChangeReporter: Compat change id reported: 143937733; UID 10272; state: ENABLED
09-18 16:05:56.998  1671  1831 I ActivityManager: Start proc 15718:com.Slack/u0a272 for service {com.Slack/androidx.work.impl.background.systemjob.SystemJobService}
09-18 16:05:57.001  1671 15710 I StorageManagerService: Storage lifetime: 5
09-18 16:05:57.001  1671 15710 I StorageManagerService: Set smart idle maintenance: latest write amount: 264, average write amount: 427, min segment threshold: 512, dirty reclaim rate: 0.5, segment reclaim weight: 2.0, period(min): 60, min gc sleep time(ms): 5000, target dirty ratio: 80
09-18 16:05:57.005  1671  4455 D CompatibilityChangeReporter: Compat change id reported: 168419799; UID 10145; state: DISABLED
09-18 16:05:57.005  1671  4455 D CompatibilityChangeReporter: Compat change id reported: 273564678; UID 10145; state: DISABLED
09-18 16:05:57.008  1671  2004 D CompatibilityChangeReporter: Compat change id reported: 265195908; UID 10145; state: ENABLED
09-18 16:05:57.010   522   522 I vold    : Trigger GC for target dirty ratio diff of: 18
09-18 16:05:57.010   522   522 I vold    : Successfully set gc urgent mode: free segments: 262, reclaim target: 2700, sleep time: 5000
09-18 16:05:57.011  1671 15710 I SmartStorageMaintIdler: Got smart storage maintenance service completion callback
09-18 16:05:57.012  1671 15710 D CompatibilityChangeReporter: Compat change id reported: 253665015; UID 1000; state: ENABLED
09-18 16:05:57.013  1671 15710 D CompatibilityChangeReporter: Compat change id reported: 194532703; UID 1000; state: ENABLED
09-18 16:05:57.013  1671 15710 D CompatibilityChangeReporter: Compat change id reported: 311402873; UID 1000; state: DISABLED
09-18 16:05:57.013  1671 15710 D CompatibilityChangeReporter: Compat change id reported: 323349338; UID 1000; state: DISABLED
09-18 16:05:57.015  1671  4455 D CompatibilityChangeReporter: Compat change id reported: 170503758; UID 10145; state: ENABLED
09-18 16:05:57.030  1671  4455 D CompatibilityChangeReporter: Compat change id reported: 168419799; UID 10272; state: DISABLED
09-18 16:05:57.030  1671  4455 D CompatibilityChangeReporter: Compat change id reported: 273564678; UID 10272; state: DISABLED
09-18 16:05:57.032  1671  2004 D CompatibilityChangeReporter: Compat change id reported: 265195908; UID 10272; state: ENABLED
09-18 16:05:57.040  1671  4455 D CompatibilityChangeReporter: Compat change id reported: 170503758; UID 10272; state: ENABLED
09-18 16:05:57.094  5991  5991 E ActivityThread: Package [com.luminari.lumiq] reported as REPLACED, but missing application info. Assuming REMOVED.
09-18 16:05:57.095  5991  5991 E ActivityThread: Package [com.luminari.lumiq] reported as REPLACED, but missing application info. Assuming REMOVED.
09-18 16:05:57.095  5991  5991 E ActivityThread: Package [com.luminari.lumiq] reported as REPLACED, but missing application info. Assuming REMOVED.
09-18 16:05:57.096  5991  5991 E ActivityThread: Package [com.luminari.lumiq] reported as REPLACED, but missing application info. Assuming REMOVED.
09-18 16:05:57.132  1671  4447 D CompatibilityChangeReporter: Compat change id reported: 161145287; UID 10145; state: ENABLED
09-18 16:05:57.184  1671  4455 D CompatibilityChangeReporter: Compat change id reported: 261072174; UID 10145; state: ENABLED
09-18 16:05:57.223  1671  4455 D ActivityManager: sync unfroze 3631 com.android.chrome for 7
09-18 16:05:57.225  1671  1830 D ActivityManager: sync unfroze 9506 com.android.chrome:privileged_process2 for 3
09-18 16:05:57.226  1671  1830 D ActivityManager: sync unfroze 11268 com.android.vending for 3
09-18 16:05:57.231  1671  4455 D CompatibilityChangeReporter: Compat change id reported: 261072174; UID 10272; state: ENABLED
09-18 16:05:57.234  1671  3086 D CompatibilityChangeReporter: Compat change id reported: 271850009; UID 10145; state: ENABLED
09-18 16:05:57.234  1671  3086 D CompatibilityChangeReporter: Compat change id reported: 253665015; UID 10145; state: ENABLED
09-18 16:05:57.234  1671  3086 D CompatibilityChangeReporter: Compat change id reported: 194532703; UID 10145; state: ENABLED
09-18 16:05:57.235  1671  3086 D CompatibilityChangeReporter: Compat change id reported: 311402873; UID 10145; state: DISABLED
09-18 16:05:57.235  1671  3086 D CompatibilityChangeReporter: Compat change id reported: 323349338; UID 10145; state: DISABLED
09-18 16:05:57.269  1671  4455 W JobScheduler: Job didn't exist in JobStore: d4bcde2 {androidx.work.systemjobscheduler} #u0a145/16471 @androidx.work.systemjobscheduler@com.google.android.apps.safetyhub/androidx.work.impl.background.systemjob.SystemJobService
09-18 16:05:57.321  1671  2004 D CompatibilityChangeReporter: Compat change id reported: 135634846; UID 10512; state: DISABLED
09-18 16:05:57.321  1671  2004 D CompatibilityChangeReporter: Compat change id reported: 177438394; UID 10512; state: DISABLED
09-18 16:05:57.321  1671  2004 D CompatibilityChangeReporter: Compat change id reported: 135772972; UID 10512; state: DISABLED
09-18 16:05:57.321  1671  2004 D CompatibilityChangeReporter: Compat change id reported: 135754954; UID 10512; state: ENABLED
09-18 16:05:57.322  1671  1831 D CompatibilityChangeReporter: Compat change id reported: 143937733; UID 10512; state: ENABLED
09-18 16:05:57.342  1671  1831 I ActivityManager: Start proc 15782:com.aurora.store/u0a512 for service {com.aurora.store/androidx.work.impl.background.systemjob.SystemJobService}
09-18 16:05:57.358  1671  4447 D CompatibilityChangeReporter: Compat change id reported: 161145287; UID 10272; state: ENABLED
09-18 16:05:57.374  1671  4447 D CompatibilityChangeReporter: Compat change id reported: 168419799; UID 10512; state: DISABLED
09-18 16:05:57.374  1671  4447 D CompatibilityChangeReporter: Compat change id reported: 273564678; UID 10512; state: DISABLED
09-18 16:05:57.377  1671  2004 D CompatibilityChangeReporter: Compat change id reported: 265195908; UID 10512; state: ENABLED
09-18 16:05:57.382  1671  3086 D CompatibilityChangeReporter: Compat change id reported: 170503758; UID 10512; state: ENABLED
09-18 16:05:57.479  1671  3086 D CompatibilityChangeReporter: Compat change id reported: 161145287; UID 10512; state: ENABLED
09-18 16:05:57.738  1671  3086 D CompatibilityChangeReporter: Compat change id reported: 253665015; UID 10512; state: ENABLED
09-18 16:05:57.739  1671  3086 D CompatibilityChangeReporter: Compat change id reported: 194532703; UID 10512; state: ENABLED
09-18 16:05:57.739  1671  3086 D CompatibilityChangeReporter: Compat change id reported: 311402873; UID 10512; state: DISABLED
09-18 16:05:57.739  1671  3086 D CompatibilityChangeReporter: Compat change id reported: 323349338; UID 10512; state: DISABLED
09-18 16:05:57.754  1671  4447 D CompatibilityChangeReporter: Compat change id reported: 253665015; UID 10272; state: ENABLED
09-18 16:05:57.755  1671  4447 D CompatibilityChangeReporter: Compat change id reported: 194532703; UID 10272; state: ENABLED
09-18 16:05:57.755  1671  4447 D CompatibilityChangeReporter: Compat change id reported: 311402873; UID 10272; state: DISABLED
09-18 16:05:57.755  1671  4447 D CompatibilityChangeReporter: Compat change id reported: 323349338; UID 10272; state: DISABLED
09-18 16:05:57.773  1671  2004 D CompatibilityChangeReporter: Compat change id reported: 135634846; UID 10125; state: DISABLED
09-18 16:05:57.773  1671  2004 D CompatibilityChangeReporter: Compat change id reported: 177438394; UID 10125; state: DISABLED
09-18 16:05:57.773  1671  2004 D CompatibilityChangeReporter: Compat change id reported: 135772972; UID 10125; state: DISABLED
09-18 16:05:57.773  1671  2004 D CompatibilityChangeReporter: Compat change id reported: 135754954; UID 10125; state: ENABLED
09-18 16:05:57.774  1671  1831 D CompatibilityChangeReporter: Compat change id reported: 143937733; UID 10125; state: ENABLED
09-18 16:05:57.804  1671  1831 I ActivityManager: Start proc 15870:com.google.android.partnersetup/u0a125 for service {com.google.android.partnersetup/com.google.android.partnersetup.InstalledAppJobService}
09-18 16:05:57.835  1671  3086 I ActivityManager: Killing 13752:com.android.keychain/1000 (adj 995): empty #17
09-18 16:05:57.844  1671  3086 D CompatibilityChangeReporter: Compat change id reported: 168419799; UID 10125; state: DISABLED
09-18 16:05:57.844  1671  3086 D CompatibilityChangeReporter: Compat change id reported: 273564678; UID 10125; state: DISABLED
09-18 16:05:57.846  1671  2004 D CompatibilityChangeReporter: Compat change id reported: 265195908; UID 10125; state: ENABLED
09-18 16:05:57.848  1671  4447 W JobScheduler: Job didn't exist in JobStore: 3f9c1a1 {androidx.work.systemjobscheduler} #u0a272/126078 @androidx.work.systemjobscheduler@com.Slack/androidx.work.impl.background.systemjob.SystemJobService
