09-18 16:05:57.851  1671  3086 D CompatibilityChangeReporter: Compat change id reported: 170503758; UID 10125; state: ENABLED
09-18 16:05:57.877  1671  4455 D ActivityManager: sync unfroze 26397 com.android.chrome:sandboxed_process0:org.chromium.content.app.SandboxedProcessService0:25 for 12
09-18 16:05:57.877  1671  4455 D ActivityManager: sync unfroze 16325 com.android.chrome:sandboxed_process0:org.chromium.content.app.SandboxedProcessService0:15 for 12
09-18 16:05:57.882 16325 16325 E ActivityThread: Package [com.luminari.lumiq] reported as REPLACED, but missing application info. Assuming REMOVED.
09-18 16:05:57.883 16325 16325 E ActivityThread: Package [com.luminari.lumiq] reported as REPLACED, but missing application info. Assuming REMOVED.
09-18 16:05:57.886 26397 26397 E ActivityThread: Package [com.luminari.lumiq] reported as REPLACED, but missing application info. Assuming REMOVED.
09-18 16:05:57.887 26397 26397 E ActivityThread: Package [com.luminari.lumiq] reported as REPLACED, but missing application info. Assuming REMOVED.
09-18 16:05:57.889  1671  1766 I ActivityManager: Killing 13953:com.google.android.webview:webview_service/u0a177 (adj 985): empty #17
09-18 16:05:57.898  1671  4455 D CompatibilityChangeReporter: Compat change id reported: 253665015; UID 10125; state: ENABLED
09-18 16:05:57.898  1671  4455 D CompatibilityChangeReporter: Compat change id reported: 194532703; UID 10125; state: ENABLED
09-18 16:05:57.898  1671  4455 D CompatibilityChangeReporter: Compat change id reported: 311402873; UID 10125; state: DISABLED
09-18 16:05:57.898  1671  4455 D CompatibilityChangeReporter: Compat change id reported: 323349338; UID 10125; state: DISABLED
09-18 16:05:58.032  1671  1830 D ActivityManager: sync unfroze 23608 com.whatsapp for 3
09-18 16:05:58.128  1671  4455 D ActivityManager: sync unfroze 12992 com.google.process.gservices for 7
09-18 16:05:58.179  1671  1813 D DisplayManagerService: Drop pending events for gone uid 10177
09-18 16:05:58.185  1671  5312 D CompatibilityChangeReporter: Compat change id reported: 261072174; UID 10125; state: ENABLED
09-18 16:05:58.268  1671  2004 D ActivityManager: sync unfroze 15034 com.google.android.apps.turbo:aab for 6
09-18 16:05:58.277  1671  4455 W JobScheduler: Job didn't exist in JobStore: 238dce1 #u0a125/4096 com.google.android.partnersetup/.InstalledAppJobService
09-18 16:05:58.573  1671  5312 W ActivityManager: Background start not allowed: service Intent { act=com.whatsapp.messageservice.messaging.MessageService.START cmp=com.whatsapp/.messageservice.messaging.MessageService } to com.whatsapp/.messageservice.messaging.MessageService from pid=23608 uid=10296 pkg=com.whatsapp startFg?=false
09-18 16:05:58.592  1671  5312 D ActivityManager: sync unfroze 3931 com.google.android.apps.turbo for 7
09-18 16:05:58.597  1671  4455 D CompatibilityChangeReporter: Compat change id reported: 135634846; UID 10165; state: DISABLED
09-18 16:05:58.598  1671  4455 D CompatibilityChangeReporter: Compat change id reported: 177438394; UID 10165; state: DISABLED
09-18 16:05:58.598  1671  4455 D CompatibilityChangeReporter: Compat change id reported: 135772972; UID 10165; state: DISABLED
09-18 16:05:58.598  1671  4455 D CompatibilityChangeReporter: Compat change id reported: 135754954; UID 10165; state: ENABLED
09-18 16:05:58.599  1671  1831 D CompatibilityChangeReporter: Compat change id reported: 143937733; UID 10165; state: ENABLED
09-18 16:05:58.600  1671  4455 D CompatibilityChangeReporter: Compat change id reported: 161145287; UID 10122; state: ENABLED
09-18 16:05:58.616  1671  4455 D CompatibilityChangeReporter: Compat change id reported: 218533173; UID 10324; state: ENABLED
09-18 16:05:58.617  1671  4455 D CompatibilityChangeReporter: Compat change id reported: 262645982; UID 10324; state: ENABLED
09-18 16:05:58.619  1671  4455 D CompatibilityChangeReporter: Compat change id reported: 262645982; UID 10275; state: ENABLED
09-18 16:05:58.619  1671  4455 D CompatibilityChangeReporter: Compat change id reported: 218533173; UID 10272; state: ENABLED
09-18 16:05:58.620  1671  4455 D CompatibilityChangeReporter: Compat change id reported: 262645982; UID 10272; state: ENABLED
09-18 16:05:58.620  1671  4455 D CompatibilityChangeReporter: Compat change id reported: 218533173; UID 10632; state: ENABLED
09-18 16:05:58.620  1671  4455 D CompatibilityChangeReporter: Compat change id reported: 262645982; UID 10632; state: ENABLED
09-18 16:05:58.623  1671  1831 I ActivityManager: Start proc 15915:com.google.process.gapps/u0a165 for content provider {com.google.android.gsf/com.google.android.gsf.settings.GoogleSettingsProvider}
09-18 16:05:58.657  1671  5312 D CompatibilityChangeReporter: Compat change id reported: 168419799; UID 10165; state: DISABLED
09-18 16:05:58.657  1671  5312 D CompatibilityChangeReporter: Compat change id reported: 273564678; UID 10165; state: DISABLED
09-18 16:05:58.664  1671  4447 D CompatibilityChangeReporter: Compat change id reported: 170503758; UID 10165; state: ENABLED
09-18 16:05:58.836  1671  4455 D CompatibilityChangeReporter: Compat change id reported: 253665015; UID 10122; state: ENABLED
09-18 16:05:58.836  1671  4455 D CompatibilityChangeReporter: Compat change id reported: 194532703; UID 10122; state: ENABLED
09-18 16:05:58.837  1671  4455 D CompatibilityChangeReporter: Compat change id reported: 311402873; UID 10122; state: DISABLED
09-18 16:05:58.837  1671  4455 D CompatibilityChangeReporter: Compat change id reported: 323349338; UID 10122; state: DISABLED
09-18 16:05:59.046  1671  5312 I ActivityManager: Killing 13802:com.google.android.odad/u0a110 (adj 975): empty #17
09-18 16:05:59.122  1671  1813 D DisplayManagerService: Drop pending events for gone uid 10110
09-18 16:05:59.126  1671  4447 I ActivityManager: Killing 14971:com.android.settings/1000 (adj 995): empty #17
09-18 16:06:00.534  1671  5312 D CompatibilityChangeReporter: Compat change id reported: 271850009; UID 10272; state: ENABLED
09-18 16:06:04.152  1671  4447 D CompatibilityChangeReporter: Compat change id reported: 161145287; UID 10165; state: ENABLED
09-18 16:06:04.209  1671  4447 D CompatibilityChangeReporter: Compat change id reported: 261072174; UID 10165; state: ENABLED
09-18 16:06:04.932  1671  4447 D CompatibilityChangeReporter: Compat change id reported: 161145287; UID 10125; state: ENABLED
09-18 16:06:07.345  1671  2012 D ActivityManager: freezing 15709 com.google.android.apps.safetyhub
09-18 16:06:07.723  1671  2012 D ActivityManager: freezing 15782 com.aurora.store
09-18 16:06:08.689  1671  2012 D ActivityManager: freezing 23608 com.whatsapp
09-18 16:06:08.844  1671  2012 D ActivityManager: freezing 15034 com.google.android.apps.turbo:aab
09-18 16:06:08.846  1671  2012 D ActivityManager: freezing 3931 com.google.android.apps.turbo
09-18 16:06:09.044  1671  2012 D ActivityManager: freezing 15870 com.google.android.partnersetup
09-18 16:06:09.125  1671  2012 D ActivityManager: freezing 12992 com.google.process.gservices
09-18 16:06:09.420  1671  4546 W ProcessStats: Tracking association SourceState{3e4e1c2 com.google.android.gms/10165 Service #4569072} whose proc state 8 is better than process ProcessState{7c05c4e com.google.android.gms.persistent/10165 pkg=com.google.android.gms} proc state 14 (2486 skipped)
09-18 16:06:10.384  1671  2012 D ActivityManager: freezing 5991 com.reddit.frontpage
09-18 16:06:10.561  1671  2012 D ActivityManager: freezing 3631 com.android.chrome
09-18 16:06:10.693  1671  2012 D ActivityManager: freezing 15718 com.Slack
09-18 16:06:15.024  1671  2012 D ActivityManager: freezing 15915 com.google.process.gapps
09-18 16:06:20.110  1671  3086 W ProcessStats: Tracking association SourceState{3e4e1c2 com.google.android.gms/10165 Service #4569094} whose proc state 8 is better than process ProcessState{7c05c4e com.google.android.gms.persistent/10165 pkg=com.google.android.gms} proc state 14 (611 skipped)
09-18 16:06:24.847  1671  1830 D ActivityManager: sync unfroze 23608 com.whatsapp for 3
09-18 16:06:25.347  1671  3086 W ActivityManager: Background start not allowed: service Intent { act=com.whatsapp.messageservice.messaging.MessageService.START cmp=com.whatsapp/.messageservice.messaging.MessageService } to com.whatsapp/.messageservice.messaging.MessageService from pid=23608 uid=10296 pkg=com.whatsapp startFg?=false
09-18 16:06:26.635  2288  3859 D PowerUI : can't show warning due to - plugged: true status unknown: false
09-18 16:06:30.807  1671  3086 W ProcessStats: Tracking association SourceState{956c80a system/1000 ImpBg #4569118} whose proc state 6 is better than process ProcessState{7c05c4e com.google.android.gms.persistent/10165 pkg=com.google.android.gms} proc state 14 (486 skipped)
09-18 16:06:35.561  1671  2012 D ActivityManager: freezing 23608 com.whatsapp
09-18 16:06:44.389  1671  3086 W ProcessStats: Tracking association SourceState{956c80a system/1000 ImpBg #4569119} whose proc state 6 is better than process ProcessState{7c05c4e com.google.android.gms.persistent/10165 pkg=com.google.android.gms} proc state 14 (28 skipped)
09-18 16:06:44.596  1671  4546 D ActivityManager: sync unfroze 15219 com.google.android.gms.unstable for 6
09-18 16:06:45.068     0     0 I trusty  : INFO: system/keymint/ta/src/lib.rs:911 add 64 bytes of entropy
09-18 16:06:51.626  1671  1830 D ActivityManager: sync unfroze 23608 com.whatsapp for 3
09-18 16:06:51.668  1671  2004 D ActivityManager: sync unfroze 5991 com.reddit.frontpage for 6
09-18 16:06:51.681  1671  2004 D ActivityManager: sync unfroze 3631 com.android.chrome for 6
09-18 16:06:51.684  1671  2004 D ActivityManager: sync unfroze 15718 com.Slack for 6
09-18 16:06:52.190  1671  3086 W ActivityManager: Background start not allowed: service Intent { act=com.whatsapp.messageservice.messaging.MessageService.START cmp=com.whatsapp/.messageservice.messaging.MessageService } to com.whatsapp/.messageservice.messaging.MessageService from pid=23608 uid=10296 pkg=com.whatsapp startFg?=false
09-18 16:06:59.615  1671  4546 W ProcessStats: Tracking association SourceState{e12c727 com.google.android.gms.persistent/10165 Fgs #4569174} whose proc state 3 is better than process ProcessState{9bc9816 com.google.android.gms/10165 pkg=com.google.android.gms} proc state 14 (1181 skipped)
09-18 16:07:00.616  1671  4447 D ActivityManager: sync unfroze 3931 com.google.android.apps.turbo for 6
09-18 16:07:00.831  1671  2012 D ActivityManager: freezing 15219 com.google.android.gms.unstable
09-18 16:07:02.349  1671  2012 D ActivityManager: freezing 23608 com.whatsapp
09-18 16:07:02.408   552 16002 I keystore2: system/security/keystore2/watchdog/src/lib.rs:319 - Watchdog thread idle -> terminating. Have a great day.
09-18 16:07:02.534  1671  2012 D ActivityManager: freezing 15718 com.Slack
09-18 16:07:14.639  1671  3086 W ProcessStats: Tracking association SourceState{ff5bafc com.google.android.apps.turbo/10122 ImpFg #4569184} whose proc state 5 is better than process ProcessState{7c05c4e com.google.android.gms.persistent/10165 pkg=com.google.android.gms} proc state 14 (294 skipped)
09-18 16:07:18.458  1671  1830 D ActivityManager: sync unfroze 23608 com.whatsapp for 3
09-18 16:07:18.883  1671  4546 W ActivityManager: Background start not allowed: service Intent { act=com.whatsapp.messageservice.messaging.MessageService.START cmp=com.whatsapp/.messageservice.messaging.MessageService } to com.whatsapp/.messageservice.messaging.MessageService from pid=23608 uid=10296 pkg=com.whatsapp startFg?=false
09-18 16:07:26.445  1671  1830 W ProcessStats: Tracking association SourceState{b13b45c com.tencent.mm/10274 Service #4569203} whose proc state 8 is better than process ProcessState{a3a85b9 com.tencent.mm:push/10274 pkg=com.tencent.mm} proc state 14 (372 skipped)
09-18 16:07:26.655  2288  3194 D PowerUI : can't show warning due to - plugged: true status unknown: false
09-18 16:07:27.264  1671  3086 W BatteryExternalStatsWorker: error reading modem stats:ERROR_INVALID_INFO_RECEIVED
09-18 16:07:27.643  1671  1854 D KernelCpuUidUserSysTimeReader: Removing uids 99873-99873
09-18 16:07:27.644  1671  1854 D KernelCpuUidUserSysTimeReader: Removing uids 99875-99875
09-18 16:07:29.101  1671  2012 D ActivityManager: freezing 5991 com.reddit.frontpage
09-18 16:07:29.108  1671  2012 D ActivityManager: freezing 23608 com.whatsapp
09-18 16:07:36.450  1671  2012 D ActivityManager: freezing 3631 com.android.chrome
09-18 16:07:39.834  1671  4447 W ProcessStats: Tracking association SourceState{2ce22e2 system/1000 ImpFg #4569222} whose proc state 5 is better than process ProcessState{7c05c4e com.google.android.gms.persistent/10165 pkg=com.google.android.gms} proc state 14 (535 skipped)
09-18 16:07:40.675  1671  2012 D ActivityManager: freezing 3931 com.google.android.apps.turbo
09-18 16:07:45.147  1671  1830 D ActivityManager: sync unfroze 23608 com.whatsapp for 3
09-18 16:07:45.586  1671  5312 W ActivityManager: Background start not allowed: service Intent { act=com.whatsapp.messageservice.messaging.MessageService.START cmp=com.whatsapp/.messageservice.messaging.MessageService } to com.whatsapp/.messageservice.messaging.MessageService from pid=23608 uid=10296 pkg=com.whatsapp startFg?=false
09-18 16:07:54.855  1671  4447 W ProcessStats: Tracking association SourceState{956c80a system/1000 ImpBg #4569239} whose proc state 6 is better than process ProcessState{7c05c4e com.google.android.gms.persistent/10165 pkg=com.google.android.gms} proc state 14 (248 skipped)
09-18 16:07:55.800  1671  2012 D ActivityManager: freezing 23608 com.whatsapp
09-18 16:08:09.066  1671  3086 W ProcessStats: Tracking association SourceState{956c80a system/1000 ImpBg #4569242} whose proc state 6 is better than process ProcessState{7c05c4e com.google.android.gms.persistent/10165 pkg=com.google.android.gms} proc state 14 (57 skipped)
09-18 16:08:11.864  1671  1830 D ActivityManager: sync unfroze 23608 com.whatsapp for 3
09-18 16:08:12.392  1671  5312 W ActivityManager: Background start not allowed: service Intent { act=com.whatsapp.messageservice.messaging.MessageService.START cmp=com.whatsapp/.messageservice.messaging.MessageService } to com.whatsapp/.messageservice.messaging.MessageService from pid=23608 uid=10296 pkg=com.whatsapp startFg?=false
09-18 16:08:20.879  1671  1922 W ProcessStats: Tracking association SourceState{956c80a system/1000 ImpBg #4569258} whose proc state 6 is better than process ProcessState{7c05c4e com.google.android.gms.persistent/10165 pkg=com.google.android.gms} proc state 14 (306 skipped)
09-18 16:08:22.567  1671  2012 D ActivityManager: freezing 23608 com.whatsapp
09-18 16:08:26.649  2288  3837 D PowerUI : can't show warning due to - plugged: true status unknown: false
09-18 16:08:33.026  1671  1922 W ProcessStats: Tracking association SourceState{3e4e1c2 com.google.android.gms/10165 Service #4569290} whose proc state 8 is better than process ProcessState{7c05c4e com.google.android.gms.persistent/10165 pkg=com.google.android.gms} proc state 14 (944 skipped)
09-18 16:08:38.599   552 16179 I keystore2: system/security/keystore2/watchdog/src/lib.rs:319 - Watchdog thread idle -> terminating. Have a great day.
09-18 16:08:38.653  1671  1830 D ActivityManager: sync unfroze 23608 com.whatsapp for 3
09-18 16:08:39.101  1671  5312 W ActivityManager: Background start not allowed: service Intent { act=com.whatsapp.messageservice.messaging.MessageService.START cmp=com.whatsapp/.messageservice.messaging.MessageService } to com.whatsapp/.messageservice.messaging.MessageService from pid=23608 uid=10296 pkg=com.whatsapp startFg?=false
09-18 16:08:43.078  1671  1922 W ProcessStats: Tracking association SourceState{3a79968 com.google.android.gms.persistent/10165 Fgs #4569308} whose proc state 3 is better than process ProcessState{9bc9816 com.google.android.gms/10165 pkg=com.google.android.gms} proc state 14 (400 skipped)
09-18 16:08:49.269  1671  2012 D ActivityManager: freezing 23608 com.whatsapp
09-18 16:08:56.465  1671  1766 W ProcessStats: Tracking association SourceState{956c80a system/1000 ImpBg #4569335} whose proc state 6 is better than process ProcessState{7c05c4e com.google.android.gms.persistent/10165 pkg=com.google.android.gms} proc state 14 (744 skipped)
09-18 16:09:05.351  1671  1830 D ActivityManager: sync unfroze 23608 com.whatsapp for 3
09-18 16:09:05.773  1671  5312 W ActivityManager: Background start not allowed: service Intent { act=com.whatsapp.messageservice.messaging.MessageService.START cmp=com.whatsapp/.messageservice.messaging.MessageService } to com.whatsapp/.messageservice.messaging.MessageService from pid=23608 uid=10296 pkg=com.whatsapp startFg?=false
09-18 16:09:10.569  1671  1766 W ProcessStats: Tracking association SourceState{956c80a system/1000 ImpBg #4569361} whose proc state 6 is better than process ProcessState{7c05c4e com.google.android.gms.persistent/10165 pkg=com.google.android.gms} proc state 14 (586 skipped)
09-18 16:09:15.952  1671  2012 D ActivityManager: freezing 23608 com.whatsapp
09-18 16:09:20.947  1671  1766 D ActivityManager: sync unfroze 3931 com.google.android.apps.turbo for 6
09-18 16:09:20.950  1671  1766 W ProcessStats: Tracking association SourceState{ff5bafc com.google.android.apps.turbo/10122 ImpFg #4569369} whose proc state 5 is better than process ProcessState{7c05c4e com.google.android.gms.persistent/10165 pkg=com.google.android.gms} proc state 14 (247 skipped)
09-18 16:09:26.653  2288  3192 D PowerUI : can't show warning due to - plugged: true status unknown: false
09-18 16:09:32.044  1671  1830 D ActivityManager: sync unfroze 23608 com.whatsapp for 3
09-18 16:09:32.578  1671  4447 W ActivityManager: Background start not allowed: service Intent { act=com.whatsapp.messageservice.messaging.MessageService.START cmp=com.whatsapp/.messageservice.messaging.MessageService } to com.whatsapp/.messageservice.messaging.MessageService from pid=23608 uid=10296 pkg=com.whatsapp startFg?=false
09-18 16:09:32.661  1671  3086 W ProcessStats: Tracking association SourceState{a4f3ab9 system/1000 ImpBg #4569385} whose proc state 6 is better than process ProcessState{448d397 com.whatsapp/10296 pkg=com.whatsapp} proc state 14 (370 skipped)
09-18 16:09:42.762  1671  2012 D ActivityManager: freezing 23608 com.whatsapp
09-18 16:09:49.634  1671  1830 W ProcessStats: Tracking association SourceState{b13b45c com.tencent.mm/10274 Service #4569426} whose proc state 8 is better than process ProcessState{a3a85b9 com.tencent.mm:push/10274 pkg=com.tencent.mm} proc state 14 (1263 skipped)
09-18 16:09:58.840  1671  1830 D ActivityManager: sync unfroze 23608 com.whatsapp for 3
09-18 16:09:59.374  1671  1766 W ActivityManager: Background start not allowed: service Intent { act=com.whatsapp.messageservice.messaging.MessageService.START cmp=com.whatsapp/.messageservice.messaging.MessageService } to com.whatsapp/.messageservice.messaging.MessageService from pid=23608 uid=10296 pkg=com.whatsapp startFg?=false
09-18 16:10:00.993  1671  1766 W ProcessStats: Tracking association SourceState{956c80a system/1000 ImpBg #4569456} whose proc state 6 is better than process ProcessState{7c05c4e com.google.android.gms.persistent/10165 pkg=com.google.android.gms} proc state 14 (651 skipped)
09-18 16:10:00.998  1671  2012 D ActivityManager: freezing 3931 com.google.android.apps.turbo
09-18 16:10:09.589  1671  2012 D ActivityManager: freezing 23608 com.whatsapp
09-18 16:10:10.856  1671  3086 D CompatibilityChangeReporter: Compat change id reported: 171306433; UID 10165; state: ENABLED
09-18 16:10:10.857  1671  3086 D CompatibilityChangeReporter: Compat change id reported: 218533173; UID 10165; state: ENABLED
09-18 16:10:10.919  1671  1830 D ActivityManager: sync unfroze 20992 com.google.android.webview:sandboxed_process0:org.chromium.content.app.SandboxedProcessService0:0 for 3
09-18 16:10:10.922  1671  1830 D ActivityManager: sync unfroze 20775 com.google.android.gm for 3
09-18 16:10:10.934  1671  1830 D ActivityManager: sync unfroze 3631 com.android.chrome for 3
09-18 16:10:10.979 20992 20992 E ActivityThread: Package [com.luminari.lumiq] reported as REPLACED, but missing application info. Assuming REMOVED.
09-18 16:10:11.000 20992 20992 E ActivityThread: Package [com.luminari.lumiq] reported as REPLACED, but missing application info. Assuming REMOVED.
09-18 16:10:11.001 20992 20992 E ActivityThread: Package [com.luminari.lumiq] reported as REPLACED, but missing application info. Assuming REMOVED.
09-18 16:10:11.007 20992 20992 E ActivityThread: Package [com.luminari.lumiq] reported as REPLACED, but missing application info. Assuming REMOVED.
09-18 16:10:11.177 20775 20775 E ActivityThread: Package [com.luminari.lumiq] reported as REPLACED, but missing application info. Assuming REMOVED.
09-18 16:10:11.184 20775 20775 E ActivityThread: Package [com.luminari.lumiq] reported as REPLACED, but missing application info. Assuming REMOVED.
09-18 16:10:11.185 20775 20775 E ActivityThread: Package [com.luminari.lumiq] reported as REPLACED, but missing application info. Assuming REMOVED.
09-18 16:10:11.186 20775 20775 E ActivityThread: Package [com.luminari.lumiq] reported as REPLACED, but missing application info. Assuming REMOVED.
09-18 16:10:11.399  1671  5312 W ProcessStats: Tracking association SourceState{956c80a system/1000 ImpBg #4569467} whose proc state 6 is better than process ProcessState{7c05c4e com.google.android.gms.persistent/10165 pkg=com.google.android.gms} proc state 14 (318 skipped)
09-18 16:10:11.690  1671  2226 V SyncManager: backoff delay:0 delayUntil delay:0
09-18 16:10:11.694  1671  2226 V SyncManager: scheduling sync operation JobId=1464 michaelwsx@gmail.com/com.google u0 [gmail-ls] OTHER ExpectedIn=0s Reason=10188
09-18 16:10:11.694  1671  2226 V SyncManager: reportChange 2 to: null
09-18 16:10:11.697  1671  2226 D CompatibilityChangeReporter: Compat change id reported: 271850009; UID 1000; state: ENABLED
09-18 16:10:11.717  1671  1671 V SyncManager: Got start job message michaelwsx@gmail.com/gmail-ls:u0
09-18 16:10:11.718  1671  2226 V SyncManager: JobId=1464 michaelwsx@gmail.com/com.google u0 [gmail-ls] OTHER ExpectedIn=0s Reason=10188
09-18 16:10:11.720  1671  2226 V SyncManager: dispatchSyncOperation: we are going to sync JobId=1464 michaelwsx@gmail.com/com.google u0 [gmail-ls] OTHER ExpectedIn=0s Reason=10188
09-18 16:10:11.720  1671  2226 V SyncManager: num active syncs: 0
09-18 16:10:11.720  1671  2226 V SyncManager: insertStartSyncEvent: JobId=1464 michaelwsx@gmail.com/com.google u0 [gmail-ls] OTHER ExpectedIn=0s Reason=10188
09-18 16:10:11.720  1671  2226 V SyncManager: returning historyId 5318
09-18 16:10:11.720  1671  2226 V SyncManager: reportChange 8 to: null
09-18 16:10:11.722  1671  2226 V SyncManager: dispatchSyncOperation: starting startTime 3208531082, mTimeoutStartTime 3208531082, mHistoryRowId 5318, syncOperation JobId=1464 michaelwsx@gmail.com/com.google u0 [gmail-ls] OTHER ExpectedIn=0s Reason=10188
09-18 16:10:11.723  1671  2226 V SyncManager: setActiveSync: account= auth=michaelwsx@gmail.com/gmail-ls:u0 src=0 extras=[sync_reason=7 delivered_fcm_priority=1 original_fcm_priority=1 ]
09-18 16:10:11.723  1671  2226 V SyncManager: reportChange 4 to: null
09-18 16:10:11.723  1671  2226 V SyncManager: posting MESSAGE_SYNC_MONITOR in 60s
09-18 16:10:11.747  1671  2226 V SyncManager: reportChange 2 to: null
09-18 16:10:12.913  1671  5312 V SyncManager: onFinished: startTime 3208531082, mTimeoutStartTime 3208531082, mHistoryRowId 5318, syncOperation JobId=1464 michaelwsx@gmail.com/com.google u0 [gmail-ls] OTHER ExpectedIn=-1s Reason=10188
09-18 16:10:12.914  1671  5312 V SyncManager: sending MESSAGE_SYNC_FINISHED
09-18 16:10:12.921  1671  2226 V SyncManager: syncFinishedJobId=1464 michaelwsx@gmail.com/com.google u0 [gmail-ls] OTHER ExpectedIn=-1s Reason=10188
09-18 16:10:12.922  1671  2226 V SyncManager: runSyncFinishedOrCanceled [finished]: JobId=1464 michaelwsx@gmail.com/com.google u0 [gmail-ls] OTHER ExpectedIn=-1s Reason=10188, result SyncResult: stats []
09-18 16:10:12.946  1671  2226 V SyncManager: removeActiveSync: account=Account {name=michaelwsx@gmail.com, type=com.google} user=0 auth=gmail-ls
09-18 16:10:12.947  1671  2226 V SyncManager: reportChange 4 to: null
09-18 16:10:12.947  1671  2226 V SyncManager: removing all MESSAGE_MONITOR_SYNC & MESSAGE_SYNC_EXPIRED for startTime 3208531082, mTimeoutStartTime 3208531082, mHistoryRowId 5318, syncOperation JobId=1464 michaelwsx@gmail.com/com.google u0 [gmail-ls] OTHER ExpectedIn=-1s Reason=10188
09-18 16:10:12.951  1671  2226 V SyncManager: setDelayUntil: michaelwsx@gmail.com/gmail-ls:u0 -> delayUntil 0
09-18 16:10:12.951  1671  2226 V SyncManager: Delay Until time set to 0 for michaelwsx@gmail.com/gmail-ls:u0
09-18 16:10:12.952  1671  2226 V SyncManager: Rescheduled 0 syncs for michaelwsx@gmail.com/gmail-ls:u0
09-18 16:10:12.952  1671  2226 V SyncManager: stopSyncEvent: historyId=5318
09-18 16:10:12.953  1671  2226 V SyncManager: reportChange 8 to: null
09-18 16:10:13.626  1671  3086 D ActivityManager: sync unfroze 13471 app.revanced.android.gms for 7
09-18 16:10:22.996  1671  2012 D ActivityManager: freezing 20992 com.google.android.webview:sandboxed_process0:org.chromium.content.app.SandboxedProcessService0:0
09-18 16:10:23.001  1671  2012 D ActivityManager: freezing 3631 com.android.chrome
09-18 16:10:25.634  1671  1830 D ActivityManager: sync unfroze 23608 com.whatsapp for 3
09-18 16:10:25.958  1671  3086 W ProcessStats: Tracking association SourceState{956c80a system/1000 ImpBg #4569502} whose proc state 6 is better than process ProcessState{7c05c4e com.google.android.gms.persistent/10165 pkg=com.google.android.gms} proc state 14 (851 skipped)
09-18 16:10:26.152  1671  3086 W ActivityManager: Background start not allowed: service Intent { act=com.whatsapp.messageservice.messaging.MessageService.START cmp=com.whatsapp/.messageservice.messaging.MessageService } to com.whatsapp/.messageservice.messaging.MessageService from pid=23608 uid=10296 pkg=com.whatsapp startFg?=false
09-18 16:10:26.661  2288  3097 D PowerUI : can't show warning due to - plugged: true status unknown: false
09-18 16:10:30.928  1671  2012 D ActivityManager: freezing 20775 com.google.android.gm
09-18 16:10:36.006  1671  3086 W ProcessStats: Tracking association SourceState{956c80a system/1000 ImpBg #4569513} whose proc state 6 is better than process ProcessState{7c05c4e com.google.android.gms.persistent/10165 pkg=com.google.android.gms} proc state 14 (149 skipped)
09-18 16:10:36.320  1671  2012 D ActivityManager: freezing 23608 com.whatsapp
09-18 16:10:50.589  1671  3086 W ProcessStats: Tracking association SourceState{956c80a system/1000 ImpBg #4569515} whose proc state 6 is better than process ProcessState{7c05c4e com.google.android.gms.persistent/10165 pkg=com.google.android.gms} proc state 14 (60 skipped)
09-18 16:10:52.423  1671  1830 D ActivityManager: sync unfroze 23608 com.whatsapp for 3
09-18 16:10:52.869  1671  4447 W ActivityManager: Background start not allowed: service Intent { act=com.whatsapp.messageservice.messaging.MessageService.START cmp=com.whatsapp/.messageservice.messaging.MessageService } to com.whatsapp/.messageservice.messaging.MessageService from pid=23608 uid=10296 pkg=com.whatsapp startFg?=false
09-18 16:11:03.045  1671  2012 D ActivityManager: freezing 23608 com.whatsapp
--------- beginning of main
09-18 16:11:08.112   977 13017 I netd    : setProcSysNet(4, 2, wlan1, retrans_time_ms, 750) <0.81ms>
09-18 16:11:08.113   977 13017 I netd    : setProcSysNet(4, 2, wlan1, ucast_solicit, 10) <0.17ms>
09-18 16:11:08.114   977 13017 I netd    : setProcSysNet(6, 2, wlan1, retrans_time_ms, 750) <0.22ms>
09-18 16:11:08.115   977 13017 I netd    : setProcSysNet(6, 2, wlan1, ucast_solicit, 10) <0.12ms>
09-18 16:11:08.190   997  1841 V bthal.flowcontrol: HciEventPreProcess: HCI Event 0x3e Opcode 0 unhandled <[42]{62, 40, 13, 1, 19, 0, 1, 17, 167, 244, 220, 169, 196, 1, 0, 255, 127, 195, 0, 0, 0, 0, 0, 0, 0, 0, 0, 14, 10, 22, 44, 254, 0, 48, 0, 0, 0, 17, 155, 2, 10, 235}>
09-18 16:11:08.194   997  1841 V bthal.flowcontrol: HciEventPostProcess: HCI Event 0x3e Opcode 0 credits 0 <[42]{62, 40, 13, 1, 19, 0, 1, 17, 167, 244, 220, 169, 196, 1, 0, 255, 127, 195, 0, 0, 0, 0, 0, 0, 0, 0, 0, 14, 10, 22, 44, 254, 0, 48, 0, 0, 0, 17, 155, 2, 10, 235}>
09-18 16:11:08.194   997  1841 V bthal.flowcontrol: HciEventPreProcess: HCI Event 0x3e Opcode 0 unhandled <[51]{62, 49, 13, 1, 27, 0, 1, 17, 167, 244, 220, 169, 196, 1, 0, 255, 127, 196, 0, 0, 0, 0, 0, 0, 0, 0, 0, 23, 22, 255, 45, 1, 4, 0, 1, 49, 5, 1, 155, 136, 217, 100, 4, 64, 213, 0, 0, 0, 0, 0, 0}>
09-18 16:11:08.195   997  1841 V bthal.flowcontrol: HciEventPostProcess: HCI Event 0x3e Opcode 0 credits 0 <[51]{62, 49, 13, 1, 27, 0, 1, 17, 167, 244, 220, 169, 196, 1, 0, 255, 127, 196, 0, 0, 0, 0, 0, 0, 0, 0, 0, 23, 22, 255, 45, 1, 4, 0, 1, 49, 5, 1, 155, 136, 217, 100, 4, 64, 213, 0, 0, 0, 0, 0, 0}>
09-18 16:11:08.196 25569 25603 V bt_btm_ble: btm_ble_process_adv_addr: bda=xx:xx:xx:xx:a7:11
09-18 16:11:08.196 25569 25603 V bt_btm_ble: btm_ble_update_inq_result: Random address, treat device as LE only
09-18 16:11:08.199 28244 29023 D BluetoothLeScanner: onScanResult() - mScannerId=2
09-18 16:11:08.200 28244 28244 D BluetoothLeScanner: onScanResult() - handler run
09-18 16:11:08.216 14617 14617 D okhttp.TaskRunner: Q10018 scheduled after   0 s: OkHttp WebSocket http://localhost:8081/... writer
09-18 16:11:08.219 14617 14749 D okhttp.TaskRunner: Q10018 starting              : OkHttp WebSocket http://localhost:8081/... writer
09-18 16:11:08.223 14617 14749 D okhttp.TaskRunner: Q10018 run again after   0 s: OkHttp WebSocket http://localhost:8081/... writer
09-18 16:11:08.224 14617 14749 D okhttp.TaskRunner: Q10018 finished run in   6 ms: OkHttp WebSocket http://localhost:8081/... writer
09-18 16:11:08.225 14617 14749 D okhttp.TaskRunner: Q10018 starting              : OkHttp WebSocket http://localhost:8081/... writer
09-18 16:11:08.226 14617 14749 D okhttp.TaskRunner: Q10018 finished run in 881 s: OkHttp WebSocket http://localhost:8081/... writer
09-18 16:11:08.293   997  1841 V bthal.flowcontrol: HciEventPreProcess: HCI Event 0x3e Opcode 0 unhandled <[42]{62, 40, 13, 1, 19, 0, 1, 17, 167, 244, 220, 169, 196, 1, 0, 255, 127, 195, 0, 0, 0, 0, 0, 0, 0, 0, 0, 14, 10, 22, 44, 254, 0, 48, 0, 0, 0, 17, 155, 2, 10, 235}>
09-18 16:11:08.295   997  1841 V bthal.flowcontrol: HciEventPostProcess: HCI Event 0x3e Opcode 0 credits 0 <[42]{62, 40, 13, 1, 19, 0, 1, 17, 167, 244, 220, 169, 196, 1, 0, 255, 127, 195, 0, 0, 0, 0, 0, 0, 0, 0, 0, 14, 10, 22, 44, 254, 0, 48, 0, 0, 0, 17, 155, 2, 10, 235}>
09-18 16:11:08.295   997  1841 V bthal.flowcontrol: HciEventPreProcess: HCI Event 0x3e Opcode 0 unhandled <[51]{62, 49, 13, 1, 27, 0, 1, 17, 167, 244, 220, 169, 196, 1, 0, 255, 127, 195, 0, 0, 0, 0, 0, 0, 0, 0, 0, 23, 22, 255, 45, 1, 4, 0, 1, 49, 5, 1, 155, 136, 217, 100, 4, 64, 213, 0, 0, 0, 0, 0, 0}>
09-18 16:11:08.296   997  1841 V bthal.flowcontrol: HciEventPostProcess: HCI Event 0x3e Opcode 0 credits 0 <[51]{62, 49, 13, 1, 27, 0, 1, 17, 167, 244, 220, 169, 196, 1, 0, 255, 127, 195, 0, 0, 0, 0, 0, 0, 0, 0, 0, 23, 22, 255, 45, 1, 4, 0, 1, 49, 5, 1, 155, 136, 217, 100, 4, 64, 213, 0, 0, 0, 0, 0, 0}>
09-18 16:11:08.297 25569 25603 V bt_btm_ble: btm_ble_process_adv_addr: bda=xx:xx:xx:xx:a7:11
09-18 16:11:08.297 25569 25603 V bt_btm_ble: btm_ble_update_inq_result: Random address, treat device as LE only
09-18 16:11:08.299 28244 29023 D BluetoothLeScanner: onScanResult() - mScannerId=2
09-18 16:11:08.300 28244 28244 D BluetoothLeScanner: onScanResult() - handler run
09-18 16:11:08.493   977 13017 I netd    : tetherGetStats() -> {[TetherStatsParcel{iface: rmnet1, rxBytes: 25505609, rxPackets: 7164, txBytes: 4334191, txPackets: 13281, ifIndex: 0}, TetherStatsParcel{iface: rmnet3, rxBytes: 6296548, rxPackets: 6406, txBytes: 1019685, txPackets: 6755, ifIndex: 0}, TetherStatsParcel{iface: wlan0, rxBytes: 0, rxPackets: 0, txBytes: 0, txPackets: 0, ifIndex: 0}]} <13.49ms>
09-18 16:11:08.494   997  1841 V bthal.flowcontrol: HciEventPreProcess: HCI Event 0x3e Opcode 0 unhandled <[44]{62, 42, 13, 1, 19, 0, 1, 167, 209, 141, 238, 141, 200, 1, 0, 255, 127, 164, 0, 0, 0, 0, 0, 0, 0, 0, 0, 16, 12, 22, 44, 254, 0, 80, 200, 4, 2, 9, 23, 17, 241, 2, 10, 235}>
09-18 16:11:08.495   997  1841 V bthal.flowcontrol: HciEventPostProcess: HCI Event 0x3e Opcode 0 credits 0 <[44]{62, 42, 13, 1, 19, 0, 1, 167, 209, 141, 238, 141, 200, 1, 0, 255, 127, 164, 0, 0, 0, 0, 0, 0, 0, 0, 0, 16, 12, 22, 44, 254, 0, 80, 200, 4, 2, 9, 23, 17, 241, 2, 10, 235}>
09-18 16:11:08.505   997  1841 V bthal.flowcontrol: HciEventPreProcess: HCI Event 0x3e Opcode 0 unhandled <[42]{62, 40, 13, 1, 19, 0, 1, 17, 167, 244, 220, 169, 196, 1, 0, 255, 127, 195, 0, 0, 0, 0, 0, 0, 0, 0, 0, 14, 10, 22, 44, 254, 0, 48, 0, 0, 0, 17, 155, 2, 10, 235}>
09-18 16:11:08.506   997  1841 V bthal.flowcontrol: HciEventPostProcess: HCI Event 0x3e Opcode 0 credits 0 <[42]{62, 40, 13, 1, 19, 0, 1, 17, 167, 244, 220, 169, 196, 1, 0, 255, 127, 195, 0, 0, 0, 0, 0, 0, 0, 0, 0, 14, 10, 22, 44, 254, 0, 48, 0, 0, 0, 17, 155, 2, 10, 235}>
09-18 16:11:08.507   997  1841 V bthal.flowcontrol: HciEventPreProcess: HCI Event 0x3e Opcode 0 unhandled <[51]{62, 49, 13, 1, 27, 0, 1, 17, 167, 244, 220, 169, 196, 1, 0, 255, 127, 195, 0, 0, 0, 0, 0, 0, 0, 0, 0, 23, 22, 255, 45, 1, 4, 0, 1, 49, 5, 1, 155, 136, 217, 100, 4, 64, 213, 0, 0, 0, 0, 0, 0}>
09-18 16:11:08.508 25569 25603 V bt_btm_ble: btm_ble_process_adv_addr: bda=xx:xx:xx:xx:a7:11
09-18 16:11:08.508 25569 25603 V bt_btm_ble: btm_ble_update_inq_result: Random address, treat device as LE only
09-18 16:11:08.509   997  1841 V bthal.flowcontrol: HciEventPostProcess: HCI Event 0x3e Opcode 0 credits 0 <[51]{62, 49, 13, 1, 27, 0, 1, 17, 167, 244, 220, 169, 196, 1, 0, 255, 127, 195, 0, 0, 0, 0, 0, 0, 0, 0, 0, 23, 22, 255, 45, 1, 4, 0, 1, 49, 5, 1, 155, 136, 217, 100, 4, 64, 213, 0, 0, 0, 0, 0, 0}>
09-18 16:11:08.510 28244 29023 D BluetoothLeScanner: onScanResult() - mScannerId=2
09-18 16:11:08.511 28244 28244 D BluetoothLeScanner: onScanResult() - handler run
09-18 16:11:09.215 14617 14617 D okhttp.TaskRunner: Q10018 scheduled after   0 s: OkHttp WebSocket http://localhost:8081/... writer
09-18 16:11:09.217 14617 14899 D okhttp.TaskRunner: Q10018 starting              : OkHttp WebSocket http://localhost:8081/... writer
09-18 16:11:09.221 14617 14899 D okhttp.TaskRunner: Q10018 run again after   0 s: OkHttp WebSocket http://localhost:8081/... writer
09-18 16:11:09.222 14617 14899 D okhttp.TaskRunner: Q10018 finished run in   5 ms: OkHttp WebSocket http://localhost:8081/... writer
09-18 16:11:09.222 14617 14899 D okhttp.TaskRunner: Q10018 starting              : OkHttp WebSocket http://localhost:8081/... writer
09-18 16:11:09.223 14617 14899 D okhttp.TaskRunner: Q10018 finished run in 484 s: OkHttp WebSocket http://localhost:8081/... writer
09-18 16:11:09.311   997  1841 V bthal.flowcontrol: HciEventPreProcess: HCI Event 0x3e Opcode 0 unhandled <[42]{62, 40, 13, 1, 19, 0, 1, 131, 40, 104, 207, 149, 206, 1, 0, 255, 127, 160, 0, 0, 0, 0, 0, 0, 0, 0, 0, 14, 10, 22, 44, 254, 0, 48, 0, 0, 0, 17, 159, 2, 10, 235}>
09-18 16:11:09.314   997  1841 V bthal.flowcontrol: HciEventPostProcess: HCI Event 0x3e Opcode 0 credits 0 <[42]{62, 40, 13, 1, 19, 0, 1, 131, 40, 104, 207, 149, 206, 1, 0, 255, 127, 160, 0, 0, 0, 0, 0, 0, 0, 0, 0, 14, 10, 22, 44, 254, 0, 48, 0, 0, 0, 17, 159, 2, 10, 235}>
09-18 16:11:09.344   997  1841 V bthal.flowcontrol: HciEventPreProcess: HCI Event 0x3e Opcode 0 unhandled <[42]{62, 40, 13, 1, 19, 0, 1, 17, 167, 244, 220, 169, 196, 1, 0, 255, 127, 202, 0, 0, 0, 0, 0, 0, 0, 0, 0, 14, 10, 22, 44, 254, 0, 48, 0, 0, 0, 17, 155, 2, 10, 235}>
09-18 16:11:09.346   997  1841 V bthal.flowcontrol: HciEventPostProcess: HCI Event 0x3e Opcode 0 credits 0 <[42]{62, 40, 13, 1, 19, 0, 1, 17, 167, 244, 220, 169, 196, 1, 0, 255, 127, 202, 0, 0, 0, 0, 0, 0, 0, 0, 0, 14, 10, 22, 44, 254, 0, 48, 0, 0, 0, 17, 155, 2, 10, 235}>
09-18 16:11:09.346   997  1841 V bthal.flowcontrol: HciEventPreProcess: HCI Event 0x3e Opcode 0 unhandled <[51]{62, 49, 13, 1, 27, 0, 1, 17, 167, 244, 220, 169, 196, 1, 0, 255, 127, 202, 0, 0, 0, 0, 0, 0, 0, 0, 0, 23, 22, 255, 45, 1, 4, 0, 1, 49, 5, 1, 155, 136, 217, 100, 4, 64, 213, 0, 0, 0, 0, 0, 0}>
09-18 16:11:09.347   997  1841 V bthal.flowcontrol: HciEventPostProcess: HCI Event 0x3e Opcode 0 credits 0 <[51]{62, 49, 13, 1, 27, 0, 1, 17, 167, 244, 220, 169, 196, 1, 0, 255, 127, 202, 0, 0, 0, 0, 0, 0, 0, 0, 0, 23, 22, 255, 45, 1, 4, 0, 1, 49, 5, 1, 155, 136, 217, 100, 4, 64, 213, 0, 0, 0, 0, 0, 0}>
09-18 16:11:09.348 25569 25603 V bt_btm_ble: btm_ble_process_adv_addr: bda=xx:xx:xx:xx:a7:11
09-18 16:11:09.348 25569 25603 V bt_btm_ble: btm_ble_update_inq_result: Random address, treat device as LE only
09-18 16:11:09.353 28244 29023 D BluetoothLeScanner: onScanResult() - mScannerId=2
09-18 16:11:09.353 28244 28244 D BluetoothLeScanner: onScanResult() - handler run
09-18 16:11:09.667   997  1841 V bthal.flowcontrol: HciEventPreProcess: HCI Event 0x3e Opcode 0 unhandled <[42]{62, 40, 13, 1, 19, 0, 1, 17, 167, 244, 220, 169, 196, 1, 0, 255, 127, 186, 0, 0, 0, 0, 0, 0, 0, 0, 0, 14, 10, 22, 44, 254, 0, 48, 0, 0, 0, 17, 155, 2, 10, 235}>
09-18 16:11:09.669   997  1841 V bthal.flowcontrol: HciEventPostProcess: HCI Event 0x3e Opcode 0 credits 0 <[42]{62, 40, 13, 1, 19, 0, 1, 17, 167, 244, 220, 169, 196, 1, 0, 255, 127, 186, 0, 0, 0, 0, 0, 0, 0, 0, 0, 14, 10, 22, 44, 254, 0, 48, 0, 0, 0, 17, 155, 2, 10, 235}>
09-18 16:11:09.669   997  1841 V bthal.flowcontrol: HciEventPreProcess: HCI Event 0x3e Opcode 0 unhandled <[51]{62, 49, 13, 1, 27, 0, 1, 17, 167, 244, 220, 169, 196, 1, 0, 255, 127, 185, 0, 0, 0, 0, 0, 0, 0, 0, 0, 23, 22, 255, 45, 1, 4, 0, 1, 49, 5, 1, 155, 136, 217, 100, 4, 64, 213, 0, 0, 0, 0, 0, 0}>
09-18 16:11:09.671   997  1841 V bthal.flowcontrol: HciEventPostProcess: HCI Event 0x3e Opcode 0 credits 0 <[51]{62, 49, 13, 1, 27, 0, 1, 17, 167, 244, 220, 169, 196, 1, 0, 255, 127, 185, 0, 0, 0, 0, 0, 0, 0, 0, 0, 23, 22, 255, 45, 1, 4, 0, 1, 49, 5, 1, 155, 136, 217, 100, 4, 64, 213, 0, 0, 0, 0, 0, 0}>
09-18 16:11:09.671 25569 25603 V bt_btm_ble: btm_ble_process_adv_addr: bda=xx:xx:xx:xx:a7:11
09-18 16:11:09.672 25569 25603 V bt_btm_ble: btm_ble_update_inq_result: Random address, treat device as LE only
09-18 16:11:09.675 28244 29023 D BluetoothLeScanner: onScanResult() - mScannerId=2
09-18 16:11:09.676 28244 28244 D BluetoothLeScanner: onScanResult() - handler run
09-18 16:11:09.806 14617 14834 D okhttp.TaskRunner: Q10292 scheduled after   0 s: OkHttp WebSocket https://nexus-websocket-a.intercom.io/... writer
09-18 16:11:09.808 14617 14749 D okhttp.TaskRunner: Q10292 starting              : OkHttp WebSocket https://nexus-websocket-a.intercom.io/... writer
09-18 16:11:09.809 14617 14749 D okhttp.TaskRunner: Q10292 scheduled after  60 s : OkHttp WebSocket https://nexus-websocket-a.intercom.io/... cancel
09-18 16:11:09.816 14617 14749 D okhttp.TaskRunner: Q10292 run again after   0 s: OkHttp WebSocket https://nexus-websocket-a.intercom.io/... writer
09-18 16:11:09.817 14617 14749 D okhttp.TaskRunner: Q10292 finished run in   9 ms: OkHttp WebSocket https://nexus-websocket-a.intercom.io/... writer
09-18 16:11:09.818 14617 14749 D okhttp.TaskRunner: Q10292 starting              : OkHttp WebSocket https://nexus-websocket-a.intercom.io/... writer
09-18 16:11:09.819 14617 14749 D okhttp.TaskRunner: Q10292 finished run in 729 s: OkHttp WebSocket https://nexus-websocket-a.intercom.io/... writer
09-18 16:11:09.851 14617 16256 D okhttp.TaskRunner: Q10292 canceled              : OkHttp WebSocket https://nexus-websocket-a.intercom.io/... cancel
09-18 16:11:09.852 14617 16256 D okhttp.TaskRunner: Q10000 canceled              : OkHttp ConnectionPool
09-18 16:11:10.211 14617 14617 D okhttp.TaskRunner: Q10018 scheduled after   0 s: OkHttp WebSocket http://localhost:8081/... writer
09-18 16:11:10.213 14617 14899 D okhttp.TaskRunner: Q10018 starting              : OkHttp WebSocket http://localhost:8081/... writer
09-18 16:11:10.216 14617 14899 D okhttp.TaskRunner: Q10018 run again after   0 s: OkHttp WebSocket http://localhost:8081/... writer
09-18 16:11:10.217 14617 14899 D okhttp.TaskRunner: Q10018 finished run in   4 ms: OkHttp WebSocket http://localhost:8081/... writer
09-18 16:11:10.218 14617 14899 D okhttp.TaskRunner: Q10018 starting              : OkHttp WebSocket http://localhost:8081/... writer
09-18 16:11:10.219 14617 14899 D okhttp.TaskRunner: Q10018 finished run in 798 s: OkHttp WebSocket http://localhost:8081/... writer
09-18 16:11:10.449  1069  1069 I WifiHAL : Creating message to get link statistics; iface = 48
09-18 16:11:10.542   997  1841 V bthal.flowcontrol: HciEventPreProcess: HCI Event 0x3e Opcode 0 unhandled <[44]{62, 42, 13, 1, 19, 0, 1, 167, 209, 141, 238, 141, 200, 1, 0, 255, 127, 163, 0, 0, 0, 0, 0, 0, 0, 0, 0, 16, 12, 22, 44, 254, 0, 80, 200, 4, 2, 9, 23, 17, 241, 2, 10, 235}>
09-18 16:11:10.545   997  1841 V bthal.flowcontrol: HciEventPostProcess: HCI Event 0x3e Opcode 0 credits 0 <[44]{62, 42, 13, 1, 19, 0, 1, 167, 209, 141, 238, 141, 200, 1, 0, 255, 127, 163, 0, 0, 0, 0, 0, 0, 0, 0, 0, 16, 12, 22, 44, 254, 0, 80, 200, 4, 2, 9, 23, 17, 241, 2, 10, 235}>
09-18 16:11:10.556  1069  1069 I WifiHAL : In GetLinkStatsCommand::handleResponse
09-18 16:11:10.558  1069  1069 E IPCThreadState: binder thread pool (1 threads) starved for 110 ms
09-18 16:11:10.561  1069  1069 I WifiHAL : Getting cached scan results, iface handle = 0xb400007239e514d0
09-18 16:11:10.561  1069  1069 E WifiHAL : Creating message to get cached scan results
09-18 16:11:10.574  1069  1069 I WifiHAL : In GetCachedScanResultsCommand::handleResponse
09-18 16:11:10.598   997  1841 V bthal.flowcontrol: HciEventPreProcess: HCI Event 0x3e Opcode 0 unhandled <[42]{62, 40, 13, 1, 19, 0, 1, 17, 167, 244, 220, 169, 196, 1, 0, 255, 127, 195, 0, 0, 0, 0, 0, 0, 0, 0, 0, 14, 10, 22, 44, 254, 0, 48, 0, 0, 0, 17, 155, 2, 10, 235}>
09-18 16:11:10.600   997  1841 V bthal.flowcontrol: HciEventPostProcess: HCI Event 0x3e Opcode 0 credits 0 <[42]{62, 40, 13, 1, 19, 0, 1, 17, 167, 244, 220, 169, 196, 1, 0, 255, 127, 195, 0, 0, 0, 0, 0, 0, 0, 0, 0, 14, 10, 22, 44, 254, 0, 48, 0, 0, 0, 17, 155, 2, 10, 235}>
09-18 16:11:10.601   997  1841 V bthal.flowcontrol: HciEventPreProcess: HCI Event 0x3e Opcode 0 unhandled <[51]{62, 49, 13, 1, 27, 0, 1, 17, 167, 244, 220, 169, 196, 1, 0, 255, 127, 195, 0, 0, 0, 0, 0, 0, 0, 0, 0, 23, 22, 255, 45, 1, 4, 0, 1, 49, 5, 1, 155, 136, 217, 100, 4, 64, 213, 0, 0, 0, 0, 0, 0}>
09-18 16:11:10.602   997  1841 V bthal.flowcontrol: HciEventPostProcess: HCI Event 0x3e Opcode 0 credits 0 <[51]{62, 49, 13, 1, 27, 0, 1, 17, 167, 244, 220, 169, 196, 1, 0, 255, 127, 195, 0, 0, 0, 0, 0, 0, 0, 0, 0, 23, 22, 255, 45, 1, 4, 0, 1, 49, 5, 1, 155, 136, 217, 100, 4, 64, 213, 0, 0, 0, 0, 0, 0}>
09-18 16:11:10.602 25569 25603 V bt_btm_ble: btm_ble_process_adv_addr: bda=xx:xx:xx:xx:a7:11
09-18 16:11:10.603 25569 25603 V bt_btm_ble: btm_ble_update_inq_result: Random address, treat device as LE only
09-18 16:11:10.606 28244 29023 D BluetoothLeScanner: onScanResult() - mScannerId=2
09-18 16:11:10.607 28244 28244 D BluetoothLeScanner: onScanResult() - handler run
09-18 16:11:10.612 28244 16378 I NearbyMediums: No BLE Fast/GATT advertisements found in the latest cycle.
09-18 16:11:10.612 28244 16378 I NearbyMediums: Current Tracked Scanning Clients are : {NearbyConnections.EnvironmentMonitor, NearbySharing, NearbyConnections.TxAdvertisement}
09-18 16:11:10.676  1671  2205 D ConnectivityService: NetReassign [no changes] [c 6] [a 9] [i 27]
09-18 16:11:11.023   997  1841 V bthal.flowcontrol: HciEventPreProcess: HCI Event 0x3e Opcode 0 unhandled <[42]{62, 40, 13, 1, 19, 0, 1, 17, 167, 244, 220, 169, 196, 1, 0, 255, 127, 202, 0, 0, 0, 0, 0, 0, 0, 0, 0, 14, 10, 22, 44, 254, 0, 48, 0, 0, 0, 17, 155, 2, 10, 235}>
09-18 16:11:11.026   997  1841 V bthal.flowcontrol: HciEventPostProcess: HCI Event 0x3e Opcode 0 credits 0 <[42]{62, 40, 13, 1, 19, 0, 1, 17, 167, 244, 220, 169, 196, 1, 0, 255, 127, 202, 0, 0, 0, 0, 0, 0, 0, 0, 0, 14, 10, 22, 44, 254, 0, 48, 0, 0, 0, 17, 155, 2, 10, 235}>
09-18 16:11:11.027   997  1841 V bthal.flowcontrol: HciEventPreProcess: HCI Event 0x3e Opcode 0 unhandled <[51]{62, 49, 13, 1, 27, 0, 1, 17, 167, 244, 220, 169, 196, 1, 0, 255, 127, 202, 0, 0, 0, 0, 0, 0, 0, 0, 0, 23, 22, 255, 45, 1, 4, 0, 1, 49, 5, 1, 155, 136, 217, 100, 4, 64, 213, 0, 0, 0, 0, 0, 0}>
09-18 16:11:11.028   997  1841 V bthal.flowcontrol: HciEventPostProcess: HCI Event 0x3e Opcode 0 credits 0 <[51]{62, 49, 13, 1, 27, 0, 1, 17, 167, 244, 220, 169, 196, 1, 0, 255, 127, 202, 0, 0, 0, 0, 0, 0, 0, 0, 0, 23, 22, 255, 45, 1, 4, 0, 1, 49, 5, 1, 155, 136, 217, 100, 4, 64, 213, 0, 0, 0, 0, 0, 0}>
09-18 16:11:11.028 25569 25603 V bt_btm_ble: btm_ble_process_adv_addr: bda=xx:xx:xx:xx:a7:11
09-18 16:11:11.029 25569 25603 V bt_btm_ble: btm_ble_update_inq_result: Random address, treat device as LE only
09-18 16:11:11.032 28244 29023 D BluetoothLeScanner: onScanResult() - mScannerId=2
09-18 16:11:11.032 28244 28244 D BluetoothLeScanner: onScanResult() - handler run
09-18 16:11:11.110   997  1841 V bthal.flowcontrol: HciEventPreProcess: HCI Event 0x3e Opcode 0 unhandled <[48]{62, 46, 13, 1, 19, 0, 1, 191, 35, 180, 192, 233, 101, 1, 0, 255, 127, 157, 0, 0, 0, 0, 0, 0, 0, 0, 0, 20, 2, 10, 240, 12, 22, 44, 254, 0, 64, 16, 132, 78, 4, 33, 74, 130, 3, 2, 130, 253}>
09-18 16:11:11.113   997  1841 V bthal.flowcontrol: HciEventPostProcess: HCI Event 0x3e Opcode 0 credits 0 <[48]{62, 46, 13, 1, 19, 0, 1, 191, 35, 180, 192, 233, 101, 1, 0, 255, 127, 157, 0, 0, 0, 0, 0, 0, 0, 0, 0, 20, 2, 10, 240, 12, 22, 44, 254, 0, 64, 16, 132, 78, 4, 33, 74, 130, 3, 2, 130, 253}>
09-18 16:11:11.115  1910  1910 V pixel-thermal: Verify sensor abnormality for north_therm with temp 29.836
09-18 16:11:11.116  1910  1910 V pixel-thermal: Verify sensor abnormality for cam_therm with temp 30.169
09-18 16:11:11.117  1910  1910 V pixel-thermal: Verify sensor abnormality for soc_therm with temp 32.373
09-18 16:11:11.117  1910  1910 V pixel-thermal: Verify sensor abnormality for charge_therm with temp 33.419
09-18 16:11:11.118  1910  1910 V pixel-thermal: Verify sensor abnormality for disp_therm with temp 30.437
09-18 16:11:11.119  1910  1910 V pixel-thermal: Verify sensor abnormality for battery with temp 29.9
09-18 16:11:11.120  1910  1910 V pixel-thermal: Verify sensor abnormality for neutral_therm with temp 31.505
09-18 16:11:11.124  1910  1910 V pixel-thermal: Verify sensor abnormality for quiet_therm with temp 29.991
09-18 16:11:11.124  1910  1910 V pixel-thermal: Verify sensor abnormality for usb_pwr_therm with temp 30.526
09-18 16:11:11.125  1910  1910 V pixel-thermal: Verify sensor abnormality for VIRTUAL-SKIN-SUB-0 with temp 29.9717
09-18 16:11:11.125  1910  1910 V pixel-thermal: Current Temp Status: temp=29.9717 repeat_count=1 start_time=3208586948719519
09-18 16:11:11.125   997  1841 V bthal.flowcontrol: HciEventPreProcess: HCI Event 0x3e Opcode 0 unhandled <[42]{62, 40, 13, 1, 19, 0, 1, 17, 167, 244, 220, 169, 196, 1, 0, 255, 127, 202, 0, 0, 0, 0, 0, 0, 0, 0, 0, 14, 10, 22, 44, 254, 0, 48, 0, 0, 0, 17, 155, 2, 10, 235}>
09-18 16:11:11.125  1910  1910 V pixel-thermal: For value: 29.9717 bucket is: 0
09-18 16:11:11.125  1910  1910 V pixel-thermal: Verify sensor abnormality for VIRTUAL-SKIN-SUB-1 with temp 26.9569
09-18 16:11:11.125  1910  1910 V pixel-thermal: Current Temp Status: temp=26.9569 repeat_count=1 start_time=3208586949236527
09-18 16:11:11.126  1910  1910 V pixel-thermal: For value: 26.9569 bucket is: 0
09-18 16:11:11.126  1910  1910 V pixel-thermal: Verify sensor abnormality for VIRTUAL-SKIN-SUB-2 with temp 28.9539
09-18 16:11:11.126  1910  1910 V pixel-thermal: Current Temp Status: temp=28.9539 repeat_count=1 start_time=3208586949875932
09-18 16:11:11.126  1910  1910 V pixel-thermal: For value: 28.9539 bucket is: 0
09-18 16:11:11.126  1910  1910 V pixel-thermal: Verify sensor abnormality for VIRTUAL-SKIN-SUB-3 with temp 28.3338
09-18 16:11:11.126  1910  1910 V pixel-thermal: Current Temp Status: temp=28.3338 repeat_count=1 start_time=3208586950762772
09-18 16:11:11.126   997  1841 V bthal.flowcontrol: HciEventPostProcess: HCI Event 0x3e Opcode 0 credits 0 <[42]{62, 40, 13, 1, 19, 0, 1, 17, 167, 244, 220, 169, 196, 1, 0, 255, 127, 202, 0, 0, 0, 0, 0, 0, 0, 0, 0, 14, 10, 22, 44, 254, 0, 48, 0, 0, 0, 17, 155, 2, 10, 235}>
09-18 16:11:11.127  1910  1910 V pixel-thermal: For value: 28.3338 bucket is: 0
09-18 16:11:11.127  1910  1910 V pixel-thermal: Verify sensor abnormality for VIRTUAL-SKIN-SUB-4 with temp 29.5161
09-18 16:11:11.127  1910  1910 V pixel-thermal: Current Temp Status: temp=29.5161 repeat_count=1 start_time=3208586951209712
09-18 16:11:11.127  1910  1910 V pixel-thermal: For value: 29.5161 bucket is: 0
09-18 16:11:11.127  1910  1910 V pixel-thermal: Verify sensor abnormality for VIRTUAL-SKIN-SUB-5 with temp 29.3022
09-18 16:11:11.127   997  1841 V bthal.flowcontrol: HciEventPreProcess: HCI Event 0x3e Opcode 0 unhandled <[51]{62, 49, 13, 1, 27, 0, 1, 17, 167, 244, 220, 169, 196, 1, 0, 255, 127, 202, 0, 0, 0, 0, 0, 0, 0, 0, 0, 23, 22, 255, 45, 1, 4, 0, 1, 49, 5, 1, 155, 136, 217, 100, 4, 64, 213, 0, 0, 0, 0, 0, 0}>
09-18 16:11:11.127  1910  1910 V pixel-thermal: Current Temp Status: temp=29.3022 repeat_count=1 start_time=3208586951688025
09-18 16:11:11.127  1910  1910 V pixel-thermal: For value: 29.3022 bucket is: 0
09-18 16:11:11.128  1910  1910 V pixel-thermal: Verify sensor abnormality for VIRTUAL-SKIN-SUB-6 with temp 27.6844
09-18 16:11:11.128  1910  1910 V pixel-thermal: Current Temp Status: temp=27.6844 repeat_count=1 start_time=3208586952165971
09-18 16:11:11.128  1910  1910 V pixel-thermal: For value: 27.6844 bucket is: 0
09-18 16:11:11.128  1910  1910 V pixel-thermal: Verify sensor abnormality for VIRTUAL-SKIN-SUB-7 with temp 30.8924
