09-18 16:11:19.339   977 16422 V resolv  : 
09-18 16:11:19.339   977 16422 V resolv  : ;; ADDITIONAL SECTION:
09-18 16:11:19.339   977 16422 V resolv  : ; EDNS: version: 0, udp=8192, flags=32768
09-18 16:11:19.339   977 16422 V resolv  : ; OPT=12: 00 00 00 00 00 00 00 00 00 00 00 00 00 00 00 00 00 00 00 00 00 00 00 00 00 00 00 00 00 00 00 00 00 00 00 00 00 00 00 00 00 00 00 00 00 00 00 00 00 00 00 00 00 00 00 00 00 00 00 00 00 00 00 00 00 00 00 00 00 00 00 00 00 00 00 00 00 00 00 00 00  (464646464646464646464646464646464646464646464646464646464646464646464646464646464646464646464646464646464646464646464646464646464646464646464646464646464646464646)
09-18 16:11:19.339   977 16422 V resolv  : Hex dump:
09-18 16:11:19.339   977 16422 V resolv  : 4dfc012000010000000000010167087768617473617070036e657400000100010000292000000080000055000c0051000000000000000000000000000000000000000000000000000000000000000000000000000000000000000000000000000000000000000000000000000000000000000000000000000000000000000000
09-18 16:11:19.339   977 16422 D resolv  : _cache_remove_p: entry 513 removed (count=111)
09-18 16:11:19.339   977 16422 D resolv  : resolv_populate_res_for_net: netid=426
09-18 16:11:19.339   977 16422 D resolv  : res_tls_send: performing query over TLS
09-18 16:11:19.339   977 16422 D resolv  : Sending query of length 128
09-18 16:11:19.339   977 16420 D resolv  : 983466 Writing 130 bytes
09-18 16:11:19.339   977 16420 D resolv  : 983466 Wrote 130 bytes
09-18 16:11:19.339   977 16420 D resolv  : 983466 SSL_write complete
09-18 16:11:19.339   977 16422 D resolv  : Awaiting response
09-18 16:11:19.398   977 16420 D resolv  : reading response
09-18 16:11:19.398   977 16420 D resolv  : 983466 Expecting response of size 468
09-18 16:11:19.398   977 16420 D resolv  : 983466 SSL_read complete
09-18 16:11:19.398   977 16420 V resolv  : Got response of size 468
09-18 16:11:19.398   977 16420 D resolv  : Sending result to dispatcher
09-18 16:11:19.399   977 16422 D resolv  : Got response successfully
09-18 16:11:19.399   977 16422 I resolv  : res_tls_send: TLS query result: 0
09-18 16:11:19.399   977 16422 D resolv  : res_nsend: got answer from Private DNS
09-18 16:11:19.399   977 16422 V resolv  : ;; ->>HEADER<<- opcode: QUERY, status: NOERROR, id: 9362
09-18 16:11:19.399   977 16422 V resolv  : ;; flags: qr rd ra; QUERY: 1, ANSWER: 2, AUTHORITY: 0, ADDITIONAL: 1
09-18 16:11:19.399   977 16422 V resolv  : ;; QUERY SECTION:
09-18 16:11:19.399   977 16422 V resolv  : ;;	g.whatsapp.net, type = A, class = IN
09-18 16:11:19.399   977 16422 V resolv  : ;; ANSWER SECTION:
09-18 16:11:19.399   977 16422 V resolv  : ;; g.whatsapp.net.		59m27s IN CNAME  chat.cdn.whatsapp.net.
09-18 16:11:19.399   977 16422 V resolv  : ;; chat.cdn.whatsapp.net.	27S IN A	31.13.80.48
09-18 16:11:19.399   977 16422 V resolv  : 
09-18 16:11:19.399   977 16422 V resolv  : ;; ADDITIONAL SECTION:
09-18 16:11:19.399   977 16422 V resolv  : ; EDNS: version: 0, udp=1232, flags=32768
09-18 16:11:19.399   977 16422 V resolv  : ; OPT=12: 00 00 00 00 00 00 00 00 00 00 00 00 00 00 00 00 00 00 00 00 00 00 00 00 00 00 00 00 00 00 00 00 00 00 00 00 00 00 00 00 00 00 00 00 00 00 00 00 00 00 00 00 00 00 00 00 00 00 00 00 00 00 00 00 00 00 00 00 00 00 00 00 00 00 00 00 00 00 00 00 00 00 00 00 00 00 00 00 00 00 00 00 00 00 00 00 00 00 00 00 00 00 00 00 00 00 00 00 00 00 00 00 00 00 00 00 00 00 00 00 00 00 00 00 00 00 00 00 00 00 00 00 00 00 00 00 00 00 00 00 00 00 00 00 00 00 00 00 00 00 00 00 00 00 00 00 00 00 00 00 00 00 00 00 00 00 00 00 00 00 00 00 00 00 00 00 00 00 00 00 00 00 00 00 00 00 00 00 00 00 00 00 00 00 00 00 00 00 00 00 00 00 00 00 00 00 00 00 00 00 00 00 00 00 00 00 00 00 00 00 00 00 00 00 00 00 00 00 00 00 00 00 00 00 00 00 00 00 00 00 00 00 00 00 00 00 00 00 00 00 00 00 00 00 00 00 00 00 00 00 00 00 00 00 00 00 00 00 00 00 00 00 00 00 00 00 00 00 00 00 00 00 00 00 00 00 00 00 00 00 00 00 00 00 00 00 00 00 00 00 00 00 00 00 00 00 00 00 00 00 00 00 00 00 00 00 00 00 00 00 00 00 00 00 00 00 00 00 00 00 00 00 00 00 00 00 00 00 00 00 00 00 00 00 00 00 00 00 00 00 00 00 00 00 00 00 00 00 00 00 00 00 00 00 00 00 00 00 00 00 00 00 00 00 00 00 00 00 00 00 00 00  (46464646464646464646464646464646464646464646464646464646464646464646464646464646464646464646464646464646464646464646464646464646464646464646464646464646464646464646464646464646464646464646464646464646464646464646464646464646464646464646464646464646464646464646464646464646464646464646464646464646464646464646464646464646464646464646464646464646464646464646464646464646464646464646464646464646464646464646464646464646464646464646464646464646464646464646464646464646464646464646464646464646464646464646464646464646464646464646464646464646464646464646464646464646464646464646464646464646464646464646464646464646464646464646464646464646464646464646464646464646464646464646464646464646464646464646464646464646464646464646464646464646464646464646464646464646464646464646)
09-18 16:11:19.400   977 16422 V resolv  : Hex dump:
09-18 16:11:19.400   977 16422 V resolv  : 2492818000010002000000010167087768617473617070036e65740000010001c00c0005000100000def000b04636861740363646ec00ec02c000100010000001b00041f0d503000002904d0000080000182000c017e00000000000000000000000000000000000000000000000000000000000000000000000000000000000000000000000000000000000000000000000000000000000000000000000000000000000000000000000000000000000000000000000000000000000000000000000000000000000000000000000000000000000000000000000000000000000000000000000000000000000000000000000000000000000000000000000000000000000000000000000000000000000000000000000000000000000000000000000000000000000000000000000000000000000000000000000000000000000000000000000000000000000000000000000000000000000000000000000000000000000000000000000000000000000000000000000000000000000000000000000000000000000000000000000000000000000000000000000000000000000000000000000000000000000000000000000000000000000000000000000000000000000000000000000000000000000000000000
09-18 16:11:19.400   977 16422 D resolv  : answer_getTTL: TTL = 27
09-18 16:11:19.400   977 16422 D resolv  : _cache_add_p: entry 515 added (count=112)
09-18 16:11:19.400   977 16422 D resolv  : cache_dump_mru_locked: MRU LIST (112):  515 514 512 511 510 507 505 503 502 500 495 493 471 462 483 482 481 454 453 479 478 450 476 475 474 473 472 465 440 436 435 433 432 431 430 429 426 425 424 421 417 403 408 407 406 405 402 401 400 398 397 396 395 394 375 374 350 322 312 316 315 314 313 301 273 253 226 206 85 168 161 159 158 151 156 154 152 141 135 131 129 123 122 121 120 119 118 116 115 114 113 112 111 108 61 83 76 75 62 60 13 53 50 44 37 34 32 25 11 4 2 1
09-18 16:11:19.400   977 16422 I resolv  : doQuery: rcode=0, ancount=2, return value=468
09-18 16:11:19.412   997  1841 V bthal.flowcontrol: HciEventPreProcess: HCI Event 0x3e Opcode 0 unhandled <[42]{62, 40, 13, 1, 19, 128, 1, 17, 167, 244, 220, 169, 196, 1, 0, 255, 127, 220, 0, 0, 0, 0, 0, 0, 0, 0, 0, 14, 10, 22, 44, 254, 0, 48, 0, 0, 0, 17, 155, 2, 10, 235}>
09-18 16:11:19.414   997  1841 V bthal.flowcontrol: HciEventPostProcess: HCI Event 0x3e Opcode 0 credits 0 <[42]{62, 40, 13, 1, 19, 128, 1, 17, 167, 244, 220, 169, 196, 1, 0, 255, 127, 220, 0, 0, 0, 0, 0, 0, 0, 0, 0, 14, 10, 22, 44, 254, 0, 48, 0, 0, 0, 17, 155, 2, 10, 235}>
09-18 16:11:19.598  1671  5312 W ActivityManager: Background start not allowed: service Intent { act=com.whatsapp.messageservice.messaging.MessageService.START cmp=com.whatsapp/.messageservice.messaging.MessageService } to com.whatsapp/.messageservice.messaging.MessageService from pid=23608 uid=10296 pkg=com.whatsapp startFg?=false
09-18 16:11:19.704  1671  1766 W JobInfo : Job 'com.whatsapp/.infra.push.RegistrationIntentService#4' has a deadline with no functional constraints. The deadline won't improve job execution latency. Consider removing the deadline.
09-18 16:11:19.730  1671  1849 V libprocessgroup: Applying profile action SetTimerSlack failed
09-18 16:11:19.745  1671  1849 V libprocessgroup: Applying profile action SetTimerSlack failed
09-18 16:11:20.043  1069  1069 I WifiHAL : Creating message to get link statistics; iface = 48
09-18 16:11:20.145  1069  1069 I WifiHAL : In GetLinkStatsCommand::handleResponse
09-18 16:11:20.147  1069  1069 E IPCThreadState: binder thread pool (1 threads) starved for 104 ms
09-18 16:11:20.149  1069  1069 I WifiHAL : Getting cached scan results, iface handle = 0xb400007239e514d0
09-18 16:11:20.149  1069  1069 E WifiHAL : Creating message to get cached scan results
09-18 16:11:20.160  1069  1069 I WifiHAL : In GetCachedScanResultsCommand::handleResponse
09-18 16:11:20.219 14617 14617 D okhttp.TaskRunner: Q10018 scheduled after   0 s: OkHttp WebSocket http://localhost:8081/... writer
09-18 16:11:20.221 14617 14749 D okhttp.TaskRunner: Q10018 starting              : OkHttp WebSocket http://localhost:8081/... writer
09-18 16:11:20.225 14617 14749 D okhttp.TaskRunner: Q10018 run again after   0 s: OkHttp WebSocket http://localhost:8081/... writer
09-18 16:11:20.226 14617 14749 D okhttp.TaskRunner: Q10018 finished run in   6 ms: OkHttp WebSocket http://localhost:8081/... writer
09-18 16:11:20.227 14617 14749 D okhttp.TaskRunner: Q10018 starting              : OkHttp WebSocket http://localhost:8081/... writer
09-18 16:11:20.228 14617 14749 D okhttp.TaskRunner: Q10018 finished run in 811 s: OkHttp WebSocket http://localhost:8081/... writer
09-18 16:11:20.257  1671  2205 D ConnectivityService: NetReassign [no changes] [c 4] [a 6] [i 15]
09-18 16:11:20.415   997 25607 I bthal.activity: bt_power: LeAdvStat: 16:11:07:672 - 16:11:20:415, duration: 12742, le_adv_count: 51, total_le_adv_count: 198886, total_event_count: 51
09-18 16:11:20.617 28244 16378 I NearbyMediums: No BLE Fast/GATT advertisements found in the latest cycle.
09-18 16:11:20.617 28244 16378 I NearbyMediums: Current Tracked Scanning Clients are : {NearbyConnections.EnvironmentMonitor, NearbySharing, NearbyConnections.TxAdvertisement}
09-18 16:11:20.683  1039 15065 W C2BqBuffer: last successful dequeue was 423806748 us ago, 0 consecutive failures
09-18 16:11:20.867   997  1841 V bthal.flowcontrol: HciEventPreProcess: HCI Event 0x3e Opcode 0 unhandled <[42]{62, 40, 13, 1, 19, 128, 1, 17, 167, 244, 220, 169, 196, 1, 0, 255, 127, 196, 0, 0, 0, 0, 0, 0, 0, 0, 0, 14, 10, 22, 44, 254, 0, 48, 0, 0, 0, 17, 155, 2, 10, 235}>
09-18 16:11:20.871   997  1841 V bthal.flowcontrol: HciEventPostProcess: HCI Event 0x3e Opcode 0 credits 0 <[42]{62, 40, 13, 1, 19, 128, 1, 17, 167, 244, 220, 169, 196, 1, 0, 255, 127, 196, 0, 0, 0, 0, 0, 0, 0, 0, 0, 14, 10, 22, 44, 254, 0, 48, 0, 0, 0, 17, 155, 2, 10, 235}>
09-18 16:11:20.871   997  1841 V bthal.flowcontrol: HciEventPreProcess: HCI Event 0x3e Opcode 0 unhandled <[51]{62, 49, 13, 1, 27, 128, 1, 17, 167, 244, 220, 169, 196, 1, 0, 255, 127, 196, 0, 0, 0, 0, 0, 0, 0, 0, 0, 23, 22, 255, 45, 1, 4, 0, 1, 49, 5, 1, 155, 136, 217, 100, 4, 64, 213, 0, 0, 0, 0, 0, 0}>
09-18 16:11:20.873 25569 25603 V bt_btm_ble: btm_ble_process_adv_addr: bda=xx:xx:xx:xx:a7:11
09-18 16:11:20.873 25569 25603 V bt_btm_ble: btm_ble_update_inq_result: Random address, treat device as LE only
09-18 16:11:20.874   997  1841 V bthal.flowcontrol: HciEventPostProcess: HCI Event 0x3e Opcode 0 credits 0 <[51]{62, 49, 13, 1, 27, 128, 1, 17, 167, 244, 220, 169, 196, 1, 0, 255, 127, 196, 0, 0, 0, 0, 0, 0, 0, 0, 0, 23, 22, 255, 45, 1, 4, 0, 1, 49, 5, 1, 155, 136, 217, 100, 4, 64, 213, 0, 0, 0, 0, 0, 0}>
09-18 16:11:20.876 28244 29023 D BluetoothLeScanner: onScanResult() - mScannerId=2
09-18 16:11:20.877 28244 28244 D BluetoothLeScanner: onScanResult() - handler run
09-18 16:11:20.974   997  1841 V bthal.flowcontrol: HciEventPreProcess: HCI Event 0x3e Opcode 0 unhandled <[42]{62, 40, 13, 1, 19, 0, 1, 17, 167, 244, 220, 169, 196, 1, 0, 255, 127, 195, 0, 0, 0, 0, 0, 0, 0, 0, 0, 14, 10, 22, 44, 254, 0, 48, 0, 0, 0, 17, 155, 2, 10, 235}>
09-18 16:11:20.977   997  1841 V bthal.flowcontrol: HciEventPostProcess: HCI Event 0x3e Opcode 0 credits 0 <[42]{62, 40, 13, 1, 19, 0, 1, 17, 167, 244, 220, 169, 196, 1, 0, 255, 127, 195, 0, 0, 0, 0, 0, 0, 0, 0, 0, 14, 10, 22, 44, 254, 0, 48, 0, 0, 0, 17, 155, 2, 10, 235}>
09-18 16:11:20.977   997  1841 V bthal.flowcontrol: HciEventPreProcess: HCI Event 0x3e Opcode 0 unhandled <[51]{62, 49, 13, 1, 27, 0, 1, 17, 167, 244, 220, 169, 196, 1, 0, 255, 127, 195, 0, 0, 0, 0, 0, 0, 0, 0, 0, 23, 22, 255, 45, 1, 4, 0, 1, 49, 5, 1, 155, 136, 217, 100, 4, 64, 213, 0, 0, 0, 0, 0, 0}>
09-18 16:11:20.979 25569 25603 V bt_btm_ble: btm_ble_process_adv_addr: bda=xx:xx:xx:xx:a7:11
09-18 16:11:20.979 25569 25603 V bt_btm_ble: btm_ble_update_inq_result: Random address, treat device as LE only
09-18 16:11:20.980   997  1841 V bthal.flowcontrol: HciEventPostProcess: HCI Event 0x3e Opcode 0 credits 0 <[51]{62, 49, 13, 1, 27, 0, 1, 17, 167, 244, 220, 169, 196, 1, 0, 255, 127, 195, 0, 0, 0, 0, 0, 0, 0, 0, 0, 23, 22, 255, 45, 1, 4, 0, 1, 49, 5, 1, 155, 136, 217, 100, 4, 64, 213, 0, 0, 0, 0, 0, 0}>
09-18 16:11:20.981 28244 29023 D BluetoothLeScanner: onScanResult() - mScannerId=2
09-18 16:11:20.982 28244 28244 D BluetoothLeScanner: onScanResult() - handler run
09-18 16:11:21.142  1910  1910 V pixel-thermal: Verify sensor abnormality for north_therm with temp 29.479
09-18 16:11:21.143  1910  1910 V pixel-thermal: Verify sensor abnormality for cam_therm with temp 30.192
09-18 16:11:21.144  1910  1910 V pixel-thermal: Verify sensor abnormality for soc_therm with temp 32.462
09-18 16:11:21.145  1910  1910 V pixel-thermal: Verify sensor abnormality for charge_therm with temp 33.419
09-18 16:11:21.147  1910  1910 V pixel-thermal: Verify sensor abnormality for disp_therm with temp 30.437
09-18 16:11:21.148  1910  1910 V pixel-thermal: Verify sensor abnormality for battery with temp 29.8
09-18 16:11:21.149  1910  1910 V pixel-thermal: Verify sensor abnormality for neutral_therm with temp 31.483
09-18 16:11:21.150  1910  1910 V pixel-thermal: Verify sensor abnormality for quiet_therm with temp 29.947
09-18 16:11:21.151  1910  1910 V pixel-thermal: Verify sensor abnormality for usb_pwr_therm with temp 30.459
09-18 16:11:21.151  1910  1910 V pixel-thermal: Verify sensor abnormality for VIRTUAL-SKIN-SUB-0 with temp 29.9648
09-18 16:11:21.151  1910  1910 V pixel-thermal: Current Temp Status: temp=29.9717 repeat_count=2 start_time=3208586948719519
09-18 16:11:21.151  1910  1910 V pixel-thermal: For value: 29.9648 bucket is: 0
09-18 16:11:21.152  1910  1910 V pixel-thermal: Verify sensor abnormality for VIRTUAL-SKIN-SUB-1 with temp 26.7926
09-18 16:11:21.152  1910  1910 V pixel-thermal: Current Temp Status: temp=26.9569 repeat_count=2 start_time=3208586949236527
09-18 16:11:21.152  1910  1910 V pixel-thermal: For value: 26.7926 bucket is: 0
09-18 16:11:21.152  1910  1910 V pixel-thermal: Verify sensor abnormality for VIRTUAL-SKIN-SUB-2 with temp 28.8766
09-18 16:11:21.152  1910  1910 V pixel-thermal: Current Temp Status: temp=28.9539 repeat_count=2 start_time=3208586949875932
09-18 16:11:21.152  1910  1910 V pixel-thermal: For value: 28.8766 bucket is: 0
09-18 16:11:21.153  1910  1910 V pixel-thermal: Verify sensor abnormality for VIRTUAL-SKIN-SUB-3 with temp 28.2412
09-18 16:11:21.153  1910  1910 V pixel-thermal: Current Temp Status: temp=28.3338 repeat_count=2 start_time=3208586950762772
09-18 16:11:21.153  1910  1910 V pixel-thermal: For value: 28.2412 bucket is: 0
09-18 16:11:21.153  1910  1910 V pixel-thermal: Verify sensor abnormality for VIRTUAL-SKIN-SUB-4 with temp 29.199
09-18 16:11:21.153  1910  1910 V pixel-thermal: Current Temp Status: temp=29.5161 repeat_count=2 start_time=3208586951209712
09-18 16:11:21.153  1910  1910 V pixel-thermal: For value: 29.199 bucket is: 0
09-18 16:11:21.154  1910  1910 V pixel-thermal: Verify sensor abnormality for VIRTUAL-SKIN-SUB-5 with temp 29.2662
09-18 16:11:21.154  1910  1910 V pixel-thermal: Current Temp Status: temp=29.3022 repeat_count=2 start_time=3208586951688025
09-18 16:11:21.154  1910  1910 V pixel-thermal: For value: 29.2662 bucket is: 0
09-18 16:11:21.154  1910  1910 V pixel-thermal: Verify sensor abnormality for VIRTUAL-SKIN-SUB-6 with temp 27.6502
09-18 16:11:21.154  1910  1910 V pixel-thermal: Current Temp Status: temp=27.6844 repeat_count=2 start_time=3208586952165971
09-18 16:11:21.154  1910  1910 V pixel-thermal: For value: 27.6502 bucket is: 0
09-18 16:11:21.155  1910  1910 V pixel-thermal: Verify sensor abnormality for VIRTUAL-SKIN-SUB-7 with temp 30.8529
09-18 16:11:21.155  1910  1910 V pixel-thermal: Current Temp Status: temp=30.8924 repeat_count=2 start_time=3208586952614294
09-18 16:11:21.155  1910  1910 V pixel-thermal: For value: 30.8529 bucket is: 0
09-18 16:11:21.155  1910  1910 V pixel-thermal: Verify sensor abnormality for VIRTUAL-SKIN-SUB-8 with temp 30.0468
09-18 16:11:21.155  1910  1910 V pixel-thermal: Current Temp Status: temp=30.0739 repeat_count=2 start_time=3208586953002396
09-18 16:11:21.155  1910  1910 V pixel-thermal: For value: 30.0468 bucket is: 0
09-18 16:11:21.156  1910  1910 V pixel-thermal: Verify sensor abnormality for VIRTUAL-SKIN-SUB-9 with temp 30.5049
09-18 16:11:21.156  1910  1910 V pixel-thermal: Current Temp Status: temp=30.5232 repeat_count=2 start_time=3208586953438269
09-18 16:11:21.156  1910  1910 V pixel-thermal: For value: 30.5049 bucket is: 0
09-18 16:11:21.156  1910  1910 V pixel-thermal: Verify sensor abnormality for VIRTUAL-SKIN-SUB-10 with temp 29.0381
09-18 16:11:21.157  1910  1910 V pixel-thermal: Current Temp Status: temp=29.0588 repeat_count=2 start_time=3208586954358964
09-18 16:11:21.157  1910  1910 V pixel-thermal: For value: 29.0381 bucket is: 0
09-18 16:11:21.157  1910  1910 V pixel-thermal: Verify sensor abnormality for VIRTUAL-SKIN with temp 30.8529
09-18 16:11:21.157  1910  1910 V pixel-thermal: Current Temp Status: temp=30.8924 repeat_count=2 start_time=3208586954646155
09-18 16:11:21.157  1910  1910 V pixel-thermal: For value: 30.8529 bucket is: 0
09-18 16:11:21.157  1910  1910 I pixel-thermal: VIRTUAL-SKIN:30.8529 raw data: VIRTUAL-SKIN:30852.9 VIRTUAL-SKIN-SUB-0:29964.8 VIRTUAL-SKIN-SUB-1:26792.6 VIRTUAL-SKIN-SUB-10:29038.1 VIRTUAL-SKIN-SUB-2:28876.6 VIRTUAL-SKIN-SUB-3:28241.2 VIRTUAL-SKIN-SUB-4:29199 VIRTUAL-SKIN-SUB-5:29266.2 VIRTUAL-SKIN-SUB-6:27650.2 VIRTUAL-SKIN-SUB-7:30852.9 VIRTUAL-SKIN-SUB-8:30046.8 VIRTUAL-SKIN-SUB-9:30504.9 battery:29800 cam_therm:30192 charge_therm:33419 disp_therm:30437 neutral_therm:31483 north_therm:29479 quiet_therm:29947 soc_therm:32462 usb_pwr_therm:30459 
09-18 16:11:21.159  2477  2563 D TemperatureStateSource: getDeviceTemperatures: deviceTemperatureType=3 temperatureSource=0 temperatures=[30.85292]
09-18 16:11:21.161  2477 16847 D BusinessScope: Start running the #253329 block
09-18 16:11:21.166  1910  1910 I pixel-thermal: VIRTUAL-SKIN:30.8529 raw data: VIRTUAL-SKIN:30852.9 
09-18 16:11:21.167  2477 16847 I TemperatureStateSource: temperature was set
09-18 16:11:21.170  2477 16847 D BusinessScope: Finish running the #253329 block
09-18 16:11:21.171  2477 16847 D BusinessScope: Start running the #253330 block
09-18 16:11:21.172  2477  2580 D ImpulseConnection: bindService: com.google.android.apps.turbo
09-18 16:11:21.194  1671  4447 D ActivityManager: sync unfroze 3931 com.google.android.apps.turbo for 6
09-18 16:11:21.196  1671  1849 V libprocessgroup: Applying profile action SetTimerSlack failed
09-18 16:11:21.201   997  1841 V bthal.flowcontrol: HciEventPreProcess: HCI Event 0x3e Opcode 0 unhandled <[44]{62, 42, 13, 1, 19, 0, 1, 167, 209, 141, 238, 141, 200, 1, 0, 255, 127, 163, 0, 0, 0, 0, 0, 0, 0, 0, 0, 16, 12, 22, 44, 254, 0, 80, 200, 4, 2, 9, 23, 17, 241, 2, 10, 235}>
09-18 16:11:21.205   997  1841 V bthal.flowcontrol: HciEventPostProcess: HCI Event 0x3e Opcode 0 credits 0 <[44]{62, 42, 13, 1, 19, 0, 1, 167, 209, 141, 238, 141, 200, 1, 0, 255, 127, 163, 0, 0, 0, 0, 0, 0, 0, 0, 0, 16, 12, 22, 44, 254, 0, 80, 200, 4, 2, 9, 23, 17, 241, 2, 10, 235}>
09-18 16:11:21.212  2477  2477 D ImpulseConnection: onServiceConnected: ComponentInfo{com.google.android.apps.turbo/com.google.android.apps.turbo.adaptiveplatform.impulse.ImpulseClientService} service is null false
09-18 16:11:21.215  2477  2580 D BusinessScope: Finish running the #253330 block
09-18 16:11:21.220 14617 14617 D okhttp.TaskRunner: Q10018 scheduled after   0 s: OkHttp WebSocket http://localhost:8081/... writer
09-18 16:11:21.221 14617 14899 D okhttp.TaskRunner: Q10018 starting              : OkHttp WebSocket http://localhost:8081/... writer
09-18 16:11:21.227 14617 14899 D okhttp.TaskRunner: Q10018 run again after   0 s: OkHttp WebSocket http://localhost:8081/... writer
09-18 16:11:21.228 14617 14899 D okhttp.TaskRunner: Q10018 finished run in   7 ms: OkHttp WebSocket http://localhost:8081/... writer
09-18 16:11:21.229 14617 14899 D okhttp.TaskRunner: Q10018 starting              : OkHttp WebSocket http://localhost:8081/... writer
09-18 16:11:21.229 14617 14899 D okhttp.TaskRunner: Q10018 finished run in 579 s: OkHttp WebSocket http://localhost:8081/... writer
09-18 16:11:21.283   997  1841 V bthal.flowcontrol: HciEventPreProcess: HCI Event 0x3e Opcode 0 unhandled <[42]{62, 40, 13, 1, 19, 0, 1, 17, 167, 244, 220, 169, 196, 1, 0, 255, 127, 194, 0, 0, 0, 0, 0, 0, 0, 0, 0, 14, 10, 22, 44, 254, 0, 48, 0, 0, 0, 17, 155, 2, 10, 235}>
09-18 16:11:21.285   997  1841 V bthal.flowcontrol: HciEventPostProcess: HCI Event 0x3e Opcode 0 credits 0 <[42]{62, 40, 13, 1, 19, 0, 1, 17, 167, 244, 220, 169, 196, 1, 0, 255, 127, 194, 0, 0, 0, 0, 0, 0, 0, 0, 0, 14, 10, 22, 44, 254, 0, 48, 0, 0, 0, 17, 155, 2, 10, 235}>
09-18 16:11:21.285   997  1841 V bthal.flowcontrol: HciEventPreProcess: HCI Event 0x3e Opcode 0 unhandled <[51]{62, 49, 13, 1, 27, 0, 1, 17, 167, 244, 220, 169, 196, 1, 0, 255, 127, 194, 0, 0, 0, 0, 0, 0, 0, 0, 0, 23, 22, 255, 45, 1, 4, 0, 1, 49, 5, 1, 155, 136, 217, 100, 4, 64, 213, 0, 0, 0, 0, 0, 0}>
09-18 16:11:21.286   997  1841 V bthal.flowcontrol: HciEventPostProcess: HCI Event 0x3e Opcode 0 credits 0 <[51]{62, 49, 13, 1, 27, 0, 1, 17, 167, 244, 220, 169, 196, 1, 0, 255, 127, 194, 0, 0, 0, 0, 0, 0, 0, 0, 0, 23, 22, 255, 45, 1, 4, 0, 1, 49, 5, 1, 155, 136, 217, 100, 4, 64, 213, 0, 0, 0, 0, 0, 0}>
09-18 16:11:21.286 25569 25603 V bt_btm_ble: btm_ble_process_adv_addr: bda=xx:xx:xx:xx:a7:11
09-18 16:11:21.286 25569 25603 V bt_btm_ble: btm_ble_update_inq_result: Random address, treat device as LE only
09-18 16:11:21.288 28244 29023 D BluetoothLeScanner: onScanResult() - mScannerId=2
09-18 16:11:21.291 28244 28244 D BluetoothLeScanner: onScanResult() - handler run
09-18 16:11:21.389   997  1841 V bthal.flowcontrol: HciEventPreProcess: HCI Event 0x3e Opcode 0 unhandled <[44]{62, 42, 13, 1, 19, 0, 1, 167, 209, 141, 238, 141, 200, 1, 0, 255, 127, 162, 0, 0, 0, 0, 0, 0, 0, 0, 0, 16, 12, 22, 44, 254, 0, 80, 200, 4, 2, 9, 23, 17, 241, 2, 10, 235}>
09-18 16:11:21.391   997  1841 V bthal.flowcontrol: HciEventPostProcess: HCI Event 0x3e Opcode 0 credits 0 <[44]{62, 42, 13, 1, 19, 0, 1, 167, 209, 141, 238, 141, 200, 1, 0, 255, 127, 162, 0, 0, 0, 0, 0, 0, 0, 0, 0, 16, 12, 22, 44, 254, 0, 80, 200, 4, 2, 9, 23, 17, 241, 2, 10, 235}>
09-18 16:11:21.705   997  1841 V bthal.flowcontrol: HciEventPreProcess: HCI Event 0x3e Opcode 0 unhandled <[42]{62, 40, 13, 1, 19, 0, 1, 17, 167, 244, 220, 169, 196, 1, 0, 255, 127, 201, 0, 0, 0, 0, 0, 0, 0, 0, 0, 14, 10, 22, 44, 254, 0, 48, 0, 0, 0, 17, 155, 2, 10, 235}>
09-18 16:11:21.707   997  1841 V bthal.flowcontrol: HciEventPostProcess: HCI Event 0x3e Opcode 0 credits 0 <[42]{62, 40, 13, 1, 19, 0, 1, 17, 167, 244, 220, 169, 196, 1, 0, 255, 127, 201, 0, 0, 0, 0, 0, 0, 0, 0, 0, 14, 10, 22, 44, 254, 0, 48, 0, 0, 0, 17, 155, 2, 10, 235}>
09-18 16:11:21.707   997  1841 V bthal.flowcontrol: HciEventPreProcess: HCI Event 0x3e Opcode 0 unhandled <[51]{62, 49, 13, 1, 27, 0, 1, 17, 167, 244, 220, 169, 196, 1, 0, 255, 127, 201, 0, 0, 0, 0, 0, 0, 0, 0, 0, 23, 22, 255, 45, 1, 4, 0, 1, 49, 5, 1, 155, 136, 217, 100, 4, 64, 213, 0, 0, 0, 0, 0, 0}>
09-18 16:11:21.709 25569 25603 V bt_btm_ble: btm_ble_process_adv_addr: bda=xx:xx:xx:xx:a7:11
09-18 16:11:21.709   997  1841 V bthal.flowcontrol: HciEventPostProcess: HCI Event 0x3e Opcode 0 credits 0 <[51]{62, 49, 13, 1, 27, 0, 1, 17, 167, 244, 220, 169, 196, 1, 0, 255, 127, 201, 0, 0, 0, 0, 0, 0, 0, 0, 0, 23, 22, 255, 45, 1, 4, 0, 1, 49, 5, 1, 155, 136, 217, 100, 4, 64, 213, 0, 0, 0, 0, 0, 0}>
09-18 16:11:21.710 25569 25603 V bt_btm_ble: btm_ble_update_inq_result: Random address, treat device as LE only
09-18 16:11:21.712 28244 29023 D BluetoothLeScanner: onScanResult() - mScannerId=2
09-18 16:11:21.713 28244 28244 D BluetoothLeScanner: onScanResult() - handler run
09-18 16:11:21.798   997  1841 V bthal.flowcontrol: HciEventPreProcess: HCI Event 0x3e Opcode 0 unhandled <[42]{62, 40, 13, 1, 19, 0, 1, 131, 40, 104, 207, 149, 206, 1, 0, 255, 127, 160, 0, 0, 0, 0, 0, 0, 0, 0, 0, 14, 10, 22, 44, 254, 0, 48, 0, 0, 0, 17, 159, 2, 10, 235}>
09-18 16:11:21.800   997  1841 V bthal.flowcontrol: HciEventPostProcess: HCI Event 0x3e Opcode 0 credits 0 <[42]{62, 40, 13, 1, 19, 0, 1, 131, 40, 104, 207, 149, 206, 1, 0, 255, 127, 160, 0, 0, 0, 0, 0, 0, 0, 0, 0, 14, 10, 22, 44, 254, 0, 48, 0, 0, 0, 17, 159, 2, 10, 235}>
09-18 16:11:21.984   997  1841 V bthal.flowcontrol: HciEventPreProcess: HCI Event 0x3e Opcode 0 unhandled <[57]{62, 55, 13, 1, 19, 0, 1, 86, 250, 103, 128, 43, 113, 1, 0, 255, 127, 163, 0, 0, 0, 0, 0, 0, 0, 0, 0, 29, 2, 1, 6, 25, 22, 170, 254, 65, 19, 145, 222, 215, 95, 105, 26, 218, 2, 68, 167, 180, 147, 110, 182, 148, 76, 229, 126, 130, 126}>
09-18 16:11:21.988   997  1841 V bthal.flowcontrol: HciEventPostProcess: HCI Event 0x3e Opcode 0 credits 0 <[57]{62, 55, 13, 1, 19, 0, 1, 86, 250, 103, 128, 43, 113, 1, 0, 255, 127, 163, 0, 0, 0, 0, 0, 0, 0, 0, 0, 29, 2, 1, 6, 25, 22, 170, 254, 65, 19, 145, 222, 215, 95, 105, 26, 218, 2, 68, 167, 180, 147, 110, 182, 148, 76, 229, 126, 130, 126}>
09-18 16:11:22.010   997  1841 V bthal.flowcontrol: HciEventPreProcess: HCI Event 0x3e Opcode 0 unhandled <[42]{62, 40, 13, 1, 19, 0, 1, 17, 167, 244, 220, 169, 196, 1, 0, 255, 127, 200, 0, 0, 0, 0, 0, 0, 0, 0, 0, 14, 10, 22, 44, 254, 0, 48, 0, 0, 0, 17, 155, 2, 10, 235}>
09-18 16:11:22.011   997  1841 V bthal.flowcontrol: HciEventPostProcess: HCI Event 0x3e Opcode 0 credits 0 <[42]{62, 40, 13, 1, 19, 0, 1, 17, 167, 244, 220, 169, 196, 1, 0, 255, 127, 200, 0, 0, 0, 0, 0, 0, 0, 0, 0, 14, 10, 22, 44, 254, 0, 48, 0, 0, 0, 17, 155, 2, 10, 235}>
09-18 16:11:22.011   997  1841 V bthal.flowcontrol: HciEventPreProcess: HCI Event 0x3e Opcode 0 unhandled <[51]{62, 49, 13, 1, 27, 0, 1, 17, 167, 244, 220, 169, 196, 1, 0, 255, 127, 200, 0, 0, 0, 0, 0, 0, 0, 0, 0, 23, 22, 255, 45, 1, 4, 0, 1, 49, 5, 1, 155, 136, 217, 100, 4, 64, 213, 0, 0, 0, 0, 0, 0}>
09-18 16:11:22.013   997  1841 V bthal.flowcontrol: HciEventPostProcess: HCI Event 0x3e Opcode 0 credits 0 <[51]{62, 49, 13, 1, 27, 0, 1, 17, 167, 244, 220, 169, 196, 1, 0, 255, 127, 200, 0, 0, 0, 0, 0, 0, 0, 0, 0, 23, 22, 255, 45, 1, 4, 0, 1, 49, 5, 1, 155, 136, 217, 100, 4, 64, 213, 0, 0, 0, 0, 0, 0}>
09-18 16:11:22.013 25569 25603 V bt_btm_ble: btm_ble_process_adv_addr: bda=xx:xx:xx:xx:a7:11
09-18 16:11:22.013 25569 25603 V bt_btm_ble: btm_ble_update_inq_result: Random address, treat device as LE only
09-18 16:11:22.016 28244 29023 D BluetoothLeScanner: onScanResult() - mScannerId=2
09-18 16:11:22.017 28244 28244 D BluetoothLeScanner: onScanResult() - handler run
09-18 16:11:22.223 14617 14617 D okhttp.TaskRunner: Q10018 scheduled after   0 s: OkHttp WebSocket http://localhost:8081/... writer
09-18 16:11:22.225 14617 14749 D okhttp.TaskRunner: Q10018 starting              : OkHttp WebSocket http://localhost:8081/... writer
09-18 16:11:22.229 14617 14749 D okhttp.TaskRunner: Q10018 run again after   0 s: OkHttp WebSocket http://localhost:8081/... writer
09-18 16:11:22.230 14617 14749 D okhttp.TaskRunner: Q10018 finished run in   5 ms: OkHttp WebSocket http://localhost:8081/... writer
09-18 16:11:22.231 14617 14749 D okhttp.TaskRunner: Q10018 starting              : OkHttp WebSocket http://localhost:8081/... writer
09-18 16:11:22.232 14617 14749 D okhttp.TaskRunner: Q10018 finished run in 820 s: OkHttp WebSocket http://localhost:8081/... writer
09-18 16:11:22.406   997  1841 V bthal.flowcontrol: HciEventPreProcess: HCI Event 0x3e Opcode 0 unhandled <[42]{62, 40, 13, 1, 19, 0, 1, 131, 40, 104, 207, 149, 206, 1, 0, 255, 127, 162, 0, 0, 0, 0, 0, 0, 0, 0, 0, 14, 10, 22, 44, 254, 0, 48, 0, 0, 0, 17, 159, 2, 10, 235}>
09-18 16:11:22.410   997  1841 V bthal.flowcontrol: HciEventPostProcess: HCI Event 0x3e Opcode 0 credits 0 <[42]{62, 40, 13, 1, 19, 0, 1, 131, 40, 104, 207, 149, 206, 1, 0, 255, 127, 162, 0, 0, 0, 0, 0, 0, 0, 0, 0, 14, 10, 22, 44, 254, 0, 48, 0, 0, 0, 17, 159, 2, 10, 235}>
09-18 16:11:22.410   997  1841 V bthal.flowcontrol: HciEventPreProcess: HCI Event 0x3e Opcode 0 unhandled <[51]{62, 49, 13, 1, 27, 0, 1, 131, 40, 104, 207, 149, 206, 1, 0, 255, 127, 162, 0, 0, 0, 0, 0, 0, 0, 0, 0, 23, 22, 255, 45, 1, 4, 0, 1, 49, 5, 1, 160, 180, 225, 87, 4, 64, 213, 0, 0, 0, 0, 0, 0}>
09-18 16:11:22.411 25569 25603 V bt_btm_ble: btm_ble_process_adv_addr: bda=xx:xx:xx:xx:28:83
09-18 16:11:22.412 25569 25603 V bt_btm_ble: btm_ble_update_inq_result: Random address, treat device as LE only
09-18 16:11:22.413   997  1841 V bthal.flowcontrol: HciEventPostProcess: HCI Event 0x3e Opcode 0 credits 0 <[51]{62, 49, 13, 1, 27, 0, 1, 131, 40, 104, 207, 149, 206, 1, 0, 255, 127, 162, 0, 0, 0, 0, 0, 0, 0, 0, 0, 23, 22, 255, 45, 1, 4, 0, 1, 49, 5, 1, 160, 180, 225, 87, 4, 64, 213, 0, 0, 0, 0, 0, 0}>
09-18 16:11:22.415 28244 29023 D BluetoothLeScanner: onScanResult() - mScannerId=2
09-18 16:11:22.416 28244 28244 D BluetoothLeScanner: onScanResult() - handler run
09-18 16:11:22.574   997  1841 V bthal.flowcontrol: HciEventPreProcess: HCI Event 0x3e Opcode 0 unhandled <[57]{62, 55, 13, 1, 19, 0, 1, 97, 182, 196, 208, 252, 50, 1, 0, 255, 127, 183, 0, 0, 0, 0, 0, 0, 0, 0, 0, 29, 2, 1, 6, 25, 22, 170, 254, 64, 164, 18, 244, 95, 51, 7, 62, 219, 128, 212, 205, 234, 58, 149, 212, 84, 220, 87, 212, 203, 144}>
09-18 16:11:22.577   997  1841 V bthal.flowcontrol: HciEventPostProcess: HCI Event 0x3e Opcode 0 credits 0 <[57]{62, 55, 13, 1, 19, 0, 1, 97, 182, 196, 208, 252, 50, 1, 0, 255, 127, 183, 0, 0, 0, 0, 0, 0, 0, 0, 0, 29, 2, 1, 6, 25, 22, 170, 254, 64, 164, 18, 244, 95, 51, 7, 62, 219, 128, 212, 205, 234, 58, 149, 212, 84, 220, 87, 212, 203, 144}>
09-18 16:11:22.578   997  1841 V bthal.flowcontrol: HciEventPreProcess: HCI Event 0x3e Opcode 0 unhandled <[28]{62, 26, 13, 1, 27, 0, 1, 97, 182, 196, 208, 252, 50, 1, 0, 255, 127, 183, 0, 0, 0, 0, 0, 0, 0, 0, 0, 0}>
09-18 16:11:22.579 25569 25603 V bt_btm_ble: btm_ble_process_adv_addr: bda=xx:xx:xx:xx:b6:61
09-18 16:11:22.579 25569 25603 V bt_btm_ble: btm_ble_update_inq_result: NOT_BR/EDR support bit set, treat device as LE only
09-18 16:11:22.580   997  1841 V bthal.flowcontrol: HciEventPostProcess: HCI Event 0x3e Opcode 0 credits 0 <[28]{62, 26, 13, 1, 27, 0, 1, 97, 182, 196, 208, 252, 50, 1, 0, 255, 127, 183, 0, 0, 0, 0, 0, 0, 0, 0, 0, 0}>
09-18 16:11:22.582 28244 29023 D BluetoothLeScanner: onScanResult() - mScannerId=2
09-18 16:11:22.582 28244 28244 D BluetoothLeScanner: onScanResult() - handler run
09-18 16:11:22.623  1671  5312 V AccountManagerService: getAccounts: accountType com.google, caller's uid 10165, pid 28244
09-18 16:11:22.628  1671  5312 V AccountManagerService: getAccounts: accountType com.google, response android.accounts.IAccountManagerResponse$Stub$Proxy@468934b, features [service_usm], caller's uid 10165, pid 28244
09-18 16:11:22.629  1671  5312 V AccountManagerService: initiating bind to authenticator type com.google
09-18 16:11:22.629  1671  5312 V AccountManagerService: performing bindService to ComponentInfo{com.google.android.gms/com.google.android.gms.auth.account.authenticator.GoogleAccountAuthenticatorService}
09-18 16:11:22.632   997  1841 V bthal.flowcontrol: HciEventPreProcess: HCI Event 0x3e Opcode 0 unhandled <[42]{62, 40, 13, 1, 19, 0, 1, 17, 167, 244, 220, 169, 196, 1, 0, 255, 127, 184, 0, 0, 0, 0, 0, 0, 0, 0, 0, 14, 10, 22, 44, 254, 0, 48, 0, 0, 0, 17, 155, 2, 10, 235}>
09-18 16:11:22.635   997  1841 V bthal.flowcontrol: HciEventPostProcess: HCI Event 0x3e Opcode 0 credits 0 <[42]{62, 40, 13, 1, 19, 0, 1, 17, 167, 244, 220, 169, 196, 1, 0, 255, 127, 184, 0, 0, 0, 0, 0, 0, 0, 0, 0, 14, 10, 22, 44, 254, 0, 48, 0, 0, 0, 17, 155, 2, 10, 235}>
09-18 16:11:22.636   997  1841 V bthal.flowcontrol: HciEventPreProcess: HCI Event 0x3e Opcode 0 unhandled <[51]{62, 49, 13, 1, 27, 0, 1, 17, 167, 244, 220, 169, 196, 1, 0, 255, 127, 183, 0, 0, 0, 0, 0, 0, 0, 0, 0, 23, 22, 255, 45, 1, 4, 0, 1, 49, 5, 1, 155, 136, 217, 100, 4, 64, 213, 0, 0, 0, 0, 0, 0}>
09-18 16:11:22.637 25569 25603 V bt_btm_ble: btm_ble_process_adv_addr: bda=xx:xx:xx:xx:a7:11
09-18 16:11:22.637   997  1841 V bthal.flowcontrol: HciEventPostProcess: HCI Event 0x3e Opcode 0 credits 0 <[51]{62, 49, 13, 1, 27, 0, 1, 17, 167, 244, 220, 169, 196, 1, 0, 255, 127, 183, 0, 0, 0, 0, 0, 0, 0, 0, 0, 23, 22, 255, 45, 1, 4, 0, 1, 49, 5, 1, 155, 136, 217, 100, 4, 64, 213, 0, 0, 0, 0, 0, 0}>
09-18 16:11:22.637 25569 25603 V bt_btm_ble: btm_ble_update_inq_result: Random address, treat device as LE only
09-18 16:11:22.639 28244 29023 D BluetoothLeScanner: onScanResult() - mScannerId=2
09-18 16:11:22.651  1671  4447 V AccountManagerService: getUserData( account: Account {name=michaelwsx@gmail.com, type=com.google}, key: services, callerUid: 10165, pid: 28244
09-18 16:11:22.652 28244 28244 D BluetoothLeScanner: onScanResult() - handler run
09-18 16:11:22.656  1671  4447 V AccountManagerService: getUserData( account: Account {name=michaelwsx123@gmail.com, type=com.google}, key: services, callerUid: 10165, pid: 28244
09-18 16:11:22.658  1671  4447 V AccountManagerService: getUserData( account: Account {name=michael.shuhe@lumiqlearn.com, type=com.google}, key: services, callerUid: 10165, pid: 28244
09-18 16:11:22.665  1671  4447 V AccountManagerService: AccountManagerService$GetAccountsByTypeAndFeatureSession calling onResult() on response android.accounts.IAccountManagerResponse$Stub$Proxy@468934b
09-18 16:11:22.681  1671  5312 V AccountManagerService: getAccounts: accountType com.google, caller's uid 10165, pid 28244
09-18 16:11:22.685  1671  5312 V AccountManagerService: getAccounts: accountType com.google, response android.accounts.IAccountManagerResponse$Stub$Proxy@f2dc7d4, features [service_usm], caller's uid 10165, pid 28244
09-18 16:11:22.685  1671  5312 V AccountManagerService: initiating bind to authenticator type com.google
09-18 16:11:22.685  1671  5312 V AccountManagerService: performing bindService to ComponentInfo{com.google.android.gms/com.google.android.gms.auth.account.authenticator.GoogleAccountAuthenticatorService}
09-18 16:11:22.705  1671  5312 V AccountManagerService: AccountManagerService$GetAccountsByTypeAndFeatureSession calling onResult() on response android.accounts.IAccountManagerResponse$Stub$Proxy@f2dc7d4
09-18 16:11:22.735   997  1841 V bthal.flowcontrol: HciEventPreProcess: HCI Event 0x3e Opcode 0 unhandled <[42]{62, 40, 13, 1, 19, 0, 1, 17, 167, 244, 220, 169, 196, 1, 0, 255, 127, 184, 0, 0, 0, 0, 0, 0, 0, 0, 0, 14, 10, 22, 44, 254, 0, 48, 0, 0, 0, 17, 155, 2, 10, 235}>
09-18 16:11:22.736   997  1841 V bthal.flowcontrol: HciEventPostProcess: HCI Event 0x3e Opcode 0 credits 0 <[42]{62, 40, 13, 1, 19, 0, 1, 17, 167, 244, 220, 169, 196, 1, 0, 255, 127, 184, 0, 0, 0, 0, 0, 0, 0, 0, 0, 14, 10, 22, 44, 254, 0, 48, 0, 0, 0, 17, 155, 2, 10, 235}>
09-18 16:11:22.777  1671  4447 V AccountManagerService: getAccounts: accountType com.google, caller's uid 10165, pid 28244
09-18 16:11:22.788  1671  4447 V AccountManagerService: getAccounts: accountType com.google, caller's uid 10165, pid 28244
09-18 16:11:22.789  1671  4447 V AccountManagerService: getUserData( account: Account {name=michaelwsx@gmail.com, type=com.google}, key: GoogleUserId, callerUid: 10165, pid: 28244
09-18 16:11:22.790  1671  4447 V AccountManagerService: getUserData( account: Account {name=michaelwsx@gmail.com, type=com.google}, key: GoogleUserIdRefreshTime, callerUid: 10165, pid: 28244
09-18 16:11:22.791  1671  4447 V AccountManagerService: getAccounts: accountType com.google, caller's uid 10165, pid 28244
09-18 16:11:22.793  1671  4447 V AccountManagerService: getAccounts: accountType com.google, response android.accounts.IAccountManagerResponse$Stub$Proxy@168e53b, features [service_usm], caller's uid 10165, pid 28244
09-18 16:11:22.793  1671  4447 V AccountManagerService: initiating bind to authenticator type com.google
09-18 16:11:22.793  1671  4447 V AccountManagerService: performing bindService to ComponentInfo{com.google.android.gms/com.google.android.gms.auth.account.authenticator.GoogleAccountAuthenticatorService}
09-18 16:11:22.800  1671  5312 V AccountManagerService: getUserData( account: Account {name=michaelwsx@gmail.com, type=com.google}, key: services, callerUid: 10165, pid: 28244
09-18 16:11:22.802  1671  5312 V AccountManagerService: getUserData( account: Account {name=michaelwsx123@gmail.com, type=com.google}, key: services, callerUid: 10165, pid: 28244
09-18 16:11:22.804  1671  5312 V AccountManagerService: getUserData( account: Account {name=michael.shuhe@lumiqlearn.com, type=com.google}, key: services, callerUid: 10165, pid: 28244
09-18 16:11:22.807  1671  1766 V AccountManagerService: AccountManagerService$GetAccountsByTypeAndFeatureSession calling onResult() on response android.accounts.IAccountManagerResponse$Stub$Proxy@168e53b
09-18 16:11:22.829   997  1841 V bthal.flowcontrol: HciEventPreProcess: HCI Event 0x3e Opcode 0 unhandled <[44]{62, 42, 13, 1, 19, 0, 1, 167, 209, 141, 238, 141, 200, 1, 0, 255, 127, 160, 0, 0, 0, 0, 0, 0, 0, 0, 0, 16, 12, 22, 44, 254, 0, 80, 200, 4, 2, 9, 23, 17, 241, 2, 10, 235}>
09-18 16:11:22.830   997  1841 V bthal.flowcontrol: HciEventPostProcess: HCI Event 0x3e Opcode 0 credits 0 <[44]{62, 42, 13, 1, 19, 0, 1, 167, 209, 141, 238, 141, 200, 1, 0, 255, 127, 160, 0, 0, 0, 0, 0, 0, 0, 0, 0, 16, 12, 22, 44, 254, 0, 80, 200, 4, 2, 9, 23, 17, 241, 2, 10, 235}>
09-18 16:11:23.223 14617 14617 D okhttp.TaskRunner: Q10018 scheduled after   0 s: OkHttp WebSocket http://localhost:8081/... writer
09-18 16:11:23.226 14617 14899 D okhttp.TaskRunner: Q10018 starting              : OkHttp WebSocket http://localhost:8081/... writer
09-18 16:11:23.230 14617 14899 D okhttp.TaskRunner: Q10018 run again after   0 s: OkHttp WebSocket http://localhost:8081/... writer
09-18 16:11:23.231 14617 14899 D okhttp.TaskRunner: Q10018 finished run in   5 ms: OkHttp WebSocket http://localhost:8081/... writer
09-18 16:11:23.231 14617 14899 D okhttp.TaskRunner: Q10018 starting              : OkHttp WebSocket http://localhost:8081/... writer
09-18 16:11:23.233 14617 14899 D okhttp.TaskRunner: Q10018 finished run in 859 s: OkHttp WebSocket http://localhost:8081/... writer
09-18 16:11:23.233  1069  1069 I WifiHAL : Creating message to get link statistics; iface = 48
09-18 16:11:23.344  1069  1069 I WifiHAL : In GetLinkStatsCommand::handleResponse
09-18 16:11:23.346  1069  1069 E IPCThreadState: binder thread pool (1 threads) starved for 113 ms
09-18 16:11:23.349  1069  1069 I WifiHAL : Getting cached scan results, iface handle = 0xb400007239e514d0
09-18 16:11:23.349  1069  1069 E WifiHAL : Creating message to get cached scan results
09-18 16:11:23.362  1069  1069 I WifiHAL : In GetCachedScanResultsCommand::handleResponse
09-18 16:11:23.458  1671  2205 D ConnectivityService: NetReassign [no changes] [c 4] [a 5] [i 14]
09-18 16:11:23.467   997  1841 V bthal.flowcontrol: HciEventPreProcess: HCI Event 0x3e Opcode 0 unhandled <[42]{62, 40, 13, 1, 19, 0, 1, 17, 167, 244, 220, 169, 196, 1, 0, 255, 127, 195, 0, 0, 0, 0, 0, 0, 0, 0, 0, 14, 10, 22, 44, 254, 0, 48, 0, 0, 0, 17, 155, 2, 10, 235}>
09-18 16:11:23.469   997  1841 V bthal.flowcontrol: HciEventPostProcess: HCI Event 0x3e Opcode 0 credits 0 <[42]{62, 40, 13, 1, 19, 0, 1, 17, 167, 244, 220, 169, 196, 1, 0, 255, 127, 195, 0, 0, 0, 0, 0, 0, 0, 0, 0, 14, 10, 22, 44, 254, 0, 48, 0, 0, 0, 17, 155, 2, 10, 235}>
09-18 16:11:23.469   997  1841 V bthal.flowcontrol: HciEventPreProcess: HCI Event 0x3e Opcode 0 unhandled <[51]{62, 49, 13, 1, 27, 0, 1, 17, 167, 244, 220, 169, 196, 1, 0, 255, 127, 195, 0, 0, 0, 0, 0, 0, 0, 0, 0, 23, 22, 255, 45, 1, 4, 0, 1, 49, 5, 1, 155, 136, 217, 100, 4, 64, 213, 0, 0, 0, 0, 0, 0}>
09-18 16:11:23.470 25569 25603 V bt_btm_ble: btm_ble_process_adv_addr: bda=xx:xx:xx:xx:a7:11
09-18 16:11:23.470   997  1841 V bthal.flowcontrol: HciEventPostProcess: HCI Event 0x3e Opcode 0 credits 0 <[51]{62, 49, 13, 1, 27, 0, 1, 17, 167, 244, 220, 169, 196, 1, 0, 255, 127, 195, 0, 0, 0, 0, 0, 0, 0, 0, 0, 23, 22, 255, 45, 1, 4, 0, 1, 49, 5, 1, 155, 136, 217, 100, 4, 64, 213, 0, 0, 0, 0, 0, 0}>
09-18 16:11:23.470 25569 25603 V bt_btm_ble: btm_ble_update_inq_result: Random address, treat device as LE only
09-18 16:11:23.472 28244 29641 D BluetoothLeScanner: onScanResult() - mScannerId=2
09-18 16:11:23.472 28244 28244 D BluetoothLeScanner: onScanResult() - handler run
09-18 16:11:23.572   997  1841 V bthal.flowcontrol: HciEventPreProcess: HCI Event 0x3e Opcode 0 unhandled <[42]{62, 40, 13, 1, 19, 0, 1, 17, 167, 244, 220, 169, 196, 1, 0, 255, 127, 195, 0, 0, 0, 0, 0, 0, 0, 0, 0, 14, 10, 22, 44, 254, 0, 48, 0, 0, 0, 17, 155, 2, 10, 235}>
09-18 16:11:23.575   997  1841 V bthal.flowcontrol: HciEventPostProcess: HCI Event 0x3e Opcode 0 credits 0 <[42]{62, 40, 13, 1, 19, 0, 1, 17, 167, 244, 220, 169, 196, 1, 0, 255, 127, 195, 0, 0, 0, 0, 0, 0, 0, 0, 0, 14, 10, 22, 44, 254, 0, 48, 0, 0, 0, 17, 155, 2, 10, 235}>
09-18 16:11:23.575   997  1841 V bthal.flowcontrol: HciEventPreProcess: HCI Event 0x3e Opcode 0 unhandled <[51]{62, 49, 13, 1, 27, 0, 1, 17, 167, 244, 220, 169, 196, 1, 0, 255, 127, 195, 0, 0, 0, 0, 0, 0, 0, 0, 0, 23, 22, 255, 45, 1, 4, 0, 1, 49, 5, 1, 155, 136, 217, 100, 4, 64, 213, 0, 0, 0, 0, 0, 0}>
09-18 16:11:23.577 25569 25603 V bt_btm_ble: btm_ble_process_adv_addr: bda=xx:xx:xx:xx:a7:11
09-18 16:11:23.577 25569 25603 V bt_btm_ble: btm_ble_update_inq_result: Random address, treat device as LE only
09-18 16:11:23.580 28244 29641 D BluetoothLeScanner: onScanResult() - mScannerId=2
09-18 16:11:23.581   997  1841 V bthal.flowcontrol: HciEventPostProcess: HCI Event 0x3e Opcode 0 credits 0 <[51]{62, 49, 13, 1, 27, 0, 1, 17, 167, 244, 220, 169, 196, 1, 0, 255, 127, 195, 0, 0, 0, 0, 0, 0, 0, 0, 0, 23, 22, 255, 45, 1, 4, 0, 1, 49, 5, 1, 155, 136, 217, 100, 4, 64, 213, 0, 0, 0, 0, 0, 0}>
09-18 16:11:23.581 28244 28244 D BluetoothLeScanner: onScanResult() - handler run
09-18 16:11:23.584   997  1841 V bthal.flowcontrol: HciEventPreProcess: HCI Event 0x3e Opcode 0 unhandled <[57]{62, 55, 13, 1, 19, 0, 1, 97, 182, 196, 208, 252, 50, 1, 0, 255, 127, 180, 0, 0, 0, 0, 0, 0, 0, 0, 0, 29, 2, 1, 6, 25, 22, 170, 254, 64, 164, 18, 244, 95, 51, 7, 62, 219, 128, 212, 205, 234, 58, 149, 212, 84, 220, 87, 212, 203, 144}>
09-18 16:11:23.585   997  1841 V bthal.flowcontrol: HciEventPostProcess: HCI Event 0x3e Opcode 0 credits 0 <[57]{62, 55, 13, 1, 19, 0, 1, 97, 182, 196, 208, 252, 50, 1, 0, 255, 127, 180, 0, 0, 0, 0, 0, 0, 0, 0, 0, 29, 2, 1, 6, 25, 22, 170, 254, 64, 164, 18, 244, 95, 51, 7, 62, 219, 128, 212, 205, 234, 58, 149, 212, 84, 220, 87, 212, 203, 144}>
09-18 16:11:23.989   997  1841 V bthal.flowcontrol: HciEventPreProcess: HCI Event 0x3e Opcode 0 unhandled <[42]{62, 40, 13, 1, 19, 128, 1, 17, 167, 244, 220, 169, 196, 1, 0, 255, 127, 202, 0, 0, 0, 0, 0, 0, 0, 0, 0, 14, 10, 22, 44, 254, 0, 48, 0, 0, 0, 17, 155, 2, 10, 235}>
09-18 16:11:23.992   997  1841 V bthal.flowcontrol: HciEventPostProcess: HCI Event 0x3e Opcode 0 credits 0 <[42]{62, 40, 13, 1, 19, 128, 1, 17, 167, 244, 220, 169, 196, 1, 0, 255, 127, 202, 0, 0, 0, 0, 0, 0, 0, 0, 0, 14, 10, 22, 44, 254, 0, 48, 0, 0, 0, 17, 155, 2, 10, 235}>
09-18 16:11:23.993   997  1841 V bthal.flowcontrol: HciEventPreProcess: HCI Event 0x3e Opcode 0 unhandled <[51]{62, 49, 13, 1, 27, 128, 1, 17, 167, 244, 220, 169, 196, 1, 0, 255, 127, 202, 0, 0, 0, 0, 0, 0, 0, 0, 0, 23, 22, 255, 45, 1, 4, 0, 1, 49, 5, 1, 155, 136, 217, 100, 4, 64, 213, 0, 0, 0, 0, 0, 0}>
09-18 16:11:23.995 25569 25603 V bt_btm_ble: btm_ble_process_adv_addr: bda=xx:xx:xx:xx:a7:11
09-18 16:11:23.995 25569 25603 V bt_btm_ble: btm_ble_update_inq_result: Random address, treat device as LE only
09-18 16:11:23.996   997  1841 V bthal.flowcontrol: HciEventPostProcess: HCI Event 0x3e Opcode 0 credits 0 <[51]{62, 49, 13, 1, 27, 128, 1, 17, 167, 244, 220, 169, 196, 1, 0, 255, 127, 202, 0, 0, 0, 0, 0, 0, 0, 0, 0, 23, 22, 255, 45, 1, 4, 0, 1, 49, 5, 1, 155, 136, 217, 100, 4, 64, 213, 0, 0, 0, 0, 0, 0}>
09-18 16:11:23.999 28244 29641 D BluetoothLeScanner: onScanResult() - mScannerId=2
09-18 16:11:23.999 28244 28244 D BluetoothLeScanner: onScanResult() - handler run
09-18 16:11:24.094   997  1841 V bthal.flowcontrol: HciEventPreProcess: HCI Event 0x3e Opcode 0 unhandled <[42]{62, 40, 13, 1, 19, 128, 1, 17, 167, 244, 220, 169, 196, 1, 0, 255, 127, 202, 0, 0, 0, 0, 0, 0, 0, 0, 0, 14, 10, 22, 44, 254, 0, 48, 0, 0, 0, 17, 155, 2, 10, 235}>
09-18 16:11:24.095   997  1841 V bthal.flowcontrol: HciEventPostProcess: HCI Event 0x3e Opcode 0 credits 0 <[42]{62, 40, 13, 1, 19, 128, 1, 17, 167, 244, 220, 169, 196, 1, 0, 255, 127, 202, 0, 0, 0, 0, 0, 0, 0, 0, 0, 14, 10, 22, 44, 254, 0, 48, 0, 0, 0, 17, 155, 2, 10, 235}>
09-18 16:11:24.095   997  1841 V bthal.flowcontrol: HciEventPreProcess: HCI Event 0x3e Opcode 0 unhandled <[51]{62, 49, 13, 1, 27, 128, 1, 17, 167, 244, 220, 169, 196, 1, 0, 255, 127, 202, 0, 0, 0, 0, 0, 0, 0, 0, 0, 23, 22, 255, 45, 1, 4, 0, 1, 49, 5, 1, 155, 136, 217, 100, 4, 64, 213, 0, 0, 0, 0, 0, 0}>
09-18 16:11:24.096 25569 25603 V bt_btm_ble: btm_ble_process_adv_addr: bda=xx:xx:xx:xx:a7:11
09-18 16:11:24.096 25569 25603 V bt_btm_ble: btm_ble_update_inq_result: Random address, treat device as LE only
09-18 16:11:24.096   997  1841 V bthal.flowcontrol: HciEventPostProcess: HCI Event 0x3e Opcode 0 credits 0 <[51]{62, 49, 13, 1, 27, 128, 1, 17, 167, 244, 220, 169, 196, 1, 0, 255, 127, 202, 0, 0, 0, 0, 0, 0, 0, 0, 0, 23, 22, 255, 45, 1, 4, 0, 1, 49, 5, 1, 155, 136, 217, 100, 4, 64, 213, 0, 0, 0, 0, 0, 0}>
09-18 16:11:24.097 28244 29641 D BluetoothLeScanner: onScanResult() - mScannerId=2
09-18 16:11:24.098 28244 28244 D BluetoothLeScanner: onScanResult() - handler run
09-18 16:11:24.221 14617 14617 D okhttp.TaskRunner: Q10018 scheduled after   0 s: OkHttp WebSocket http://localhost:8081/... writer
09-18 16:11:24.222 14617 14749 D okhttp.TaskRunner: Q10018 starting              : OkHttp WebSocket http://localhost:8081/... writer
09-18 16:11:24.225 14617 14749 D okhttp.TaskRunner: Q10018 run again after   0 s: OkHttp WebSocket http://localhost:8081/... writer
09-18 16:11:24.226 14617 14749 D okhttp.TaskRunner: Q10018 finished run in   4 ms: OkHttp WebSocket http://localhost:8081/... writer
09-18 16:11:24.227 14617 14749 D okhttp.TaskRunner: Q10018 starting              : OkHttp WebSocket http://localhost:8081/... writer
09-18 16:11:24.228 14617 14749 D okhttp.TaskRunner: Q10018 finished run in 699 s: OkHttp WebSocket http://localhost:8081/... writer
09-18 16:11:24.519 14617 14829 D okhttp.TaskRunner: Q10018 scheduled after   0 s: OkHttp WebSocket http://localhost:8081/... writer
09-18 16:11:24.521 14617 14899 D okhttp.TaskRunner: Q10018 starting              : OkHttp WebSocket http://localhost:8081/... writer
09-18 16:11:24.524 14617 14899 D okhttp.TaskRunner: Q10018 run again after   0 s: OkHttp WebSocket http://localhost:8081/... writer
09-18 16:11:24.525 14617 14899 D okhttp.TaskRunner: Q10018 finished run in   4 ms: OkHttp WebSocket http://localhost:8081/... writer
09-18 16:11:24.526 14617 14899 D okhttp.TaskRunner: Q10018 starting              : OkHttp WebSocket http://localhost:8081/... writer
09-18 16:11:24.527 14617 14899 D okhttp.TaskRunner: Q10018 finished run in 903 s: OkHttp WebSocket http://localhost:8081/... writer
09-18 16:11:24.722   997  1841 V bthal.flowcontrol: HciEventPreProcess: HCI Event 0x3e Opcode 0 unhandled <[42]{62, 40, 13, 1, 19, 128, 1, 17, 167, 244, 220, 169, 196, 1, 0, 255, 127, 185, 0, 0, 0, 0, 0, 0, 0, 0, 0, 14, 10, 22, 44, 254, 0, 48, 0, 0, 0, 17, 155, 2, 10, 235}>
09-18 16:11:24.742   997  1841 V bthal.flowcontrol: HciEventPostProcess: HCI Event 0x3e Opcode 0 credits 0 <[42]{62, 40, 13, 1, 19, 128, 1, 17, 167, 244, 220, 169, 196, 1, 0, 255, 127, 185, 0, 0, 0, 0, 0, 0, 0, 0, 0, 14, 10, 22, 44, 254, 0, 48, 0, 0, 0, 17, 155, 2, 10, 235}>
09-18 16:11:24.743   997  1841 V bthal.flowcontrol: HciEventPreProcess: HCI Event 0x3e Opcode 0 unhandled <[51]{62, 49, 13, 1, 27, 128, 1, 17, 167, 244, 220, 169, 196, 1, 0, 255, 127, 186, 0, 0, 0, 0, 0, 0, 0, 0, 0, 23, 22, 255, 45, 1, 4, 0, 1, 49, 5, 1, 155, 136, 217, 100, 4, 64, 213, 0, 0, 0, 0, 0, 0}>
09-18 16:11:24.744   997  1841 V bthal.flowcontrol: HciEventPostProcess: HCI Event 0x3e Opcode 0 credits 0 <[51]{62, 49, 13, 1, 27, 128, 1, 17, 167, 244, 220, 169, 196, 1, 0, 255, 127, 186, 0, 0, 0, 0, 0, 0, 0, 0, 0, 23, 22, 255, 45, 1, 4, 0, 1, 49, 5, 1, 155, 136, 217, 100, 4, 64, 213, 0, 0, 0, 0, 0, 0}>
09-18 16:11:24.744 25569 25603 V bt_btm_ble: btm_ble_process_adv_addr: bda=xx:xx:xx:xx:a7:11
09-18 16:11:24.745 25569 25603 V bt_btm_ble: btm_ble_update_inq_result: Random address, treat device as LE only
09-18 16:11:24.748 28244 29641 D BluetoothLeScanner: onScanResult() - mScannerId=2
09-18 16:11:24.749 28244 28244 D BluetoothLeScanner: onScanResult() - handler run
09-18 16:11:24.827   997  1841 V bthal.flowcontrol: HciEventPreProcess: HCI Event 0x3e Opcode 0 unhandled <[42]{62, 40, 13, 1, 19, 128, 1, 17, 167, 244, 220, 169, 196, 1, 0, 255, 127, 186, 0, 0, 0, 0, 0, 0, 0, 0, 0, 14, 10, 22, 44, 254, 0, 48, 0, 0, 0, 17, 155, 2, 10, 235}>
