09-18 16:11:34.534 14617 14749 D okhttp.TaskRunner: Q10018 starting              : OkHttp WebSocket http://localhost:8081/... writer
09-18 16:11:34.536 28244 28244 D BluetoothLeScanner: onScanResult() - handler run
09-18 16:11:34.536 14617 14749 D okhttp.TaskRunner: Q10018 run again after   0 s: OkHttp WebSocket http://localhost:8081/... writer
09-18 16:11:34.536 14617 14749 D okhttp.TaskRunner: Q10018 finished run in   2 ms: OkHttp WebSocket http://localhost:8081/... writer
09-18 16:11:34.537 14617 14749 D okhttp.TaskRunner: Q10018 starting              : OkHttp WebSocket http://localhost:8081/... writer
09-18 16:11:34.537 14617 14749 D okhttp.TaskRunner: Q10018 finished run in 198 s: OkHttp WebSocket http://localhost:8081/... writer
09-18 16:11:34.646  1910  1913 V pixel-thermal: sensor VIRTUAL-SKIN: time_elapsed=27069, sleep_ms=300000, force_update = 0, force_no_cache = 0
09-18 16:11:34.647  1910  1913 V pixel-thermal: sensor VIRTUAL-SKIN: timeout_remaining=272931
09-18 16:11:34.647  1910  1913 V pixel-thermal: sensor critical-battery-cell: time_elapsed=320710319, sleep_ms=9223372036854775807, force_update = 0, force_no_cache = 0
09-18 16:11:34.647  1910  1913 V pixel-thermal: sensor critical-battery-cell: timeout_remaining=9223372036534065488
09-18 16:11:34.647  1910  1913 V pixel-thermal: sensor cam_therm: time_elapsed=60036, sleep_ms=60000, force_update = 1, force_no_cache = 0
09-18 16:11:34.649  1910  1913 V pixel-thermal: Verify sensor abnormality for cam_therm with temp 30.258
09-18 16:11:34.649  1910  1913 I pixel-thermal: cam_therm:30.258 raw data: cam_therm:30258 
09-18 16:11:34.656  1910  1913 V pixel-thermal: Power rail VSYS_PWR_RFFE, avg power = 8.98044, duration = 34050, deltaEnergy = 305784
09-18 16:11:34.657  1910  1913 V pixel-thermal: Power rail S2M_VDD_CPUCL2, avg power = 4.98984, duration = 27054, deltaEnergy = 134995
09-18 16:11:34.657  1910  1913 V pixel-thermal: Power rail S3M_VDD_CPUCL1, avg power = 4.41742, duration = 27054, deltaEnergy = 119509
09-18 16:11:34.657  1910  1913 V pixel-thermal: Power rail S4M_VDD_CPUCL0, avg power = 80.7848, duration = 27054, deltaEnergy = 2185551
09-18 16:11:34.657  1910  1913 V pixel-thermal: Power rail S2S_VDD_G3D, avg power = 1.39085, duration = 27054, deltaEnergy = 37628
09-18 16:11:34.657  1910  1913 V pixel-thermal: Power rail S1S_VDD_CAM, avg power = 8.67124, duration = 120070, deltaEnergy = 1041156
09-18 16:11:34.657  1910  1913 V pixel-thermal: Power rail S2S_VDD_G3D, avg power = 1.40292, duration = 120070, deltaEnergy = 168448
09-18 16:11:34.657  1910  1913 V pixel-thermal: Power rail S4S_VDD2H_MEM, avg power = 29.4326, duration = 120070, deltaEnergy = 3533973
09-18 16:11:34.657  1910  1913 V pixel-thermal: Power rail S5S_VDDQ_MEM, avg power = 4.00957, duration = 120070, deltaEnergy = 481429
09-18 16:11:34.657  1910  1913 V pixel-thermal: Power rail S8S_VDD_G3D_L2, avg power = 0.0144832, duration = 120070, deltaEnergy = 1739
09-18 16:11:34.657  1910  1913 V pixel-thermal: Power rail S9S_VDD_AOC, avg power = 12.9423, duration = 120070, deltaEnergy = 1553983
09-18 16:11:34.658  1910  1913 V pixel-thermal: Power rail L2S_PLL_MIPI_UFS, avg power = 16.141, duration = 120070, deltaEnergy = 1938047
09-18 16:11:34.658  1910  1913 V pixel-thermal: Power rail L9S_GNSS_CORE, avg power = 0.377197, duration = 120070, deltaEnergy = 45290
09-18 16:11:34.658  1910  1913 V pixel-thermal: Power rail L21S_VDD2L_MEM, avg power = 2.02146, duration = 120070, deltaEnergy = 242717
09-18 16:11:34.658  1910  1913 V pixel-thermal: Power rail VSYS_PWR_DISPLAY, avg power = 197.191, duration = 120070, deltaEnergy = 23676771
09-18 16:11:34.658  1910  1913 V pixel-thermal: Power rail VSYS_PWR_WLAN_BT, avg power = 86.5919, duration = 120070, deltaEnergy = 10397085
09-18 16:11:34.658  1910  1913 V pixel-thermal: Power rail S1M_VDD_MIF, avg power = 29.9577, duration = 120070, deltaEnergy = 3597016
09-18 16:11:34.658  1910  1913 V pixel-thermal: Power rail S2M_VDD_CPUCL2, avg power = 2.98787, duration = 120070, deltaEnergy = 358753
09-18 16:11:34.658  1910  1913 V pixel-thermal: Power rail S3M_VDD_CPUCL1, avg power = 4.18442, duration = 120070, deltaEnergy = 502423
09-18 16:11:34.658  1910  1913 V pixel-thermal: Power rail S4M_VDD_CPUCL0, avg power = 81.08, duration = 120070, deltaEnergy = 9735279
09-18 16:11:34.658  1910  1913 V pixel-thermal: Power rail S5M_VDD_INT, avg power = 54.1499, duration = 120070, deltaEnergy = 6501775
09-18 16:11:34.658  1910  1913 V pixel-thermal: Power rail S6M_LLDO1, avg power = 87.435, duration = 120070, deltaEnergy = 10498324
09-18 16:11:34.658  1910  1913 V pixel-thermal: Power rail S7M_VDD_TPU, avg power = 0, duration = 120070, deltaEnergy = 0
09-18 16:11:34.659  1910  1913 V pixel-thermal: Power rail S8M_LLDO2, avg power = 57.0249, duration = 120070, deltaEnergy = 6846985
09-18 16:11:34.659  1910  1913 V pixel-thermal: Power rail L22M_DISP, avg power = 43.0379, duration = 120070, deltaEnergy = 5167562
09-18 16:11:34.659  1910  1913 V pixel-thermal: Power rail VSYS_PWR_MODEM, avg power = 43.427, duration = 120070, deltaEnergy = 5214276
09-18 16:11:34.659  1910  1913 V pixel-thermal: Power rail VSYS_PWR_RFFE, avg power = 8.88758, duration = 120070, deltaEnergy = 1067132
09-18 16:11:34.659  1910  1913 V pixel-thermal: Sensor cam_therm: sleep_ms=60000, min_sleep_ms voting result=60000
09-18 16:11:34.659  1910  1913 V pixel-thermal: sensor charge_therm: time_elapsed=60036, sleep_ms=60000, force_update = 1, force_no_cache = 0
09-18 16:11:34.660  1910  1913 V pixel-thermal: Verify sensor abnormality for charge_therm with temp 33.419
09-18 16:11:34.660  1910  1913 I pixel-thermal: charge_therm:33.419 raw data: charge_therm:33419 
09-18 16:11:34.660  1910  1913 V pixel-thermal: Sensor charge_therm: sleep_ms=60000, min_sleep_ms voting result=60000
09-18 16:11:34.660  1910  1913 V pixel-thermal: sensor disp_therm: time_elapsed=26902, sleep_ms=60000, force_update = 0, force_no_cache = 0
09-18 16:11:34.660  1910  1913 V pixel-thermal: sensor disp_therm: timeout_remaining=33098
09-18 16:11:34.660  1910  1913 V pixel-thermal: sensor VIRTUAL-USB-UI: time_elapsed=182755, sleep_ms=300000, force_update = 0, force_no_cache = 0
09-18 16:11:34.660  1910  1913 V pixel-thermal: sensor VIRTUAL-USB-UI: timeout_remaining=117245
09-18 16:11:34.660  1910  1913 V pixel-thermal: sensor cellular-emergency: time_elapsed=34069, sleep_ms=300000, force_update = 0, force_no_cache = 0
09-18 16:11:34.661  1910  1913 V pixel-thermal: sensor cellular-emergency: timeout_remaining=265931
09-18 16:11:34.661  1910  1913 V pixel-thermal: sensor quiet_therm: time_elapsed=60036, sleep_ms=60000, force_update = 1, force_no_cache = 0
09-18 16:11:34.661  1910  1913 V pixel-thermal: Verify sensor abnormality for quiet_therm with temp 29.947
09-18 16:11:34.661  1910  1913 I pixel-thermal: quiet_therm:29.947 raw data: quiet_therm:29947 
09-18 16:11:34.661  1910  1913 V pixel-thermal: Sensor quiet_therm: sleep_ms=60000, min_sleep_ms voting result=33098
09-18 16:11:34.662  1910  1913 V pixel-thermal: sensor usb_pwr_therm: time_elapsed=60036, sleep_ms=60000, force_update = 1, force_no_cache = 0
09-18 16:11:34.662  1910  1913 V pixel-thermal: Verify sensor abnormality for usb_pwr_therm with temp 30.503
09-18 16:11:34.662  1910  1913 I pixel-thermal: usb_pwr_therm:30.503 raw data: usb_pwr_therm:30503 
09-18 16:11:34.662  1910  1913 V pixel-thermal: Sensor usb_pwr_therm: sleep_ms=60000, min_sleep_ms voting result=33098
09-18 16:11:34.662  1910  1913 V pixel-thermal: sensor VIRTUAL-SKIN-CHARGE-PERSIST: time_elapsed=33882, sleep_ms=60000, force_update = 0, force_no_cache = 0
09-18 16:11:34.662  1910  1913 V pixel-thermal: sensor VIRTUAL-SKIN-CHARGE-PERSIST: timeout_remaining=26118
09-18 16:11:34.663  1910  1913 V pixel-thermal: sensor FLASH_LED_REDUCE: time_elapsed=320710319, sleep_ms=9223372036854775807, force_update = 0, force_no_cache = 0
09-18 16:11:34.663  1910  1913 V pixel-thermal: sensor FLASH_LED_REDUCE: timeout_remaining=9223372036534065488
09-18 16:11:34.663  1910  1913 V pixel-thermal: sensor VIRTUAL-SKIN-SPEAKER: time_elapsed=33882, sleep_ms=60000, force_update = 0, force_no_cache = 0
09-18 16:11:34.663  1910  1913 V pixel-thermal: sensor VIRTUAL-SKIN-SPEAKER: timeout_remaining=26118
09-18 16:11:34.663  1910  1913 V pixel-thermal: sensor soc: time_elapsed=182755, sleep_ms=300000, force_update = 0, force_no_cache = 0
09-18 16:11:34.663  1910  1913 V pixel-thermal: sensor soc: timeout_remaining=117245
09-18 16:11:34.663  1910  1913 V pixel-thermal: sensor batoilo: time_elapsed=6998711, sleep_ms=9223372036854775807, force_update = 0, force_no_cache = 0
09-18 16:11:34.663  1910  1913 V pixel-thermal: sensor batoilo: timeout_remaining=9223372036847777096
09-18 16:11:34.663  1910  1913 V pixel-thermal: sensor BCL_AUDIO_BAACL: time_elapsed=154707252, sleep_ms=9223372036854775807, force_update = 0, force_no_cache = 0
09-18 16:11:34.663  1910  1913 V pixel-thermal: sensor BCL_AUDIO_BAACL: timeout_remaining=9223372036700068555
09-18 16:11:34.663  1910  1913 V pixel-thermal: sensor vdroop1: time_elapsed=320710319, sleep_ms=9223372036854775807, force_update = 0, force_no_cache = 0
09-18 16:11:34.663  1910  1913 V pixel-thermal: sensor vdroop1: timeout_remaining=9223372036534065488
09-18 16:11:34.664  1910  1913 V pixel-thermal: sensor VIRTUAL-USB-THROTTLING: time_elapsed=182755, sleep_ms=300000, force_update = 0, force_no_cache = 0
09-18 16:11:34.664  1910  1913 V pixel-thermal: sensor VIRTUAL-USB-THROTTLING: timeout_remaining=117245
09-18 16:11:34.664  1910  1913 V pixel-thermal: sensor vdroop2: time_elapsed=3208562509, sleep_ms=9223372036854775807, force_update = 0, force_no_cache = 0
09-18 16:11:34.664  1910  1913 V pixel-thermal: sensor vdroop2: timeout_remaining=9223372033646213298
09-18 16:11:34.664  1910  1913 V pixel-thermal: sensor smpl_gm: time_elapsed=3208562509, sleep_ms=9223372036854775807, force_update = 0, force_no_cache = 0
09-18 16:11:34.664  1910  1913 V pixel-thermal: sensor smpl_gm: timeout_remaining=9223372033646213298
09-18 16:11:34.664  1910  1913 V pixel-thermal: sensor north_therm: time_elapsed=60036, sleep_ms=60000, force_update = 1, force_no_cache = 0
09-18 16:11:34.665  1910  1913 V pixel-thermal: Verify sensor abnormality for north_therm with temp 29.68
09-18 16:11:34.665  1910  1913 I pixel-thermal: north_therm:29.68 raw data: north_therm:29680 
09-18 16:11:34.665  1910  1913 V pixel-thermal: Sensor north_therm: sleep_ms=60000, min_sleep_ms voting result=26118
09-18 16:11:34.665  1910  1913 V pixel-thermal: sensor VIRTUAL-SKIN-HINT: time_elapsed=34069, sleep_ms=300000, force_update = 0, force_no_cache = 0
09-18 16:11:34.665  1910  1913 V pixel-thermal: sensor VIRTUAL-SKIN-HINT: timeout_remaining=265931
09-18 16:11:34.665  1910  1913 V pixel-thermal: sensor VIRTUAL-SKIN-CPU-HIGH: time_elapsed=34069, sleep_ms=300000, force_update = 0, force_no_cache = 0
09-18 16:11:34.665  1910  1913 V pixel-thermal: sensor VIRTUAL-SKIN-CPU-HIGH: timeout_remaining=265931
09-18 16:11:34.666  1910  1913 V pixel-thermal: sensor VIRTUAL-SKIN-CPU-LIGHT-ODPM: time_elapsed=34069, sleep_ms=300000, force_update = 0, force_no_cache = 0
09-18 16:11:34.666  1910  1913 V pixel-thermal: sensor VIRTUAL-SKIN-CPU-LIGHT-ODPM: timeout_remaining=265931
09-18 16:11:34.666  1910  1913 V pixel-thermal: sensor soc_therm: time_elapsed=60036, sleep_ms=60000, force_update = 1, force_no_cache = 0
09-18 16:11:34.666  1910  1913 V pixel-thermal: Verify sensor abnormality for soc_therm with temp 32.395
09-18 16:11:34.666  1910  1913 I pixel-thermal: soc_therm:32.395 raw data: soc_therm:32395 
09-18 16:11:34.666  1910  1913 V pixel-thermal: Sensor soc_therm: sleep_ms=60000, min_sleep_ms voting result=26118
09-18 16:11:34.667  1910  1913 V pixel-thermal: sensor VIRTUAL-SKIN-GPU: time_elapsed=34069, sleep_ms=300000, force_update = 0, force_no_cache = 0
09-18 16:11:34.667  1910  1913 V pixel-thermal: sensor VIRTUAL-SKIN-GPU: timeout_remaining=265931
09-18 16:11:34.667  1910  1913 V pixel-thermal: sensor VIRTUAL-SKIN-CPU-MID: time_elapsed=34069, sleep_ms=300000, force_update = 0, force_no_cache = 0
09-18 16:11:34.667  1910  1913 V pixel-thermal: sensor VIRTUAL-SKIN-CPU-MID: timeout_remaining=265931
09-18 16:11:34.667  1910  1913 V pixel-thermal: sensor VIRTUAL-SKIN-CHARGE-WIRED: time_elapsed=33882, sleep_ms=60000, force_update = 0, force_no_cache = 0
09-18 16:11:34.667  1910  1913 V pixel-thermal: sensor VIRTUAL-SKIN-CHARGE-WIRED: timeout_remaining=26118
09-18 16:11:34.667  1910  1913 V pixel-thermal: sensor VIRTUAL-SKIN-CPU-GPU: time_elapsed=34069, sleep_ms=300000, force_update = 0, force_no_cache = 0
09-18 16:11:34.667  1910  1913 V pixel-thermal: sensor VIRTUAL-SKIN-CPU-GPU: timeout_remaining=265931
09-18 16:11:34.667  1910  1913 V pixel-thermal: Duration from last total stats update is: 84413770
09-18 16:11:34.667  1910  1913 V pixel-thermal: Time elapsed since last update less than 86400000
09-18 16:11:34.667  1910  1913 V pixel-thermal: Power rail VSYS_PWR_MODEM, avg power = 41.4686, duration = 60034, deltaEnergy = 2489525
09-18 16:11:34.667  1910  1913 V pixel-thermal: Power rail S7M_VDD_TPU, avg power = 0, duration = 60034, deltaEnergy = 0
09-18 16:11:34.668  1910  1913 V pixel-thermal: Power rail S6M_LLDO1, avg power = 87.1169, duration = 60034, deltaEnergy = 5229974
09-18 16:11:34.668  1910  1913 V pixel-thermal: Power rail S4M_VDD_CPUCL0, avg power = 78.1575, duration = 60034, deltaEnergy = 4692105
09-18 16:11:34.668  1910  1913 V pixel-thermal: Power rail S2M_VDD_CPUCL2, avg power = 3.20137, duration = 60034, deltaEnergy = 192191
09-18 16:11:34.668  1910  1913 V pixel-thermal: Power rail S1M_VDD_MIF, avg power = 29.2097, duration = 60034, deltaEnergy = 1753573
09-18 16:11:34.668  1910  1913 V pixel-thermal: Power rail S9M_VDD_CPUCL0_M, avg power = 15.3105, duration = 60034, deltaEnergy = 919153
09-18 16:11:34.668  1910  1913 V pixel-thermal: Power rail L21S_VDD2L_MEM, avg power = 1.98561, duration = 60036, deltaEnergy = 119208
09-18 16:11:34.668  1910  1913 V pixel-thermal: Power rail VSYS_PWR_DISPLAY, avg power = 197.168, duration = 60036, deltaEnergy = 11837170
09-18 16:11:34.668  1910  1913 V pixel-thermal: Power rail L22M_DISP, avg power = 42.9059, duration = 60034, deltaEnergy = 2575813
09-18 16:11:34.669  1910  1913 V pixel-thermal: Power rail VSYS_PWR_RFFE, avg power = 8.99882, duration = 60034, deltaEnergy = 540235
09-18 16:11:34.669  1910  1913 V pixel-thermal: Power rail VSYS_PWR_WLAN_BT, avg power = 84.8575, duration = 60036, deltaEnergy = 5094502
09-18 16:11:34.669  1910  1913 V pixel-thermal: Power rail S5M_VDD_INT, avg power = 54.1329, duration = 60034, deltaEnergy = 3249814
09-18 16:11:34.669  1910  1913 V pixel-thermal: Power rail S3M_VDD_CPUCL1, avg power = 3.39997, duration = 60034, deltaEnergy = 204114
09-18 16:11:34.669  1910  1913 V pixel-thermal: Power rail L2S_PLL_MIPI_UFS, avg power = 15.1991, duration = 60036, deltaEnergy = 912496
09-18 16:11:34.669  1910  1913 V pixel-thermal: Power rail S1S_VDD_CAM, avg power = 8.62587, duration = 60036, deltaEnergy = 517863
09-18 16:11:34.669  1910  1913 V pixel-thermal: Power rail S2S_VDD_G3D, avg power = 1.40088, duration = 60036, deltaEnergy = 84103
09-18 16:11:34.669  1910  1913 V pixel-thermal: Power rail S12S_VDD_AUR, avg power = 5.27978, duration = 60036, deltaEnergy = 316977
09-18 16:11:34.669  1910  1913 V pixel-thermal: Power rail L9S_GNSS_CORE, avg power = 0.376074, duration = 60036, deltaEnergy = 22578
09-18 16:11:34.669  1910  1913 V pixel-thermal: Power rail S8S_VDD_G3D_L2, avg power = 0.0132421, duration = 60036, deltaEnergy = 795
09-18 16:11:34.669  1910  1913 V pixel-thermal: Power rail S5S_VDDQ_MEM, avg power = 3.57812, duration = 60036, deltaEnergy = 214816
09-18 16:11:34.669  1910  1913 V pixel-thermal: Power rail S9S_VDD_AOC, avg power = 12.9672, duration = 60036, deltaEnergy = 778499
09-18 16:11:34.670  1910  1913 V pixel-thermal: Power rail S4S_VDD2H_MEM, avg power = 28.2566, duration = 60036, deltaEnergy = 1696414
09-18 16:11:34.670  1910  1913 V pixel-thermal: Power rail S8M_LLDO2, avg power = 56.9279, duration = 60034, deltaEnergy = 3417607
09-18 16:11:34.670  1910  1913 I pixel-thermal: Power rails total power: 780.54 mW for 60036 ms
09-18 16:11:34.670  1910  1913 I pixel-thermal: Power rails [VSYS_PWR_MODEM: 41.47 mW] [S7M_VDD_TPU: 0.00 mW] [S6M_LLDO1: 87.12 mW] [S4M_VDD_CPUCL0: 78.16 mW] [S2M_VDD_CPUCL2: 3.20 mW] [S1M_VDD_MIF: 29.21 mW] 
09-18 16:11:34.670  1910  1913 I pixel-thermal: Power rails [S9M_VDD_CPUCL0_M: 15.31 mW] [L21S_VDD2L_MEM: 1.99 mW] [VSYS_PWR_DISPLAY: 197.17 mW] [L22M_DISP: 42.91 mW] [VSYS_PWR_RFFE: 9.00 mW] [VSYS_PWR_WLAN_BT: 84.86 mW] 
09-18 16:11:34.670  1910  1913 I pixel-thermal: Power rails [S5M_VDD_INT: 54.13 mW] [S3M_VDD_CPUCL1: 3.40 mW] [L2S_PLL_MIPI_UFS: 15.20 mW] [S1S_VDD_CAM: 8.63 mW] [S2S_VDD_G3D: 1.40 mW] [S12S_VDD_AUR: 5.28 mW] 
09-18 16:11:34.670  1910  1913 I pixel-thermal: Power rails [L9S_GNSS_CORE: 0.38 mW] [S8S_VDD_G3D_L2: 0.01 mW] [S5S_VDDQ_MEM: 3.58 mW] [S9S_VDD_AOC: 12.97 mW] [S4S_VDD2H_MEM: 28.26 mW] [S8M_LLDO2: 56.93 mW] 
09-18 16:11:34.670  1910  1913 V pixel-thermal: ThermalWatcher polling...
09-18 16:11:34.780   977 13017 I netd    : setProcSysNet(4, 2, wlan1, retrans_time_ms, 750) <0.89ms>
09-18 16:11:34.783   977 13017 I netd    : setProcSysNet(4, 2, wlan1, ucast_solicit, 10) <0.58ms>
09-18 16:11:34.785   977 13017 I netd    : setProcSysNet(6, 2, wlan1, retrans_time_ms, 750) <0.46ms>
09-18 16:11:34.785   977 13017 I netd    : setProcSysNet(6, 2, wlan1, ucast_solicit, 10) <0.20ms>
09-18 16:11:35.145   997  1841 V bthal.flowcontrol: HciEventPreProcess: HCI Event 0x3e Opcode 0 unhandled <[42]{62, 40, 13, 1, 19, 128, 1, 17, 167, 244, 220, 169, 196, 1, 0, 255, 127, 200, 0, 0, 0, 0, 0, 0, 0, 0, 0, 14, 10, 22, 44, 254, 0, 48, 0, 0, 0, 17, 155, 2, 10, 235}>
09-18 16:11:35.147   997  1841 V bthal.flowcontrol: HciEventPostProcess: HCI Event 0x3e Opcode 0 credits 0 <[42]{62, 40, 13, 1, 19, 128, 1, 17, 167, 244, 220, 169, 196, 1, 0, 255, 127, 200, 0, 0, 0, 0, 0, 0, 0, 0, 0, 14, 10, 22, 44, 254, 0, 48, 0, 0, 0, 17, 155, 2, 10, 235}>
09-18 16:11:35.148   997  1841 V bthal.flowcontrol: HciEventPreProcess: HCI Event 0x3e Opcode 0 unhandled <[51]{62, 49, 13, 1, 27, 128, 1, 17, 167, 244, 220, 169, 196, 1, 0, 255, 127, 199, 0, 0, 0, 0, 0, 0, 0, 0, 0, 23, 22, 255, 45, 1, 4, 0, 1, 49, 5, 1, 155, 136, 217, 100, 4, 64, 213, 0, 0, 0, 0, 0, 0}>
09-18 16:11:35.149 25569 25603 V bt_btm_ble: btm_ble_process_adv_addr: bda=xx:xx:xx:xx:a7:11
09-18 16:11:35.150   997  1841 V bthal.flowcontrol: HciEventPostProcess: HCI Event 0x3e Opcode 0 credits 0 <[51]{62, 49, 13, 1, 27, 128, 1, 17, 167, 244, 220, 169, 196, 1, 0, 255, 127, 199, 0, 0, 0, 0, 0, 0, 0, 0, 0, 23, 22, 255, 45, 1, 4, 0, 1, 49, 5, 1, 155, 136, 217, 100, 4, 64, 213, 0, 0, 0, 0, 0, 0}>
09-18 16:11:35.150 25569 25603 V bt_btm_ble: btm_ble_update_inq_result: Random address, treat device as LE only
09-18 16:11:35.152 28244 29641 D BluetoothLeScanner: onScanResult() - mScannerId=2
09-18 16:11:35.153 28244 28244 D BluetoothLeScanner: onScanResult() - handler run
09-18 16:11:35.232 14617 14617 D okhttp.TaskRunner: Q10018 scheduled after   0 s: OkHttp WebSocket http://localhost:8081/... writer
09-18 16:11:35.234 14617 14899 D okhttp.TaskRunner: Q10018 starting              : OkHttp WebSocket http://localhost:8081/... writer
09-18 16:11:35.238 14617 14899 D okhttp.TaskRunner: Q10018 run again after   0 s: OkHttp WebSocket http://localhost:8081/... writer
09-18 16:11:35.240 14617 14899 D okhttp.TaskRunner: Q10018 finished run in   5 ms: OkHttp WebSocket http://localhost:8081/... writer
09-18 16:11:35.241 14617 14899 D okhttp.TaskRunner: Q10018 starting              : OkHttp WebSocket http://localhost:8081/... writer
09-18 16:11:35.242 14617 14899 D okhttp.TaskRunner: Q10018 finished run in   1 ms: OkHttp WebSocket http://localhost:8081/... writer
09-18 16:11:35.244   997  1841 V bthal.flowcontrol: HciEventPreProcess: HCI Event 0x3e Opcode 0 unhandled <[42]{62, 40, 13, 1, 19, 128, 1, 17, 167, 244, 220, 169, 196, 1, 0, 255, 127, 200, 0, 0, 0, 0, 0, 0, 0, 0, 0, 14, 10, 22, 44, 254, 0, 48, 0, 0, 0, 17, 155, 2, 10, 235}>
09-18 16:11:35.246   997  1841 V bthal.flowcontrol: HciEventPostProcess: HCI Event 0x3e Opcode 0 credits 0 <[42]{62, 40, 13, 1, 19, 128, 1, 17, 167, 244, 220, 169, 196, 1, 0, 255, 127, 200, 0, 0, 0, 0, 0, 0, 0, 0, 0, 14, 10, 22, 44, 254, 0, 48, 0, 0, 0, 17, 155, 2, 10, 235}>
09-18 16:11:35.246   997  1841 V bthal.flowcontrol: HciEventPreProcess: HCI Event 0x3e Opcode 0 unhandled <[51]{62, 49, 13, 1, 27, 128, 1, 17, 167, 244, 220, 169, 196, 1, 0, 255, 127, 200, 0, 0, 0, 0, 0, 0, 0, 0, 0, 23, 22, 255, 45, 1, 4, 0, 1, 49, 5, 1, 155, 136, 217, 100, 4, 64, 213, 0, 0, 0, 0, 0, 0}>
09-18 16:11:35.248 25569 25603 V bt_btm_ble: btm_ble_process_adv_addr: bda=xx:xx:xx:xx:a7:11
09-18 16:11:35.248 25569 25603 V bt_btm_ble: btm_ble_update_inq_result: Random address, treat device as LE only
09-18 16:11:35.249   997  1841 V bthal.flowcontrol: HciEventPostProcess: HCI Event 0x3e Opcode 0 credits 0 <[51]{62, 49, 13, 1, 27, 128, 1, 17, 167, 244, 220, 169, 196, 1, 0, 255, 127, 200, 0, 0, 0, 0, 0, 0, 0, 0, 0, 23, 22, 255, 45, 1, 4, 0, 1, 49, 5, 1, 155, 136, 217, 100, 4, 64, 213, 0, 0, 0, 0, 0, 0}>
09-18 16:11:35.251 28244 29641 D BluetoothLeScanner: onScanResult() - mScannerId=2
09-18 16:11:35.252 28244 28244 D BluetoothLeScanner: onScanResult() - handler run
09-18 16:11:35.989   997  1841 V bthal.flowcontrol: HciEventPreProcess: HCI Event 0x3e Opcode 0 unhandled <[42]{62, 40, 13, 1, 19, 128, 1, 17, 167, 244, 220, 169, 196, 1, 0, 255, 127, 188, 0, 0, 0, 0, 0, 0, 0, 0, 0, 14, 10, 22, 44, 254, 0, 48, 0, 0, 0, 17, 155, 2, 10, 235}>
09-18 16:11:35.993   997  1841 V bthal.flowcontrol: HciEventPostProcess: HCI Event 0x3e Opcode 0 credits 0 <[42]{62, 40, 13, 1, 19, 128, 1, 17, 167, 244, 220, 169, 196, 1, 0, 255, 127, 188, 0, 0, 0, 0, 0, 0, 0, 0, 0, 14, 10, 22, 44, 254, 0, 48, 0, 0, 0, 17, 155, 2, 10, 235}>
09-18 16:11:35.993   997  1841 V bthal.flowcontrol: HciEventPreProcess: HCI Event 0x3e Opcode 0 unhandled <[51]{62, 49, 13, 1, 27, 128, 1, 17, 167, 244, 220, 169, 196, 1, 0, 255, 127, 188, 0, 0, 0, 0, 0, 0, 0, 0, 0, 23, 22, 255, 45, 1, 4, 0, 1, 49, 5, 1, 155, 136, 217, 100, 4, 64, 213, 0, 0, 0, 0, 0, 0}>
09-18 16:11:35.994 25569 25603 V bt_btm_ble: btm_ble_process_adv_addr: bda=xx:xx:xx:xx:a7:11
09-18 16:11:35.995 25569 25603 V bt_btm_ble: btm_ble_update_inq_result: Random address, treat device as LE only
09-18 16:11:35.996   997  1841 V bthal.flowcontrol: HciEventPostProcess: HCI Event 0x3e Opcode 0 credits 0 <[51]{62, 49, 13, 1, 27, 128, 1, 17, 167, 244, 220, 169, 196, 1, 0, 255, 127, 188, 0, 0, 0, 0, 0, 0, 0, 0, 0, 23, 22, 255, 45, 1, 4, 0, 1, 49, 5, 1, 155, 136, 217, 100, 4, 64, 213, 0, 0, 0, 0, 0, 0}>
09-18 16:11:35.998 28244 29641 D BluetoothLeScanner: onScanResult() - mScannerId=2
09-18 16:11:35.999 28244 28244 D BluetoothLeScanner: onScanResult() - handler run
09-18 16:11:36.023  1069  1069 I WifiHAL : Creating message to get link statistics; iface = 48
09-18 16:11:36.139  1069  1069 I WifiHAL : In GetLinkStatsCommand::handleResponse
09-18 16:11:36.141  1069  1069 E IPCThreadState: binder thread pool (1 threads) starved for 118 ms
09-18 16:11:36.143  1069  1069 I WifiHAL : Getting cached scan results, iface handle = 0xb400007239e514d0
09-18 16:11:36.143  1069  1069 E WifiHAL : Creating message to get cached scan results
09-18 16:11:36.156  1069  1069 I WifiHAL : In GetCachedScanResultsCommand::handleResponse
09-18 16:11:36.228 14617 14617 D okhttp.TaskRunner: Q10018 scheduled after   0 s: OkHttp WebSocket http://localhost:8081/... writer
09-18 16:11:36.231 14617 14749 D okhttp.TaskRunner: Q10018 starting              : OkHttp WebSocket http://localhost:8081/... writer
09-18 16:11:36.233 14617 14749 D okhttp.TaskRunner: Q10018 run again after   0 s: OkHttp WebSocket http://localhost:8081/... writer
09-18 16:11:36.233 14617 14749 D okhttp.TaskRunner: Q10018 finished run in   2 ms: OkHttp WebSocket http://localhost:8081/... writer
09-18 16:11:36.233 14617 14749 D okhttp.TaskRunner: Q10018 starting              : OkHttp WebSocket http://localhost:8081/... writer
09-18 16:11:36.234 14617 14749 D okhttp.TaskRunner: Q10018 finished run in 220 s: OkHttp WebSocket http://localhost:8081/... writer
09-18 16:11:36.247  1671  2205 D ConnectivityService: NetReassign [no changes] [c 4] [a 6] [i 16]
09-18 16:11:36.609   997  1841 V bthal.flowcontrol: HciEventPreProcess: HCI Event 0x3e Opcode 0 unhandled <[42]{62, 40, 13, 1, 19, 128, 1, 17, 167, 244, 220, 169, 196, 1, 0, 255, 127, 196, 0, 0, 0, 0, 0, 0, 0, 0, 0, 14, 10, 22, 44, 254, 0, 48, 0, 0, 0, 17, 155, 2, 10, 235}>
09-18 16:11:36.611   997  1841 V bthal.flowcontrol: HciEventPostProcess: HCI Event 0x3e Opcode 0 credits 0 <[42]{62, 40, 13, 1, 19, 128, 1, 17, 167, 244, 220, 169, 196, 1, 0, 255, 127, 196, 0, 0, 0, 0, 0, 0, 0, 0, 0, 14, 10, 22, 44, 254, 0, 48, 0, 0, 0, 17, 155, 2, 10, 235}>
09-18 16:11:36.633   997  1841 V bthal.flowcontrol: HciEventPreProcess: HCI Event 0x3e Opcode 0 unhandled <[49]{62, 47, 13, 1, 19, 128, 1, 226, 166, 247, 10, 51, 198, 1, 0, 255, 127, 171, 0, 0, 0, 0, 0, 0, 0, 0, 0, 21, 2, 1, 6, 3, 3, 237, 254, 13, 22, 237, 254, 2, 0, 203, 108, 180, 228, 15, 240, 228, 128}>
09-18 16:11:36.635   997  1841 V bthal.flowcontrol: HciEventPostProcess: HCI Event 0x3e Opcode 0 credits 0 <[49]{62, 47, 13, 1, 19, 128, 1, 226, 166, 247, 10, 51, 198, 1, 0, 255, 127, 171, 0, 0, 0, 0, 0, 0, 0, 0, 0, 21, 2, 1, 6, 3, 3, 237, 254, 13, 22, 237, 254, 2, 0, 203, 108, 180, 228, 15, 240, 228, 128}>
09-18 16:11:37.233 14617 14617 D okhttp.TaskRunner: Q10018 scheduled after   0 s: OkHttp WebSocket http://localhost:8081/... writer
09-18 16:11:37.235 14617 14899 D okhttp.TaskRunner: Q10018 starting              : OkHttp WebSocket http://localhost:8081/... writer
09-18 16:11:37.240 14617 14899 D okhttp.TaskRunner: Q10018 run again after   0 s: OkHttp WebSocket http://localhost:8081/... writer
09-18 16:11:37.241 14617 14899 D okhttp.TaskRunner: Q10018 finished run in   6 ms: OkHttp WebSocket http://localhost:8081/... writer
09-18 16:11:37.241 14617 14899 D okhttp.TaskRunner: Q10018 starting              : OkHttp WebSocket http://localhost:8081/... writer
09-18 16:11:37.242 14617 14899 D okhttp.TaskRunner: Q10018 finished run in 911 s: OkHttp WebSocket http://localhost:8081/... writer
09-18 16:11:37.337   997  1841 V bthal.flowcontrol: HciEventPreProcess: HCI Event 0x3e Opcode 0 unhandled <[42]{62, 40, 13, 1, 19, 128, 1, 17, 167, 244, 220, 169, 196, 1, 0, 255, 127, 219, 0, 0, 0, 0, 0, 0, 0, 0, 0, 14, 10, 22, 44, 254, 0, 48, 0, 0, 0, 17, 155, 2, 10, 235}>
09-18 16:11:37.343   997  1841 V bthal.flowcontrol: HciEventPostProcess: HCI Event 0x3e Opcode 0 credits 0 <[42]{62, 40, 13, 1, 19, 128, 1, 17, 167, 244, 220, 169, 196, 1, 0, 255, 127, 219, 0, 0, 0, 0, 0, 0, 0, 0, 0, 14, 10, 22, 44, 254, 0, 48, 0, 0, 0, 17, 155, 2, 10, 235}>
09-18 16:11:37.439   997  1841 V bthal.flowcontrol: HciEventPreProcess: HCI Event 0x3e Opcode 0 unhandled <[42]{62, 40, 13, 1, 19, 128, 1, 17, 167, 244, 220, 169, 196, 1, 0, 255, 127, 200, 0, 0, 0, 0, 0, 0, 0, 0, 0, 14, 10, 22, 44, 254, 0, 48, 0, 0, 0, 17, 155, 2, 10, 235}>
09-18 16:11:37.442   997  1841 V bthal.flowcontrol: HciEventPostProcess: HCI Event 0x3e Opcode 0 credits 0 <[42]{62, 40, 13, 1, 19, 128, 1, 17, 167, 244, 220, 169, 196, 1, 0, 255, 127, 200, 0, 0, 0, 0, 0, 0, 0, 0, 0, 14, 10, 22, 44, 254, 0, 48, 0, 0, 0, 17, 155, 2, 10, 235}>
09-18 16:11:37.443   997  1841 V bthal.flowcontrol: HciEventPreProcess: HCI Event 0x3e Opcode 0 unhandled <[51]{62, 49, 13, 1, 27, 128, 1, 17, 167, 244, 220, 169, 196, 1, 0, 255, 127, 200, 0, 0, 0, 0, 0, 0, 0, 0, 0, 23, 22, 255, 45, 1, 4, 0, 1, 49, 5, 1, 155, 136, 217, 100, 4, 64, 213, 0, 0, 0, 0, 0, 0}>
09-18 16:11:37.445   997  1841 V bthal.flowcontrol: HciEventPostProcess: HCI Event 0x3e Opcode 0 credits 0 <[51]{62, 49, 13, 1, 27, 128, 1, 17, 167, 244, 220, 169, 196, 1, 0, 255, 127, 200, 0, 0, 0, 0, 0, 0, 0, 0, 0, 23, 22, 255, 45, 1, 4, 0, 1, 49, 5, 1, 155, 136, 217, 100, 4, 64, 213, 0, 0, 0, 0, 0, 0}>
09-18 16:11:37.445 25569 25603 V bt_btm_ble: btm_ble_process_adv_addr: bda=xx:xx:xx:xx:a7:11
09-18 16:11:37.446 25569 25603 V bt_btm_ble: btm_ble_update_inq_result: Random address, treat device as LE only
09-18 16:11:37.449 28244 29641 D BluetoothLeScanner: onScanResult() - mScannerId=2
09-18 16:11:37.450 28244 28244 D BluetoothLeScanner: onScanResult() - handler run
09-18 16:11:37.653  1671  1766 W ProcessStats: Tracking association SourceState{956c80a system/1000 ImpBg #4569567} whose proc state 6 is better than process ProcessState{7c05c4e com.google.android.gms.persistent/10165 pkg=com.google.android.gms} proc state 14 (201 skipped)
09-18 16:11:38.157   997  1841 V bthal.flowcontrol: HciEventPreProcess: HCI Event 0x3e Opcode 0 unhandled <[42]{62, 40, 13, 1, 19, 128, 1, 17, 167, 244, 220, 169, 196, 1, 0, 255, 127, 190, 0, 0, 0, 0, 0, 0, 0, 0, 0, 14, 10, 22, 44, 254, 0, 48, 0, 0, 0, 17, 155, 2, 10, 235}>
09-18 16:11:38.159   997  1841 V bthal.flowcontrol: HciEventPostProcess: HCI Event 0x3e Opcode 0 credits 0 <[42]{62, 40, 13, 1, 19, 128, 1, 17, 167, 244, 220, 169, 196, 1, 0, 255, 127, 190, 0, 0, 0, 0, 0, 0, 0, 0, 0, 14, 10, 22, 44, 254, 0, 48, 0, 0, 0, 17, 155, 2, 10, 235}>
09-18 16:11:38.235 14617 14617 D okhttp.TaskRunner: Q10018 scheduled after   0 s: OkHttp WebSocket http://localhost:8081/... writer
09-18 16:11:38.237 14617 14749 D okhttp.TaskRunner: Q10018 starting              : OkHttp WebSocket http://localhost:8081/... writer
09-18 16:11:38.241 14617 14749 D okhttp.TaskRunner: Q10018 run again after   0 s: OkHttp WebSocket http://localhost:8081/... writer
09-18 16:11:38.242 14617 14749 D okhttp.TaskRunner: Q10018 finished run in   5 ms: OkHttp WebSocket http://localhost:8081/... writer
09-18 16:11:38.243 14617 14749 D okhttp.TaskRunner: Q10018 starting              : OkHttp WebSocket http://localhost:8081/... writer
09-18 16:11:38.244 14617 14749 D okhttp.TaskRunner: Q10018 finished run in 776 s: OkHttp WebSocket http://localhost:8081/... writer
09-18 16:11:38.560  1500  1838 I twoshay.grippalm: Grip 0 ENTER 
09-18 16:11:38.573  1004  1062 D CHRE    : @ 3208620.288: Parsed nanoapp message from host: app ID 0x476f6f676c00103b endpoint 0x8005 msgType 1 payload size 8
09-18 16:11:38.574  1004  1062 D CHRE    : @ 3208620.289: [Wallaby] [Server] Not a valid RPC message
09-18 16:11:38.574  1004  1062 D CHRE    : @ 3208620.289: [Wallaby] Got message from host with type 1 size 8 data @ 0x401cfae0 hostEndpoint 0x8005
09-18 16:11:38.575  1004  1062 D CHRE    : @ 3208620.289: [Wallaby] Received SEND_TOUCH_EVENT message, size 8 
09-18 16:11:38.575  1004  1062 D CHRE    : @ 3208620.289: [Wallaby] Injected touch event, ts_ms 1254141914, event 0x2
09-18 16:11:38.626  1500  1838 I twoshay.grippalm: Grip 0 Touch coord restored after 0.065977s, offset(-15,-2)
09-18 16:11:38.626  1500  1838 I twoshay.grippalm: Grip 0 LEAVE1
09-18 16:11:38.631  2415  2415 I deeptouch: I0000 00:00:1758226298.630847    2415 event_matcher.cc:59] Frame 1254141927465000 earlier than last matched event: 1254141982336000; dropping
09-18 16:11:38.631  2415  2415 I deeptouch: I0000 00:00:1758226298.631147    2415 event_matcher.cc:59] Frame 1254141931579000 earlier than last matched event: 1254141982336000; dropping
09-18 16:11:38.631  2415  2415 I deeptouch: I0000 00:00:1758226298.631174    2415 event_matcher.cc:59] Frame 1254141935795000 earlier than last matched event: 1254141982336000; dropping
09-18 16:11:38.631  2415  2415 I deeptouch: I0000 00:00:1758226298.631196    2415 event_matcher.cc:59] Frame 1254141940025000 earlier than last matched event: 1254141982336000; dropping
09-18 16:11:38.631  2415  2415 I deeptouch: I0000 00:00:1758226298.631218    2415 event_matcher.cc:59] Frame 1254141944213000 earlier than last matched event: 1254141982336000; dropping
09-18 16:11:38.631  2415  2415 I deeptouch: I0000 00:00:1758226298.631239    2415 event_matcher.cc:59] Frame 1254141948407000 earlier than last matched event: 1254141982336000; dropping
09-18 16:11:38.631  2415  2415 I deeptouch: I0000 00:00:1758226298.631259    2415 event_matcher.cc:59] Frame 1254141952592000 earlier than last matched event: 1254141982336000; dropping
09-18 16:11:38.631  2415  2415 I deeptouch: I0000 00:00:1758226298.631281    2415 event_matcher.cc:59] Frame 1254141956855000 earlier than last matched event: 1254141982336000; dropping
09-18 16:11:38.631  2415  2415 I deeptouch: I0000 00:00:1758226298.631301    2415 event_matcher.cc:59] Frame 1254141961080000 earlier than last matched event: 1254141982336000; dropping
09-18 16:11:38.631  2415  2415 I deeptouch: I0000 00:00:1758226298.631322    2415 event_matcher.cc:59] Frame 1254141965376000 earlier than last matched event: 1254141982336000; dropping
09-18 16:11:38.631  2415  2415 I deeptouch: I0000 00:00:1758226298.631341    2415 event_matcher.cc:59] Frame 1254141969883000 earlier than last matched event: 1254141982336000; dropping
09-18 16:11:38.631  2415  2415 I deeptouch: I0000 00:00:1758226298.631362    2415 event_matcher.cc:59] Frame 1254141973816000 earlier than last matched event: 1254141982336000; dropping
09-18 16:11:38.631  2415  2415 I deeptouch: I0000 00:00:1758226298.631383    2415 event_matcher.cc:59] Frame 1254141978072000 earlier than last matched event: 1254141982336000; dropping
09-18 16:11:38.637  2415  2436 I deeptouch: I0000 00:00:1758226298.636819    2436 tf_lite_classifier.cc:342] DeepPress candidate dropped due to large touch displacement (=53.6656)
09-18 16:11:38.637  2415  2436 I deeptouch: I0000 00:00:1758226298.637135    2436 tf_lite_classifier.cc:413] Event stream classified as kNone
09-18 16:11:38.642  1004  1062 D CHRE    : @ 3208620.350: Parsed nanoapp message from host: app ID 0x476f6f676c00103b endpoint 0x8005 msgType 1 payload size 8
09-18 16:11:38.643   760   760 V libperfmgr: Do Powerhint: CPU_LOAD_RESET
09-18 16:11:38.645   760  3371 V libperfmgr: NodeLooperThread will wait for 8000000ns
09-18 16:11:38.645  1004  1062 D CHRE    : @ 3208620.351: [Wallaby] [Server] Not a valid RPC message
09-18 16:11:38.645  1004  1062 D CHRE    : @ 3208620.351: [Wallaby] Got message from host with type 1 size 8 data @ 0x401cfae0 hostEndpoint 0x8005
09-18 16:11:38.645  1004  1062 D CHRE    : @ 3208620.351: [Wallaby] Received SEND_TOUCH_EVENT message, size 8 
09-18 16:11:38.645  1004  1062 D CHRE    : @ 3208620.352: [Wallaby] Injected touch event, ts_ms 1254141982, event 0x40
09-18 16:11:38.647  2288  2288 W WindowOnBackDispatcher: OnBackInvokedCallback is not enabled for the application.
09-18 16:11:38.647  2288  2288 W WindowOnBackDispatcher: Set 'android:enableOnBackInvokedCallback="true"' in the application manifest.
09-18 16:11:38.652   568   628 I BpBinder: onLastStrongRef automatically unlinking death recipients: 
09-18 16:11:38.652  1671  1849 V libprocessgroup: Applying profile action SetTimerSlack failed
09-18 16:11:38.654   760  3371 V libperfmgr: NodeLooperThread will wait for 22000000ns
09-18 16:11:38.656  1168  1340 W IPCThreadState: Sending oneway calls to frozen process.
09-18 16:11:38.656   760   760 V libperfmgr: Do Powerhint: CPU_LOAD_RESET
09-18 16:11:38.656   760   760 D powerhal-libperfmgr: Power setBoost: DISPLAY_UPDATE_IMMINENT duration: 0
09-18 16:11:38.656   760   760 V libperfmgr: Do Powerhint: DISPLAY_UPDATE_IMMINENT
09-18 16:11:38.657   760  3371 V libperfmgr: NodeLooperThread will wait for 9000000ns
09-18 16:11:38.657   760  3371 V libperfmgr: NodeLooperThread will wait for 9000000ns
09-18 16:11:38.657  1168  1340 W IPCThreadState: Sending oneway calls to frozen process.
09-18 16:11:38.658  1168  1340 W IPCThreadState: Sending oneway calls to frozen process.
09-18 16:11:38.658  1168  1340 W IPCThreadState: Sending oneway calls to frozen process.
09-18 16:11:38.662   569 29476 W gralloc4: Unable to set buffer name VRI[NotificationShade]#21336(BLAST Consumer)21336: File name too long
09-18 16:11:38.664   569 29476 W gralloc4: Unable to set buffer name VRI[NotificationShade]#21336(BLAST Consumer)21336: File name too long
09-18 16:11:38.665   569   680 W gralloc4: Unable to set buffer name VRI[NotificationShade]#21336(BLAST Consumer)21336: File name too long
09-18 16:11:38.667   760  3371 V libperfmgr: NodeLooperThread will wait for 22000000ns
09-18 16:11:38.667   569   680 W gralloc4: Unable to set buffer name VRI[NotificationShade]#21336(BLAST Consumer)21336: File name too long
09-18 16:11:38.668   760   760 D libperfmgr: Hint type not present in actions: ADPF_DISABLE_TA_BOOST
09-18 16:11:38.669   569   680 W gralloc4: Unable to set buffer name VRI[NotificationShade]#21336(BLAST Consumer)21336: File name too long
09-18 16:11:38.670  1671  1816 V WindowManager: Loading animations: layout params pkg=com.android.systemui resId=0x0
09-18 16:11:38.672   570   681 D hwc-libdisplaycolor: ----Update display scene----
09-18 16:11:38.672   570   681 D hwc-libdisplaycolor: NATURAL mode
09-18 16:11:38.672   570   681 D hwc-libdisplaycolor: Blending in 10000
09-18 16:11:38.672   570   681 D hwc-libdisplaycolor: layer 0 data not changed
09-18 16:11:38.672   570   681 D hwc-libdisplaycolor: layer 1 data not changed
09-18 16:11:38.672   570   681 D hwc-libdisplaycolor: enabled linear matrix
09-18 16:11:38.672   570   681 D hwc-libdisplaycolor: enabled cgc
09-18 16:11:38.672   570   681 D hwc-libdisplaycolor: update regamma for operation rate120 refresh rate 120 lhbm 0 dbv 937
09-18 16:11:38.672   570   681 D hwc-libdisplaycolor: FindRrRegammas: no match found for (op_hz,hz,type)=(120,120,1)
09-18 16:11:38.672   570   681 D hwc-libdisplaycolor: FindRrRegammas: no match found for (op_hz,hz,type)=(120,120,0)
09-18 16:11:38.672   570   681 D hwc-libdisplaycolor: enabled regamma
09-18 16:11:38.672   570   681 D hwc-libdisplaycolor: ----Update display scene done----
09-18 16:11:38.674  1004  1062 D CHRE    : @ 3208620.393: Parsed nanoapp message from host: app ID 0x476f6f676c00103b endpoint 0x8005 msgType 1 payload size 6
09-18 16:11:38.674  1004  1062 D CHRE    : @ 3208620.393: [Wallaby] [Server] Not a valid RPC message
09-18 16:11:38.674  1004  1062 D CHRE    : @ 3208620.393: [Wallaby] Got message from host with type 1 size 6 data @ 0x401cfae0 hostEndpoint 0x8005
09-18 16:11:38.674  1004  1062 D CHRE    : @ 3208620.393: [Wallaby] Received SEND_TOUCH_EVENT message, size 6 
09-18 16:11:38.674  1004  1062 D CHRE    : @ 3208620.393: [Wallaby] Injected touch event, ts_ms 1254142028, event 0x0
09-18 16:11:38.674   760   760 D android.hardware.power-service.pixel.ext-libperfmgr: PowerExt setMode: DISPLAY_IDLE to: 0
09-18 16:11:38.674   760   760 V libperfmgr: End Powerhint: DISPLAY_IDLE
09-18 16:11:38.674   760  3371 V libperfmgr: NodeLooperThread will wait for 14000000ns
09-18 16:11:38.681   568   568 I BpBinder: onLastStrongRef automatically unlinking death recipients: 
09-18 16:11:38.682   570  2274 D hwc-libdisplaycolor: ----Update display scene----
09-18 16:11:38.682   570  2274 D hwc-libdisplaycolor: NATURAL mode
09-18 16:11:38.682   570  2274 D hwc-libdisplaycolor: Blending in 10000
09-18 16:11:38.682   570  2274 D hwc-libdisplaycolor: layer 0 data not changed
09-18 16:11:38.682   570  2274 D hwc-libdisplaycolor: layer 1 data not changed
09-18 16:11:38.682   570  2274 D hwc-libdisplaycolor: enabled linear matrix
09-18 16:11:38.682   570  2274 D hwc-libdisplaycolor: enabled cgc
09-18 16:11:38.682   570  2274 D hwc-libdisplaycolor: update regamma for operation rate120 refresh rate 120 lhbm 0 dbv 937
09-18 16:11:38.682   570  2274 D hwc-libdisplaycolor: FindRrRegammas: no match found for (op_hz,hz,type)=(120,120,1)
09-18 16:11:38.682   570  2274 D hwc-libdisplaycolor: FindRrRegammas: no match found for (op_hz,hz,type)=(120,120,0)
09-18 16:11:38.682   570  2274 D hwc-libdisplaycolor: enabled regamma
09-18 16:11:38.682   570  2274 D hwc-libdisplaycolor: ----Update display scene done----
09-18 16:11:38.688  1671  5312 D SystemServerTiming: getUserSwitchability-0
09-18 16:11:38.688  1671  5312 D SystemServerTiming: TM.isInCall
09-18 16:11:38.689  1671  1766 D SystemServerTiming: getUserSwitchability-0
09-18 16:11:38.689  1671  1766 D SystemServerTiming: TM.isInCall
09-18 16:11:38.689  1671  5312 D SystemServerTiming: hasUserRestriction-DISALLOW_USER_SWITCH
09-18 16:11:38.689  1671  5312 D SystemServerTiming: getInt-ALLOW_USER_SWITCHING_WHEN_SYSTEM_USER_LOCKED
09-18 16:11:38.690  1671  5312 D SystemServerTiming: isUserUnlocked-USER_SYSTEM
09-18 16:11:38.690   760  3371 V libperfmgr: NodeLooperThread will wait for 16000000ns
09-18 16:11:38.691  2288  2288 D DLObserver: add listener: com.android.systemui.dock.DockManagerExtensionsKt$retrieveIsDocked$1$callback$1@bb9f7c1
09-18 16:11:38.691  1671  1766 D SystemServerTiming: hasUserRestriction-DISALLOW_USER_SWITCH
09-18 16:11:38.691  1671  1766 D SystemServerTiming: getInt-ALLOW_USER_SWITCHING_WHEN_SYSTEM_USER_LOCKED
09-18 16:11:38.691  1671  1766 D SystemServerTiming: isUserUnlocked-USER_SYSTEM
09-18 16:11:38.691  2288  2288 D BiometricsRepositoryImpl: currentUser authFlags changed, new value: AuthenticationFlags(userId=0, flag=0)
09-18 16:11:38.692  2288  2288 D DLObserver: add listener: com.android.systemui.dock.DockManagerExtensionsKt$retrieveIsDocked$1$callback$1@c4ecea7
09-18 16:11:38.692  2288  2288 D DLObserver: add listener: com.android.systemui.dock.DockManagerExtensionsKt$retrieveIsDocked$1$callback$1@caf0f54
09-18 16:11:38.693  2288  2288 D DLObserver: add listener: com.android.systemui.dock.DockManagerExtensionsKt$retrieveIsDocked$1$callback$1@c2d4efd
09-18 16:11:38.693  2288  2288 D BiometricsRepositoryImpl: currentUser authFlags changed, new value: AuthenticationFlags(userId=0, flag=0)
09-18 16:11:38.693  2288  2288 D BiometricsRepositoryImpl: currentUser authFlags changed, new value: AuthenticationFlags(userId=0, flag=0)
09-18 16:11:38.694  2288  2288 D BiometricsRepositoryImpl: currentUser authFlags changed, new value: AuthenticationFlags(userId=0, flag=0)
09-18 16:11:38.694  2288  2288 D DLObserver: add listener: com.android.systemui.dock.DockManagerExtensionsKt$retrieveIsDocked$1$callback$1@874eb9f
09-18 16:11:38.695  2288  2288 D DLObserver: add listener: com.android.systemui.dock.DockManagerExtensionsKt$retrieveIsDocked$1$callback$1@58cf4ec
09-18 16:11:38.695  2288  2288 D BiometricsRepositoryImpl: currentUser authFlags changed, new value: AuthenticationFlags(userId=0, flag=0)
09-18 16:11:38.695  2288  2288 D BiometricsRepositoryImpl: currentUser authFlags changed, new value: AuthenticationFlags(userId=0, flag=0)
09-18 16:11:38.698  2288  2319 D ControlsListingControllerImpl: Subscribing callback, service count: 1
09-18 16:11:38.700  2288  2288 D DLObserver: onDockEvent mDockState = 0
09-18 16:11:38.700  2288  2288 D DLObserver: onDockEvent mDockState = 0
09-18 16:11:38.700  2288  2288 D DLObserver: onDockEvent mDockState = 0
09-18 16:11:38.700  2288  2288 D DLObserver: onDockEvent mDockState = 0
09-18 16:11:38.700  2288  2288 D DLObserver: onDockEvent mDockState = 0
09-18 16:11:38.700  2288  2288 D DLObserver: onDockEvent mDockState = 0
09-18 16:11:38.702  2288  2319 D ControlsListingControllerImpl: Subscribing callback, service count: 1
09-18 16:11:38.704  2288  2322 I QAWController: Re-creating the QAW client to avoid stale.
09-18 16:11:38.705  2288  2332 I QAWController: Re-creating the QAW client to avoid stale.
09-18 16:11:38.705  2288  2333 I QAWController: Re-creating the QAW client to avoid stale.
09-18 16:11:38.707   760  3371 V libperfmgr: NodeLooperThread will wait for 9223372036854775807ns
09-18 16:11:38.717  2288  2319 D ControlsListingControllerImpl: Subscribing callback, service count: 1
09-18 16:11:38.731   570   681 D hwc-libdisplaycolor: ----Update display scene----
09-18 16:11:38.731   570   681 D hwc-libdisplaycolor: NATURAL mode
09-18 16:11:38.732   570   681 D hwc-libdisplaycolor: Blending in 10000
09-18 16:11:38.732   570   681 D hwc-libdisplaycolor: layer 0 data not changed
09-18 16:11:38.732   570   681 D hwc-libdisplaycolor: layer 1 data not changed
09-18 16:11:38.732   570   681 D hwc-libdisplaycolor: layer 2 data not changed
09-18 16:11:38.732   570   681 D hwc-libdisplaycolor: enabled linear matrix
09-18 16:11:38.732   570   681 D hwc-libdisplaycolor: enabled cgc
09-18 16:11:38.732   570   681 D hwc-libdisplaycolor: update regamma for operation rate120 refresh rate 120 lhbm 0 dbv 937
09-18 16:11:38.732   570   681 D hwc-libdisplaycolor: FindRrRegammas: no match found for (op_hz,hz,type)=(120,120,1)
09-18 16:11:38.732   570   681 D hwc-libdisplaycolor: FindRrRegammas: no match found for (op_hz,hz,type)=(120,120,0)
09-18 16:11:38.732   570   681 D hwc-libdisplaycolor: enabled regamma
09-18 16:11:38.732   570   681 D hwc-libdisplaycolor: ----Update display scene done----
09-18 16:11:38.787  1671  1849 V libprocessgroup: Applying profile action SetTimerSlack failed
09-18 16:11:38.788  1671  1849 V libprocessgroup: Applying profile action SetTimerSlack failed
09-18 16:11:38.791 27497 27497 D BoundBrokerSvc: onBind: Intent { act=com.google.android.gms.pay.service.BIND dat=chimera-action:/... cmp=com.google.android.gms/.chimera.GmsApiService }
09-18 16:11:38.791 27497 27497 D BoundBrokerSvc: Loading bound service for intent: Intent { act=com.google.android.gms.pay.service.BIND dat=chimera-action:/... cmp=com.google.android.gms/.chimera.GmsApiService }
09-18 16:11:38.809  1671  5312 V AccountManagerService: getAccounts: accountType com.google, caller's uid 10165, pid 28244
09-18 16:11:38.810  1671  3086 V AccountManagerService: getAccounts: accountType com.google, caller's uid 10165, pid 28244
09-18 16:11:38.810  1671  4447 V AccountManagerService: getAccounts: accountType com.google, caller's uid 10165, pid 28244
09-18 16:11:38.853   760   773 D libperfmgr: Hint type not present in actions: ADPF_DISABLE_TA_BOOST
09-18 16:11:39.020   997  1841 V bthal.flowcontrol: HciEventPreProcess: HCI Event 0x3e Opcode 0 unhandled <[44]{62, 42, 13, 1, 19, 0, 1, 167, 209, 141, 238, 141, 200, 1, 0, 255, 127, 163, 0, 0, 0, 0, 0, 0, 0, 0, 0, 16, 12, 22, 44, 254, 0, 80, 200, 4, 2, 9, 23, 17, 241, 2, 10, 235}>
09-18 16:11:39.021   997  1841 V bthal.flowcontrol: HciEventPostProcess: HCI Event 0x3e Opcode 0 credits 0 <[44]{62, 42, 13, 1, 19, 0, 1, 167, 209, 141, 238, 141, 200, 1, 0, 255, 127, 163, 0, 0, 0, 0, 0, 0, 0, 0, 0, 16, 12, 22, 44, 254, 0, 80, 200, 4, 2, 9, 23, 17, 241, 2, 10, 235}>
09-18 16:11:39.021   997  1841 V bthal.flowcontrol: HciEventPreProcess: HCI Event 0x3e Opcode 0 unhandled <[51]{62, 49, 13, 1, 27, 0, 1, 167, 209, 141, 238, 141, 200, 1, 0, 255, 127, 164, 0, 0, 0, 0, 0, 0, 0, 0, 0, 23, 22, 255, 45, 1, 4, 0, 1, 49, 5, 3, 227, 141, 190, 232, 4, 64, 213, 0, 0, 0, 0, 0, 0}>
09-18 16:11:39.021   997  1841 V bthal.flowcontrol: HciEventPostProcess: HCI Event 0x3e Opcode 0 credits 0 <[51]{62, 49, 13, 1, 27, 0, 1, 167, 209, 141, 238, 141, 200, 1, 0, 255, 127, 164, 0, 0, 0, 0, 0, 0, 0, 0, 0, 23, 22, 255, 45, 1, 4, 0, 1, 49, 5, 3, 227, 141, 190, 232, 4, 64, 213, 0, 0, 0, 0, 0, 0}>
09-18 16:11:39.021 25569 25603 V bt_btm_ble: btm_ble_process_adv_addr: bda=xx:xx:xx:xx:d1:a7
09-18 16:11:39.022 25569 25603 V bt_btm_ble: btm_ble_update_inq_result: Random address, treat device as LE only
09-18 16:11:39.023 28244 29641 D BluetoothLeScanner: onScanResult() - mScannerId=2
09-18 16:11:39.023 28244 28244 D BluetoothLeScanner: onScanResult() - handler run
09-18 16:11:39.174  1671  4447 V NotificationManagerService$NotificationAssistants: notifyAssistantLocked() called with: sbn = [StatusBarNotification(pkg=com.tencent.mm user=UserHandle{0} id=-1626401220 tag=null key=0|com.tencent.mm|-1626401220|null|10274: Notification(channel=message_channel_new_id shortcut=null contentView=null vibrate=null sound=null tick defaults=0x0 flags=0x11 color=0x00000000 category=msg vis=PRIVATE))], sameUserOnly = [true], callback = [com.android.server.notification.NotificationManagerService$NotificationAssistants$$ExternalSyntheticLambda5@97b3ca3]
09-18 16:11:39.174  1671  4447 V NotificationManagerService$NotificationAssistants: notifyAssistantLocked info=ManagedServiceInfo[component=ComponentInfo{com.google.android.as/com.google.android.apps.miphone.aiai.common.notification.service.AiAiNotificationAssistantService},userid=0,isSystem=false,targetSdkVersion=34,connection=<connection>,service=android.service.notification.INotificationListener$Stub$Proxy@3f4b2a8] snbVisible=true
09-18 16:11:39.176  1671  4447 V NotificationManagerService$NotificationAssistants: notifyAssistantLocked() called with: sbn = [StatusBarNotification(pkg=com.google.android.googlequicksearchbox user=UserHandle{0} id=0 tag=-776088250::a:snotification:[0x394,wx.f,NOTIFICATION] key=0|com.google.android.googlequicksearchbox|0|-776088250::a:snotification:[0x394,wx.f,NOTIFICATION]|10171: Notification(channel=71 shortcut=null contentView=null vibrate=null sound=null tick defaults=0x0 flags=0x8 color=0x00000000 groupKey=-776088250::SUMMARY::wx vis=PRIVATE))], sameUserOnly = [true], callback = [com.android.server.notification.NotificationManagerService$NotificationAssistants$$ExternalSyntheticLambda5@f04aba0]
09-18 16:11:39.176  1671  4447 V NotificationManagerService$NotificationAssistants: notifyAssistantLocked info=ManagedServiceInfo[component=ComponentInfo{com.google.android.as/com.google.android.apps.miphone.aiai.common.notification.service.AiAiNotificationAssistantService},userid=0,isSystem=false,targetSdkVersion=34,connection=<connection>,service=android.service.notification.INotificationListener$Stub$Proxy@3f4b2a8] snbVisible=true
